Component: ARM Compiler 5.06 update 5 (build 528) Tool: armlink [4d35e2]

==============================================================================

Section Cross References

    startup_stm32f103xb.o(RESET) refers to startup_stm32f103xb.o(STACK) for __initial_sp
    startup_stm32f103xb.o(RESET) refers to startup_stm32f103xb.o(.text) for Reset_Handler
    startup_stm32f103xb.o(RESET) refers to stm32f1xx_it.o(i.NMI_Handler) for NMI_Handler
    startup_stm32f103xb.o(RESET) refers to context_rvds.o(.text) for HardFault_Handler
    startup_stm32f103xb.o(RESET) refers to stm32f1xx_it.o(i.MemManage_Handler) for MemManage_Handler
    startup_stm32f103xb.o(RESET) refers to stm32f1xx_it.o(i.BusFault_Handler) for BusFault_Handler
    startup_stm32f103xb.o(RESET) refers to stm32f1xx_it.o(i.UsageFault_Handler) for UsageFault_Handler
    startup_stm32f103xb.o(RESET) refers to stm32f1xx_it.o(i.DebugMon_Handler) for DebugMon_Handler
    startup_stm32f103xb.o(RESET) refers to board.o(i.SysTick_Handler) for SysTick_Handler
    startup_stm32f103xb.o(RESET) refers to stm32f1xx_it.o(i.RTC_IRQHandler) for RTC_IRQHandler
    startup_stm32f103xb.o(RESET) refers to stm32f1xx_it.o(i.TIM1_UP_IRQHandler) for TIM1_UP_IRQHandler
    startup_stm32f103xb.o(RESET) refers to stm32f1xx_it.o(i.TIM2_IRQHandler) for TIM2_IRQHandler
    startup_stm32f103xb.o(RESET) refers to stm32f1xx_it.o(i.RTC_Alarm_IRQHandler) for RTC_Alarm_IRQHandler
    startup_stm32f103xb.o(.text) refers to system_stm32f1xx.o(i.SystemInit) for SystemInit
    startup_stm32f103xb.o(.text) refers to entry.o(.ARM.Collect$$$$00000000) for __main
    gui.o(i.GUI_ShowCHinese) refers to gui.o(i.GUI_ShowFont16) for GUI_ShowFont16
    gui.o(i.GUI_ShowChar) refers to oled.o(i.OLED_Set_Pixel) for OLED_Set_Pixel
    gui.o(i.GUI_ShowChar) refers to oled.o(i.OLED_Display) for OLED_Display
    gui.o(i.GUI_ShowChar) refers to gui.o(.constdata) for F8X16
    gui.o(i.GUI_ShowFont16) refers to oled.o(i.OLED_Set_Pixel) for OLED_Set_Pixel
    gui.o(i.GUI_ShowFont16) refers to oled.o(i.OLED_Display) for OLED_Display
    gui.o(i.GUI_ShowFont16) refers to gui.o(.constdata) for cfont16
    gui.o(i.GUI_ShowString) refers to gui.o(i.GUI_ShowChar) for GUI_ShowChar
    oled.o(i.OLED_Clear) refers to memseta.o(.text) for __aeabi_memset
    oled.o(i.OLED_Clear) refers to oled.o(i.OLED_Display) for OLED_Display
    oled.o(i.OLED_Clear) refers to oled.o(.bss) for OLED_buffer
    oled.o(i.OLED_Display) refers to oled.o(i.OLED_WR_Byte) for OLED_WR_Byte
    oled.o(i.OLED_Display) refers to oled.o(.bss) for OLED_buffer
    oled.o(i.OLED_Display_Off) refers to oled.o(i.OLED_WR_Byte) for OLED_WR_Byte
    oled.o(i.OLED_Display_On) refers to oled.o(i.OLED_WR_Byte) for OLED_WR_Byte
    oled.o(i.OLED_Init) refers to thread.o(i.rt_thread_mdelay) for rt_thread_mdelay
    oled.o(i.OLED_Init) refers to oled.o(i.OLED_Reset) for OLED_Reset
    oled.o(i.OLED_Init) refers to oled.o(i.OLED_WR_Byte) for OLED_WR_Byte
    oled.o(i.OLED_Reset) refers to stm32f1xx_hal_gpio.o(i.HAL_GPIO_WritePin) for HAL_GPIO_WritePin
    oled.o(i.OLED_Reset) refers to thread.o(i.rt_thread_mdelay) for rt_thread_mdelay
    oled.o(i.OLED_Set_Pixel) refers to oled.o(.bss) for OLED_buffer
    oled.o(i.OLED_Set_Pos) refers to oled.o(i.OLED_WR_Byte) for OLED_WR_Byte
    oled.o(i.OLED_WR_Byte) refers to stm32f1xx_hal_gpio.o(i.HAL_GPIO_WritePin) for HAL_GPIO_WritePin
    oled.o(i.OLED_WR_Byte) refers to stm32f1xx_hal_spi.o(i.HAL_SPI_Transmit) for HAL_SPI_Transmit
    oled.o(i.OLED_WR_Byte) refers to spi.o(.bss) for hspi2
    main.o(i.BPC_DECODE) refers to main.o(.data) for BPC_First_Check
    main.o(i.BPC_task_entry) refers to printf6.o(i.__0printf$6) for __2printf
    main.o(i.BPC_task_entry) refers to main.o(i.BPC_DECODE) for BPC_DECODE
    main.o(i.BPC_task_entry) refers to main.o(i.tenTo16) for tenTo16
    main.o(i.BPC_task_entry) refers to stm32f1xx_hal_rtc.o(i.HAL_RTC_SetTime) for HAL_RTC_SetTime
    main.o(i.BPC_task_entry) refers to main.o(i.Error_Handler) for Error_Handler
    main.o(i.BPC_task_entry) refers to stm32f1xx_hal_rtc.o(i.HAL_RTC_SetDate) for HAL_RTC_SetDate
    main.o(i.BPC_task_entry) refers to thread.o(i.rt_thread_mdelay) for rt_thread_mdelay
    main.o(i.BPC_task_entry) refers to main.o(.data) for flag1
    main.o(i.BPC_task_entry) refers to main.o(.bss) for Buff
    main.o(i.BPC_task_entry) refers to rtc.o(.bss) for hrtc
    main.o(i.HAL_RTC_AlarmAEventCallback) refers to printf6.o(i.__0printf$6) for __2printf
    main.o(i.HAL_RTC_AlarmAEventCallback) refers to stm32f1xx_hal_gpio.o(i.HAL_GPIO_WritePin) for HAL_GPIO_WritePin
    main.o(i.HAL_RTC_AlarmAEventCallback) refers to stm32f1xx_hal_rtc.o(i.HAL_RTC_SetAlarm_IT) for HAL_RTC_SetAlarm_IT
    main.o(i.HAL_RTC_AlarmAEventCallback) refers to main.o(.data) for light
    main.o(i.HAL_TIM_PeriodElapsedCallback) refers to stm32f1xx_hal_gpio.o(i.HAL_GPIO_ReadPin) for HAL_GPIO_ReadPin
    main.o(i.HAL_TIM_PeriodElapsedCallback) refers to printf6.o(i.__0printf$6) for __2printf
[...]
    __tagsym$$used                           0x08007c68   Number         0  cmd.o(FSymTab)
    __tagsym$$used                           0x08007c74   Number         0  cmd.o(FSymTab)
    __tagsym$$used                           0x08007c80   Number         0  cmd.o(FSymTab)
    __tagsym$$used                           0x08007c8c   Number         0  cmd.o(FSymTab)
    __tagsym$$used                           0x08007c98   Number         0  cmd.o(FSymTab)
    __tagsym$$used                           0x08007ca4   Number         0  cmd.o(FSymTab)
    __tagsym$$used                           0x08007cb0   Number         0  cmd.o(FSymTab)
    __tagsym$$used                           0x08007cbc   Number         0  cmd.o(FSymTab)
    __tagsym$$used                           0x08007cc8   Number         0  cmd.o(FSymTab)
    FSymTab                                  0x08007cd4   Section       36  msh.o(FSymTab)
    __tagsym$$used                           0x08007cd4   Number         0  msh.o(FSymTab)
    __tagsym$$used                           0x08007ce0   Number         0  msh.o(FSymTab)
    __tagsym$$used                           0x08007cec   Number         0  msh.o(FSymTab)
    .data                                    0x20000000   Section      116  main.o(.data)
    .data                                    0x20000074   Section        9  stm32f1xx_hal.o(.data)
    .data                                    0x20000080   Section        4  system_stm32f1xx.o(.data)
    .data                                    0x20000084   Section        4  clock.o(.data)
    rt_tick                                  0x20000084   Data           4  clock.o(.data)
    .data                                    0x20000088   Section        1  irq.o(.data)
    .data                                    0x2000008c   Section       24  mem.o(.data)
    heap_ptr                                 0x2000008c   Data           4  mem.o(.data)
    heap_end                                 0x20000090   Data           4  mem.o(.data)
    lfree                                    0x20000094   Data           4  mem.o(.data)
    mem_size_aligned                         0x20000098   Data           4  mem.o(.data)
    used_mem                                 0x2000009c   Data           4  mem.o(.data)
    max_mem                                  0x200000a0   Data           4  mem.o(.data)
    .data                                    0x200000a4   Section       48  object.o(.data)
    rt_object_container                      0x200000a4   Data          48  object.o(.data)
    .data                                    0x200000d4   Section       24  scheduler.o(.data)
    rt_scheduler_lock_nest                   0x200000d8   Data           2  scheduler.o(.data)
    .data                                    0x200000ec   Section       12  timer.o(.data)
    rt_timer_list                            0x200000ec   Data           8  timer.o(.data)
    random_nr                                0x200000f4   Data           4  timer.o(.data)
    .data                                    0x200000f8   Section       16  cpuport.o(.data)
    rt_exception_hook                        0x20000104   Data           4  cpuport.o(.data)
    .data                                    0x20000108   Section       24  shell.o(.data)
    finsh_prompt_custom                      0x2000011c   Data           4  shell.o(.data)
    .data                                    0x20000120   Section        4  stdout.o(.data)
    .bss                                     0x20000124   Section     1024  oled.o(.bss)
    OLED_buffer                              0x20000124   Data        1024  oled.o(.bss)
    .bss                                     0x20000524   Section     2396  main.o(.bss)
    .bss                                     0x20000e80   Section       20  rtc.o(.bss)
    .bss                                     0x20000e94   Section       88  spi.o(.bss)
    .bss                                     0x20000eec   Section       72  tim.o(.bss)
    .bss                                     0x20000f34   Section       72  usart.o(.bss)
    .bss                                     0x20000f7c   Section       72  stm32f1xx_hal_timebase_tim.o(.bss)
    .bss                                     0x20000fc8   Section     1056  stmflash.o(.bss)
    .bss                                     0x200013e8   Section       32  stm32f1xx_hal_flash.o(.bss)
    .bss                                     0x20001408   Section      376  idle.o(.bss)
    idle                                     0x20001408   Data         120  idle.o(.bss)
    rt_thread_stack                          0x20001480   Data         256  idle.o(.bss)
    .bss                                     0x20001580   Section      128  kservice.o(.bss)
    rt_log_buf                               0x20001580   Data         128  kservice.o(.bss)
    .bss                                     0x20001600   Section       32  mem.o(.bss)
    heap_sem                                 0x20001600   Data          32  mem.o(.bss)
    .bss                                     0x20001620   Section      256  scheduler.o(.bss)
    .bss                                     0x20001720   Section    15432  board.o(.bss)
    rt_heap                                  0x20001720   Data       15360  board.o(.bss)
    UartHandle                               0x20005320   Data          72  board.o(.bss)
    .bss                                     0x20005368   Section      129  shell.o(.bss)
    finsh_prompt                             0x20005368   Data         129  shell.o(.bss)
    STACK                                    0x200053f0   Section     1024  startup_stm32f103xb.o(STACK)

    Global Symbols

    Symbol Name                              Value     Ov Type        Size  Object(Section)

    BuildAttributes$$THM_ISAv4$P$D$K$B$S$PE$A:L22UL41UL21$X:L11$S22US41US21$IEEE1$IW$USESV6$~STKCKD$USESV7$~SHL$OSPACE$ROPI$EBA8$MICROLIB$REQ8$PRES8$EABIv2 0x00000000   Number         0  anon$$obj.o ABSOLUTE
    __ARM_use_no_argv                        0x00000000   Number         0  main.o ABSOLUTE
    _printf_a                                0x00000000   Number         0  stubs.o ABSOLUTE
    _printf_c                                0x00000000   Number         0  stubs.o ABSOLUTE
    _printf_charcount                        0x00000000   Number         0  stubs.o ABSOLUTE
    _printf_d                                0x00000000   Number         0  stubs.o ABSOLUTE
    _printf_e                                0x00000000   Number         0  stubs.o ABSOLUTE
    _printf_f                                0x00000000   Number         0  stubs.o ABSOLUTE
    _printf_flags                            0x00000000   Number         0  stubs.o ABSOLUTE
    _printf_fp_dec                           0x00000000   Number         0  stubs.o ABSOLUTE
    _printf_fp_hex                           0x00000000   Number         0  stubs.o ABSOLUTE
    _printf_g                                0x00000000   Number         0  stubs.o ABSOLUTE
    _printf_i                                0x00000000   Number         0  stubs.o ABSOLUTE
    _printf_int_dec                          0x00000000   Number         0  stubs.o ABSOLUTE
    _printf_l                                0x00000000   Number         0  stubs.o ABSOLUTE
    _printf_lc                               0x00000000   Number         0  stubs.o ABSOLUTE
    _printf_ll                               0x00000000   Number         0  stubs.o ABSOLUTE
    _printf_lld                              0x00000000   Number         0  stubs.o ABSOLUTE
    _printf_lli                              0x00000000   Number         0  stubs.o ABSOLUTE
    _printf_llo                              0x00000000   Number         0  stubs.o ABSOLUTE
    _printf_llu                              0x00000000   Number         0  stubs.o ABSOLUTE
    _printf_llx                              0x00000000   Number         0  stubs.o ABSOLUTE
    _printf_longlong_dec                     0x00000000   Number         0  stubs.o ABSOLUTE
    _printf_longlong_hex                     0x00000000   Number         0  stubs.o ABSOLUTE
    _printf_longlong_oct                     0x00000000   Number         0  stubs.o ABSOLUTE
    _printf_ls                               0x00000000   Number         0  stubs.o ABSOLUTE
    _printf_mbtowc                           0x00000000   Number         0  stubs.o ABSOLUTE
    _printf_n                                0x00000000   Number         0  stubs.o ABSOLUTE
    _printf_o                                0x00000000   Number         0  stubs.o ABSOLUTE
    _printf_p                                0x00000000   Number         0  stubs.o ABSOLUTE
    _printf_percent                          0x00000000   Number         0  stubs.o ABSOLUTE
    _printf_pre_padding                      0x00000000   Number         0  stubs.o ABSOLUTE
    _printf_return_value                     0x00000000   Number         0  stubs.o ABSOLUTE
    _printf_s                                0x00000000   Number         0  stubs.o ABSOLUTE
    _printf_sizespec                         0x00000000   Number         0  stubs.o ABSOLUTE
    _printf_str                              0x00000000   Number         0  stubs.o ABSOLUTE
    _printf_truncate_signed                  0x00000000   Number         0  stubs.o ABSOLUTE
    _printf_truncate_unsigned                0x00000000   Number         0  stubs.o ABSOLUTE
    _printf_u                                0x00000000   Number         0  stubs.o ABSOLUTE
    _printf_wc                               0x00000000   Number         0  stubs.o ABSOLUTE
    _printf_wctomb                           0x00000000   Number         0  stubs.o ABSOLUTE
    _printf_widthprec                        0x00000000   Number         0  stubs.o ABSOLUTE
    _printf_x                                0x00000000   Number         0  stubs.o ABSOLUTE
    __cpp_initialize__aeabi_                  - Undefined Weak Reference
    __cxa_finalize                            - Undefined Weak Reference
    __decompress                              - Undefined Weak Reference
    _clock_init                               - Undefined Weak Reference
    _microlib_exit                            - Undefined Weak Reference
    __Vectors_Size                           0x000000ec   Number         0  startup_stm32f103xb.o ABSOLUTE
    __Vectors                                0x08000000   Data           4  startup_stm32f103xb.o(RESET)
    __Vectors_End                            0x080000ec   Data           0  startup_stm32f103xb.o(RESET)
    __main                                   0x080000ed   Thumb Code     0  entry.o(.ARM.Collect$$$$00000000)
    _main_stk                                0x080000ed   Thumb Code     0  entry2.o(.ARM.Collect$$$$00000001)
    _main_scatterload                        0x080000f1   Thumb Code     0  entry5.o(.ARM.Collect$$$$00000004)
    __main_after_scatterload                 0x080000f5   Thumb Code     0  entry5.o(.ARM.Collect$$$$00000004)
    _main_clock                              0x080000f5   Thumb Code     0  entry7b.o(.ARM.Collect$$$$00000008)
    _main_cpp_init                           0x080000f5   Thumb Code     0  entry8b.o(.ARM.Collect$$$$0000000A)
    _main_init                               0x080000f5   Thumb Code     0  entry9a.o(.ARM.Collect$$$$0000000B)
    __rt_final_cpp                           0x080000fd   Thumb Code     0  entry10a.o(.ARM.Collect$$$$0000000D)
    __rt_final_exit                          0x080000fd   Thumb Code     0  entry11a.o(.ARM.Collect$$$$0000000F)
    Reset_Handler                            0x08000101   Thumb Code     8  startup_stm32f103xb.o(.text)
    SVC_Handler                              0x08000113   Thumb Code     2  startup_stm32f103xb.o(.text)
    ADC1_2_IRQHandler                        0x0800011b   Thumb Code     0  startup_stm32f103xb.o(.text)
    CAN1_RX1_IRQHandler                      0x0800011b   Thumb Code     0  startup_stm32f103xb.o(.text)
    CAN1_SCE_IRQHandler                      0x0800011b   Thumb Code     0  startup_stm32f103xb.o(.text)
    DMA1_Channel1_IRQHandler                 0x0800011b   Thumb Code     0  startup_stm32f103xb.o(.text)
    DMA1_Channel2_IRQHandler                 0x0800011b   Thumb Code     0  startup_stm32f103xb.o(.text)
    DMA1_Channel3_IRQHandler                 0x0800011b   Thumb Code     0  startup_stm32f103xb.o(.text)
    DMA1_Channel4_IRQHandler                 0x0800011b   Thumb Code     0  startup_stm32f103xb.o(.text)
    DMA1_Channel5_IRQHandler                 0x0800011b   Thumb Code     0  startup_stm32f103xb.o(.text)
    DMA1_Channel6_IRQHandler                 0x0800011b   Thumb Code     0  startup_stm32f103xb.o(.text)
    DMA1_Channel7_IRQHandler                 0x0800011b   Thumb Code     0  startup_stm32f103xb.o(.text)
    EXTI0_IRQHandler                         0x0800011b   Thumb Code     0  startup_stm32f103xb.o(.text)
    EXTI15_10_IRQHandler                     0x0800011b   Thumb Code     0  startup_stm32f103xb.o(.text)
    EXTI1_IRQHandler                         0x0800011b   Thumb Code     0  startup_stm32f103xb.o(.text)
    EXTI2_IRQHandler                         0x0800011b   Thumb Code     0  startup_stm32f103xb.o(.text)
    EXTI3_IRQHandler                         0x0800011b   Thumb Code     0  startup_stm32f103xb.o(.text)
    EXTI4_IRQHandler                         0x0800011b   Thumb Code     0  startup_stm32f103xb.o(.text)
    EXTI9_5_IRQHandler                       0x0800011b   Thumb Code     0  startup_stm32f103xb.o(.text)
    FLASH_IRQHandler                         0x0800011b   Thumb Code     0  startup_stm32f103xb.o(.text)
    I2C1_ER_IRQHandler                       0x0800011b   Thumb Code     0  startup_stm32f103xb.o(.text)
    I2C1_EV_IRQHandler                       0x0800011b   Thumb Code     0  startup_stm32f103xb.o(.text)
    I2C2_ER_IRQHandler                       0x0800011b   Thumb Code     0  startup_stm32f103xb.o(.text)
    I2C2_EV_IRQHandler                       0x0800011b   Thumb Code     0  startup_stm32f103xb.o(.text)
    PVD_IRQHandler                           0x0800011b   Thumb Code     0  startup_stm32f103xb.o(.text)
    RCC_IRQHandler                           0x0800011b   Thumb Code     0  startup_stm32f103xb.o(.text)
    SPI1_IRQHandler                          0x0800011b   Thumb Code     0  startup_stm32f103xb.o(.text)
    SPI2_IRQHandler                          0x0800011b   Thumb Code     0  startup_stm32f103xb.o(.text)
    TAMPER_IRQHandler                        0x0800011b   Thumb Code     0  startup_stm32f103xb.o(.text)
    TIM1_BRK_IRQHandler                      0x0800011b   Thumb Code     0  startup_stm32f103xb.o(.text)
    TIM1_CC_IRQHandler                       0x0800011b   Thumb Code     0  startup_stm32f103xb.o(.text)
    TIM1_TRG_COM_IRQHandler                  0x0800011b   Thumb Code     0  startup_stm32f103xb.o(.text)
    TIM3_IRQHandler                          0x0800011b   Thumb Code     0  startup_stm32f103xb.o(.text)
    TIM4_IRQHandler                          0x0800011b   Thumb Code     0  startup_stm32f103xb.o(.text)
    USART1_IRQHandler                        0x0800011b   Thumb Code     0  startup_stm32f103xb.o(.text)
    USART2_IRQHandler                        0x0800011b   Thumb Code     0  startup_stm32f103xb.o(.text)
    USART3_IRQHandler                        0x0800011b   Thumb Code     0  startup_stm32f103xb.o(.text)
    USBWakeUp_IRQHandler                     0x0800011b   Thumb Code     0  startup_stm32f103xb.o(.text)
    USB_HP_CAN1_TX_IRQHandler                0x0800011b   Thumb Code     0  startup_stm32f103xb.o(.text)
    USB_LP_CAN1_RX0_IRQHandler               0x0800011b   Thumb Code     0  startup_stm32f103xb.o(.text)
    WWDG_IRQHandler                          0x0800011b   Thumb Code     0  startup_stm32f103xb.o(.text)
    rt_hw_interrupt_disable                  0x08000125   Thumb Code     8  context_rvds.o(.text)
    rt_hw_interrupt_enable                   0x0800012d   Thumb Code     6  context_rvds.o(.text)
    rt_hw_context_switch                     0x08000133   Thumb Code    32  context_rvds.o(.text)
    rt_hw_context_switch_interrupt           0x08000133   Thumb Code     0  context_rvds.o(.text)
    PendSV_Handler                           0x08000153   Thumb Code    60  context_rvds.o(.text)
    rt_hw_context_switch_to                  0x0800018f   Thumb Code    56  context_rvds.o(.text)
    rt_hw_interrupt_thread_switch            0x080001c7   Thumb Code     2  context_rvds.o(.text)
    HardFault_Handler                        0x080001c9   Thumb Code    52  context_rvds.o(.text)
    __aeabi_llsr                             0x08000219   Thumb Code    32  llushr.o(.text)
    _ll_ushift_r                             0x08000219   Thumb Code     0  llushr.o(.text)
    __aeabi_memcpy                           0x08000239   Thumb Code    36  memcpya.o(.text)
    __aeabi_memcpy4                          0x08000239   Thumb Code     0  memcpya.o(.text)
    __aeabi_memcpy8                          0x08000239   Thumb Code     0  memcpya.o(.text)
    __aeabi_memset                           0x0800025d   Thumb Code    14  memseta.o(.text)
    __aeabi_memset4                          0x0800025d   Thumb Code     0  memseta.o(.text)
    __aeabi_memset8                          0x0800025d   Thumb Code     0  memseta.o(.text)
    __aeabi_memclr                           0x0800026b   Thumb Code     4  memseta.o(.text)
    __aeabi_memclr4                          0x0800026b   Thumb Code     0  memseta.o(.text)
    __aeabi_memclr8                          0x0800026b   Thumb Code     0  memseta.o(.text)
    _memset$wrapper                          0x0800026f   Thumb Code    18  memseta.o(.text)
    strcat                                   0x08000281   Thumb Code    24  strcat.o(.text)
    strncpy                                  0x08000299   Thumb Code    24  strncpy.o(.text)
    strlen                                   0x080002b1   Thumb Code    14  strlen.o(.text)
    strcpy                                   0x080002bf   Thumb Code    18  strcpy.o(.text)
    strncmp                                  0x080002d1   Thumb Code    30  strncmp.o(.text)
    __aeabi_uidiv                            0x080002ef   Thumb Code     0  uidiv.o(.text)
    __aeabi_uidivmod                         0x080002ef   Thumb Code    44  uidiv.o(.text)
    __scatterload                            0x0800031d   Thumb Code    28  init.o(.text)
    __scatterload_rt2                        0x0800031d   Thumb Code     0  init.o(.text)
    main                                     0x08000341   Thumb Code    10  components.o(i.$Sub$$main)
    BPC_DECODE                               0x0800034d   Thumb Code   446  main.o(i.BPC_DECODE)
    BPC_task_entry                           0x08000515   Thumb Code   492  main.o(i.BPC_task_entry)
    BusFault_Handler                         0x08000779   Thumb Code     4  stm32f1xx_it.o(i.BusFault_Handler)
    DebugMon_Handler                         0x0800077d   Thumb Code     2  stm32f1xx_it.o(i.DebugMon_Handler)
    Error_Handler                            0x0800077f   Thumb Code     6  main.o(i.Error_Handler)
    FLASH_WaitForLastOperation               0x08000829   Thumb Code   106  stm32f1xx_hal_flash.o(i.FLASH_WaitForLastOperation)
    Flash_PageErase                          0x08000899   Thumb Code    32  stmflash.o(i.Flash_PageErase)
    GUI_ShowCHinese                          0x080008c1   Thumb Code    78  gui.o(i.GUI_ShowCHinese)
    GUI_ShowChar                             0x08000911   Thumb Code   158  gui.o(i.GUI_ShowChar)
    GUI_ShowFont16                           0x080009b5   Thumb Code   236  gui.o(i.GUI_ShowFont16)
    GUI_ShowString                           0x08000aa5   Thumb Code   110  gui.o(i.GUI_ShowString)
    HAL_FLASH_Lock                           0x08000b15   Thumb Code    16  stm32f1xx_hal_flash.o(i.HAL_FLASH_Lock)
    HAL_FLASH_Program                        0x08000b29   Thumb Code   168  stm32f1xx_hal_flash.o(i.HAL_FLASH_Program)
    HAL_FLASH_Unlock                         0x08000bd9   Thumb Code    36  stm32f1xx_hal_flash.o(i.HAL_FLASH_Unlock)
    HAL_GPIO_Init                            0x08000c09   Thumb Code   766  stm32f1xx_hal_gpio.o(i.HAL_GPIO_Init)
    HAL_GPIO_ReadPin                         0x08000f29   Thumb Code    16  stm32f1xx_hal_gpio.o(i.HAL_GPIO_ReadPin)
    HAL_GPIO_WritePin                        0x08000f39   Thumb Code    12  stm32f1xx_hal_gpio.o(i.HAL_GPIO_WritePin)
    HAL_GetTick                              0x08000f45   Thumb Code     6  stm32f1xx_hal.o(i.HAL_GetTick)
    HAL_Init                                 0x08000f51   Thumb Code    34  stm32f1xx_hal.o(i.HAL_Init)
    HAL_InitTick                             0x08000f79   Thumb Code   138  stm32f1xx_hal_timebase_tim.o(i.HAL_InitTick)
    HAL_MspInit                              0x08001019   Thumb Code    58  stm32f1xx_hal_msp.o(i.HAL_MspInit)
    HAL_NVIC_EnableIRQ                       0x08001059   Thumb Code    32  stm32f1xx_hal_cortex.o(i.HAL_NVIC_EnableIRQ)
    HAL_NVIC_SetPriority                     0x08001079   Thumb Code   124  stm32f1xx_hal_cortex.o(i.HAL_NVIC_SetPriority)
    HAL_NVIC_SetPriorityGrouping             0x080010f5   Thumb Code    32  stm32f1xx_hal_cortex.o(i.HAL_NVIC_SetPriorityGrouping)
    HAL_PWR_EnableBkUpAccess                 0x0800111d   Thumb Code     8  stm32f1xx_hal_pwr.o(i.HAL_PWR_EnableBkUpAccess)
    HAL_RCCEx_GetPeriphCLKFreq               0x08001129   Thumb Code   232  stm32f1xx_hal_rcc_ex.o(i.HAL_RCCEx_GetPeriphCLKFreq)
    HAL_RCCEx_PeriphCLKConfig                0x08001225   Thumb Code   290  stm32f1xx_hal_rcc_ex.o(i.HAL_RCCEx_PeriphCLKConfig)
    HAL_RCC_ClockConfig                      0x08001355   Thumb Code   376  stm32f1xx_hal_rcc.o(i.HAL_RCC_ClockConfig)
    HAL_RCC_GetClockConfig                   0x080014e1   Thumb Code    58  stm32f1xx_hal_rcc.o(i.HAL_RCC_GetClockConfig)
    HAL_RCC_GetHCLKFreq                      0x08001525   Thumb Code     6  stm32f1xx_hal_rcc.o(i.HAL_RCC_GetHCLKFreq)
    HAL_RCC_GetPCLK1Freq                     0x08001531   Thumb Code    22  stm32f1xx_hal_rcc.o(i.HAL_RCC_GetPCLK1Freq)
    HAL_RCC_GetPCLK2Freq                     0x08001551   Thumb Code    22  stm32f1xx_hal_rcc.o(i.HAL_RCC_GetPCLK2Freq)
    HAL_RCC_GetSysClockFreq                  0x08001571   Thumb Code    92  stm32f1xx_hal_rcc.o(i.HAL_RCC_GetSysClockFreq)
    HAL_RCC_OscConfig                        0x080015e1   Thumb Code  1114  stm32f1xx_hal_rcc.o(i.HAL_RCC_OscConfig)
    HAL_RTCEx_RTCEventCallback               0x08001a45   Thumb Code     2  stm32f1xx_hal_rtc_ex.o(i.HAL_RTCEx_RTCEventCallback)
    HAL_RTCEx_RTCEventErrorCallback          0x08001a47   Thumb Code     2  stm32f1xx_hal_rtc_ex.o(i.HAL_RTCEx_RTCEventErrorCallback)
    HAL_RTCEx_RTCIRQHandler                  0x08001a49   Thumb Code    78  stm32f1xx_hal_rtc_ex.o(i.HAL_RTCEx_RTCIRQHandler)
    HAL_RTC_AlarmAEventCallback              0x08001a99   Thumb Code   450  main.o(i.HAL_RTC_AlarmAEventCallback)
    HAL_RTC_AlarmIRQHandler                  0x08001ccd   Thumb Code    56  stm32f1xx_hal_rtc.o(i.HAL_RTC_AlarmIRQHandler)
    HAL_RTC_GetDate                          0x08001d09   Thumb Code    82  stm32f1xx_hal_rtc.o(i.HAL_RTC_GetDate)
    HAL_RTC_GetTime                          0x08001d5b   Thumb Code   260  stm32f1xx_hal_rtc.o(i.HAL_RTC_GetTime)
    HAL_RTC_Init                             0x08001e61   Thumb Code   188  stm32f1xx_hal_rtc.o(i.HAL_RTC_Init)
    HAL_RTC_MspInit                          0x08001f21   Thumb Code    84  rtc.o(i.HAL_RTC_MspInit)
    HAL_RTC_SetAlarm_IT                      0x08001f81   Thumb Code   260  stm32f1xx_hal_rtc.o(i.HAL_RTC_SetAlarm_IT)
    HAL_RTC_SetDate                          0x0800208d   Thumb Code   242  stm32f1xx_hal_rtc.o(i.HAL_RTC_SetDate)
    HAL_RTC_SetTime                          0x08002185   Thumb Code   214  stm32f1xx_hal_rtc.o(i.HAL_RTC_SetTime)
    HAL_RTC_WaitForSynchro                   0x08002261   Thumb Code    64  stm32f1xx_hal_rtc.o(i.HAL_RTC_WaitForSynchro)
    HAL_SPI_Init                             0x080022a1   Thumb Code   190  stm32f1xx_hal_spi.o(i.HAL_SPI_Init)
    HAL_SPI_MspInit                          0x08002361   Thumb Code   124  spi.o(i.HAL_SPI_MspInit)
    HAL_SPI_Transmit                         0x080023e9   Thumb Code   444  stm32f1xx_hal_spi.o(i.HAL_SPI_Transmit)
    HAL_SYSTICK_Config                       0x080025a5   Thumb Code    52  stm32f1xx_hal_cortex.o(i.HAL_SYSTICK_Config)
    HAL_TIMEx_BreakCallback                  0x080025d9   Thumb Code     2  stm32f1xx_hal_tim_ex.o(i.HAL_TIMEx_BreakCallback)
    HAL_TIMEx_CommutCallback                 0x080025db   Thumb Code     2  stm32f1xx_hal_tim_ex.o(i.HAL_TIMEx_CommutCallback)
    HAL_TIMEx_MasterConfigSynchronization    0x080025dd   Thumb Code   118  stm32f1xx_hal_tim_ex.o(i.HAL_TIMEx_MasterConfigSynchronization)
    HAL_TIM_Base_Init                        0x08002661   Thumb Code   102  stm32f1xx_hal_tim.o(i.HAL_TIM_Base_Init)
    HAL_TIM_Base_MspInit                     0x080026c9   Thumb Code    58  tim.o(i.HAL_TIM_Base_MspInit)
    HAL_TIM_Base_Start_IT                    0x08002709   Thumb Code   106  stm32f1xx_hal_tim.o(i.HAL_TIM_Base_Start_IT)
    HAL_TIM_ConfigClockSource                0x08002781   Thumb Code   268  stm32f1xx_hal_tim.o(i.HAL_TIM_ConfigClockSource)
    HAL_TIM_IC_CaptureCallback               0x0800288d   Thumb Code     2  stm32f1xx_hal_tim.o(i.HAL_TIM_IC_CaptureCallback)
    HAL_TIM_IRQHandler                       0x0800288f   Thumb Code   406  stm32f1xx_hal_tim.o(i.HAL_TIM_IRQHandler)
    HAL_TIM_OC_DelayElapsedCallback          0x08002a25   Thumb Code     2  stm32f1xx_hal_tim.o(i.HAL_TIM_OC_DelayElapsedCallback)
    HAL_TIM_PWM_PulseFinishedCallback        0x08002a27   Thumb Code     2  stm32f1xx_hal_tim.o(i.HAL_TIM_PWM_PulseFinishedCallback)
    HAL_TIM_PeriodElapsedCallback            0x08002a29   Thumb Code   314  main.o(i.HAL_TIM_PeriodElapsedCallback)
    HAL_TIM_TriggerCallback                  0x08002bad   Thumb Code     2  stm32f1xx_hal_tim.o(i.HAL_TIM_TriggerCallback)
    HAL_UART_Init                            0x08002baf   Thumb Code   118  stm32f1xx_hal_uart.o(i.HAL_UART_Init)
    HAL_UART_MspInit                         0x08002c25   Thumb Code   122  usart.o(i.HAL_UART_MspInit)
    HAL_UART_Transmit                        0x08002cad   Thumb Code   178  stm32f1xx_hal_uart.o(i.HAL_UART_Transmit)
    MX_GPIO_Init                             0x08002d61   Thumb Code   244  gpio.o(i.MX_GPIO_Init)
    MX_RTC_Init                              0x08002e61   Thumb Code   114  rtc.o(i.MX_RTC_Init)
    MX_RT_Thread_Init                        0x08002edd   Thumb Code    74  main.o(i.MX_RT_Thread_Init)
    MX_SPI2_Init                             0x08002f55   Thumb Code    58  spi.o(i.MX_SPI2_Init)
    MX_TIM2_Init                             0x08002f99   Thumb Code   102  tim.o(i.MX_TIM2_Init)
    MX_USART1_UART_Init                      0x08003005   Thumb Code    46  usart.o(i.MX_USART1_UART_Init)
    MemManage_Handler                        0x0800303d   Thumb Code     4  stm32f1xx_it.o(i.MemManage_Handler)
    NMI_Handler                              0x08003041   Thumb Code     4  stm32f1xx_it.o(i.NMI_Handler)
    OLED_Clear                               0x08003045   Thumb Code    36  oled.o(i.OLED_Clear)
    OLED_Display                             0x0800306d   Thumb Code    70  oled.o(i.OLED_Display)
    OLED_Init                                0x080030b9   Thumb Code   214  oled.o(i.OLED_Init)
    OLED_Reset                               0x08003191   Thumb Code    48  oled.o(i.OLED_Reset)
    OLED_Set_Pixel                           0x080031c5   Thumb Code   122  oled.o(i.OLED_Set_Pixel)
    OLED_WR_Byte                             0x08003245   Thumb Code    66  oled.o(i.OLED_WR_Byte)
    RTC_Alarm_IRQHandler                     0x080032b9   Thumb Code    10  stm32f1xx_it.o(i.RTC_Alarm_IRQHandler)
    RTC_IRQHandler                           0x08003425   Thumb Code    10  stm32f1xx_it.o(i.RTC_IRQHandler)
    STMFLASH_Read                            0x08003695   Thumb Code    34  stmflash.o(i.STMFLASH_Read)
    STMFLASH_ReadHalfWord                    0x080036b7   Thumb Code     6  stmflash.o(i.STMFLASH_ReadHalfWord)
    STMFLASH_Write                           0x080036bd   Thumb Code   252  stmflash.o(i.STMFLASH_Write)
    STMFLASH_Write_NoCheck                   0x080037c5   Thumb Code    44  stmflash.o(i.STMFLASH_Write_NoCheck)
    SetSchedule                              0x080037f1   Thumb Code    26  main.o(i.SetSchedule)
    ShowRTC_task_entry                       0x08003825   Thumb Code   268  main.o(i.ShowRTC_task_entry)
    SysTick_Handler                          0x08003975   Thumb Code    16  board.o(i.SysTick_Handler)
    SystemClock_Config                       0x08003985   Thumb Code   136  main.o(i.SystemClock_Config)
    SystemCoreClockUpdate                    0x08003a0d   Thumb Code   142  system_stm32f1xx.o(i.SystemCoreClockUpdate)
    SystemInit                               0x08003ab1   Thumb Code     2  system_stm32f1xx.o(i.SystemInit)
    TIM1_UP_IRQHandler                       0x08003ab5   Thumb Code    10  stm32f1xx_it.o(i.TIM1_UP_IRQHandler)
    TIM2_IRQHandler                          0x08003ac5   Thumb Code    10  stm32f1xx_it.o(i.TIM2_IRQHandler)
    TIM_Base_SetConfig                       0x08003ad5   Thumb Code   104  stm32f1xx_hal_tim.o(i.TIM_Base_SetConfig)
    TIM_ETR_SetConfig                        0x08003b49   Thumb Code    22  stm32f1xx_hal_tim.o(i.TIM_ETR_SetConfig)
    UsageFault_Handler                       0x08003d4f   Thumb Code     4  stm32f1xx_it.o(i.UsageFault_Handler)
    __0printf$6                              0x08003d55   Thumb Code    22  printf6.o(i.__0printf$6)
    __1printf$6                              0x08003d55   Thumb Code     0  printf6.o(i.__0printf$6)
    __2printf                                0x08003d55   Thumb Code     0  printf6.o(i.__0printf$6)
    __0sprintf$6                             0x08003d75   Thumb Code    34  printf6.o(i.__0sprintf$6)
    __1sprintf$6                             0x08003d75   Thumb Code     0  printf6.o(i.__0sprintf$6)
    __2sprintf                               0x08003d75   Thumb Code     0  printf6.o(i.__0sprintf$6)
    __rt_ffs                                 0x08003dd5   Thumb Code    70  kservice.o(i.__rt_ffs)
    __scatterload_copy                       0x08003e21   Thumb Code    14  handlers.o(i.__scatterload_copy)
    __scatterload_null                       0x08003e2f   Thumb Code     2  handlers.o(i.__scatterload_null)
    __scatterload_zeroinit                   0x08003e31   Thumb Code    14  handlers.o(i.__scatterload_zeroinit)
    cmd_free                                 0x080043f1   Thumb Code    14  msh.o(i.cmd_free)
    cmd_ps                                   0x080043ff   Thumb Code    14  msh.o(i.cmd_ps)
    finsh_get_prompt                         0x0800440d   Thumb Code    84  shell.o(i.finsh_get_prompt)
    finsh_set_prompt_mode                    0x08004489   Thumb Code    22  shell.o(i.finsh_set_prompt_mode)
    finsh_system_function_init               0x080044a5   Thumb Code    10  shell.o(i.finsh_system_function_init)
    finsh_system_init                        0x080044b9   Thumb Code    98  shell.o(i.finsh_system_init)
    finsh_thread_entry                       0x08004555   Thumb Code   936  shell.o(i.finsh_thread_entry)
    fputc                                    0x0800491d   Thumb Code    22  main.o(i.fputc)
    hello                                    0x080049b9   Thumb Code    12  cmd.o(i.hello)
    list                                     0x080049d9   Thumb Code    54  cmd.o(i.list)
    list_mem                                 0x08004af5   Thumb Code    34  mem.o(i.list_mem)
    list_sem                                 0x08004b6d   Thumb Code   224  cmd.o(i.list_sem)
    list_thread                              0x08004cad   Thumb Code   294  cmd.o(i.list_thread)
    list_timer                               0x08004e91   Thumb Code   190  cmd.o(i.list_timer)
    $Super$$main                             0x08004ff1   Thumb Code   284  main.o(i.main)
    main_thread_entry                        0x08005135   Thumb Code    14  components.o(i.main_thread_entry)
    msh_auto_complete                        0x0800522d   Thumb Code   138  msh.o(i.msh_auto_complete)
    msh_exec                                 0x080052cd   Thumb Code    84  msh.o(i.msh_exec)
    msh_help                                 0x08005395   Thumb Code    66  msh.o(i.msh_help)
    msh_is_used                              0x08005415   Thumb Code     4  msh.o(i.msh_is_used)
    rt_application_init                      0x08005735   Thumb Code    34  components.o(i.rt_application_init)
    rt_calloc                                0x08005765   Thumb Code    34  mem.o(i.rt_calloc)
    rt_components_board_init                 0x08005789   Thumb Code    20  components.o(i.rt_components_board_init)
    rt_components_init                       0x080057a5   Thumb Code    20  components.o(i.rt_components_init)
    rt_enter_critical                        0x080057c1   Thumb Code    28  scheduler.o(i.rt_enter_critical)
    rt_exit_critical                         0x080057e1   Thumb Code    60  scheduler.o(i.rt_exit_critical)
    rt_free                                  0x08005825   Thumb Code   128  mem.o(i.rt_free)
    rt_heap_begin_get                        0x08005905   Thumb Code     4  board.o(i.rt_heap_begin_get)
    rt_heap_end_get                          0x0800590d   Thumb Code     4  board.o(i.rt_heap_end_get)
    rt_hw_board_init                         0x08005915   Thumb Code    56  board.o(i.rt_hw_board_init)
    rt_hw_console_getchar                    0x0800594d   Thumb Code    38  board.o(i.rt_hw_console_getchar)
    rt_hw_console_output                     0x08005979   Thumb Code    74  board.o(i.rt_hw_console_output)
    rt_hw_hard_fault_exception               0x080059c9   Thumb Code   198  cpuport.o(i.rt_hw_hard_fault_exception)
    rt_hw_stack_init                         0x08005bd1   Thumb Code    70  cpuport.o(i.rt_hw_stack_init)
    rt_interrupt_enter                       0x08005c1d   Thumb Code    26  irq.o(i.rt_interrupt_enter)
    rt_interrupt_leave                       0x08005c3d   Thumb Code    26  irq.o(i.rt_interrupt_leave)
    rt_kprintf                               0x08005cdd   Thumb Code    44  kservice.o(i.rt_kprintf)
    rt_malloc                                0x08005dbd   Thumb Code   336  mem.o(i.rt_malloc)
    rt_memmove                               0x08005f29   Thumb Code    66  kservice.o(i.rt_memmove)
    rt_memset                                0x08005f6b   Thumb Code    72  kservice.o(i.rt_memset)
    rt_object_allocate                       0x08005fb3   Thumb Code    84  object.o(i.rt_object_allocate)
    rt_object_delete                         0x08006007   Thumb Code    36  object.o(i.rt_object_delete)
    rt_object_detach                         0x0800602b   Thumb Code    30  object.o(i.rt_object_detach)
    rt_object_get_information                0x08006049   Thumb Code    36  object.o(i.rt_object_get_information)
    rt_object_init                           0x08006071   Thumb Code    86  object.o(i.rt_object_init)
    rt_object_is_systemobject                0x080060c7   Thumb Code    18  object.o(i.rt_object_is_systemobject)
    rt_schedule                              0x080060d9   Thumb Code   106  scheduler.o(i.rt_schedule)
    rt_schedule_insert_thread                0x0800615d   Thumb Code    72  scheduler.o(i.rt_schedule_insert_thread)
    rt_schedule_remove_thread                0x080061ad   Thumb Code    76  scheduler.o(i.rt_schedule_remove_thread)
    rt_sem_init                              0x08006201   Thumb Code    38  ipc.o(i.rt_sem_init)
    rt_sem_release                           0x08006227   Thumb Code    94  ipc.o(i.rt_sem_release)
    rt_sem_take                              0x08006285   Thumb Code   116  ipc.o(i.rt_sem_take)
    rt_show_version                          0x080062f9   Thumb Code    38  kservice.o(i.rt_show_version)
    rt_strlen                                0x080063a9   Thumb Code    18  kservice.o(i.rt_strlen)
    rt_strncpy                               0x080063bb   Thumb Code    52  kservice.o(i.rt_strncpy)
    rt_system_heap_init                      0x080063f1   Thumb Code   160  mem.o(i.rt_system_heap_init)
    rt_system_scheduler_init                 0x080064e9   Thumb Code    52  scheduler.o(i.rt_system_scheduler_init)
    rt_system_scheduler_start                0x08006535   Thumb Code    36  scheduler.o(i.rt_system_scheduler_start)
    rt_system_timer_init                     0x08006565   Thumb Code    24  timer.o(i.rt_system_timer_init)
    rt_system_timer_thread_init              0x08006581   Thumb Code     2  timer.o(i.rt_system_timer_thread_init)
    rt_thread_create                         0x08006583   Thumb Code    80  thread.o(i.rt_thread_create)
    rt_thread_delay                          0x080065d3   Thumb Code    12  thread.o(i.rt_thread_delay)
    rt_thread_exit                           0x080065e1   Thumb Code    78  thread.o(i.rt_thread_exit)
    rt_thread_idle_excute                    0x08006641   Thumb Code    92  idle.o(i.rt_thread_idle_excute)
    rt_thread_idle_init                      0x080066a1   Thumb Code    38  idle.o(i.rt_thread_idle_init)
    rt_thread_init                           0x080066dd   Thumb Code    52  thread.o(i.rt_thread_init)
    rt_thread_mdelay                         0x08006711   Thumb Code    20  thread.o(i.rt_thread_mdelay)
    rt_thread_resume                         0x08006725   Thumb Code    60  thread.o(i.rt_thread_resume)
    rt_thread_self                           0x08006761   Thumb Code     6  thread.o(i.rt_thread_self)
    rt_thread_sleep                          0x0800676d   Thumb Code    62  thread.o(i.rt_thread_sleep)
    rt_thread_startup                        0x080067b1   Thumb Code    44  thread.o(i.rt_thread_startup)
    rt_thread_suspend                        0x080067dd   Thumb Code    68  thread.o(i.rt_thread_suspend)
    rt_thread_timeout                        0x08006821   Thumb Code    32  thread.o(i.rt_thread_timeout)
    rt_thread_yield                          0x08006841   Thumb Code    92  thread.o(i.rt_thread_yield)
    rt_tick_from_millisecond                 0x080068a5   Thumb Code    56  clock.o(i.rt_tick_from_millisecond)
    rt_tick_get                              0x080068dd   Thumb Code     6  clock.o(i.rt_tick_get)
    rt_tick_increase                         0x080068e9   Thumb Code    42  clock.o(i.rt_tick_increase)
    rt_timer_check                           0x08006919   Thumb Code   160  timer.o(i.rt_timer_check)
    rt_timer_control                         0x080069bd   Thumb Code    98  timer.o(i.rt_timer_control)
    rt_timer_detach                          0x08006a1f   Thumb Code    40  timer.o(i.rt_timer_detach)
    rt_timer_init                            0x08006a47   Thumb Code    46  timer.o(i.rt_timer_init)
    rt_timer_start                           0x08006a75   Thumb Code   226  timer.o(i.rt_timer_start)
    rt_timer_stop                            0x08006b61   Thumb Code    48  timer.o(i.rt_timer_stop)
    rt_vsnprintf                             0x08006b91   Thumb Code   824  kservice.o(i.rt_vsnprintf)
    rtthread_startup                         0x08006ee1   Thumb Code    42  components.o(i.rtthread_startup)
    tenTo16                                  0x08006fbb   Thumb Code    36  main.o(i.tenTo16)
    version                                  0x08007101   Thumb Code    10  cmd.o(i.version)
    F8X16                                    0x0800710a   Data        1520  gui.o(.constdata)
    cfont16                                  0x080076fa   Data         408  gui.o(.constdata)
    TEXT_Buffer_1                            0x08007892   Data          13  main.o(.constdata)
    AHBPrescTable                            0x080078c3   Data          16  system_stm32f1xx.o(.constdata)
    APBPrescTable                            0x080078d3   Data           8  system_stm32f1xx.o(.constdata)
    __lowest_bit_bitmap                      0x080078db   Data         256  kservice.o(.constdata)
    __fsym_list_mem_name                     0x08007a44   Data           9  mem.o(.rodata.name)
    __fsym_list_mem_desc                     0x08007a4d   Data          30  mem.o(.rodata.name)
    __fsym_hello_name                        0x08007a6b   Data           6  cmd.o(.rodata.name)
    __fsym_hello_desc                        0x08007a71   Data          16  cmd.o(.rodata.name)
    __fsym_version_name                      0x08007a81   Data           8  cmd.o(.rodata.name)
    __fsym_version_desc                      0x08007a89   Data          35  cmd.o(.rodata.name)
    __fsym___cmd_version_name                0x08007aac   Data          14  cmd.o(.rodata.name)
    __fsym___cmd_version_desc                0x08007aba   Data          35  cmd.o(.rodata.name)
    __fsym_list_thread_name                  0x08007add   Data          12  cmd.o(.rodata.name)
    __fsym_list_thread_desc                  0x08007ae9   Data          12  cmd.o(.rodata.name)
    __fsym___cmd_list_thread_name            0x08007af5   Data          18  cmd.o(.rodata.name)
    __fsym___cmd_list_thread_desc            0x08007b07   Data          12  cmd.o(.rodata.name)
    __fsym_list_sem_name                     0x08007b13   Data           9  cmd.o(.rodata.name)
    __fsym_list_sem_desc                     0x08007b1c   Data          25  cmd.o(.rodata.name)
    __fsym___cmd_list_sem_name               0x08007b35   Data          15  cmd.o(.rodata.name)
    __fsym___cmd_list_sem_desc               0x08007b44   Data          25  cmd.o(.rodata.name)
    __fsym_list_timer_name                   0x08007b5d   Data          11  cmd.o(.rodata.name)
    __fsym_list_timer_desc                   0x08007b68   Data          21  cmd.o(.rodata.name)
    __fsym___cmd_list_timer_name             0x08007b7d   Data          17  cmd.o(.rodata.name)
    __fsym___cmd_list_timer_desc             0x08007b8e   Data          21  cmd.o(.rodata.name)
    __fsym_list_name                         0x08007ba3   Data           5  cmd.o(.rodata.name)
    __fsym_list_desc                         0x08007ba8   Data          26  cmd.o(.rodata.name)
    __fsym___cmd_help_name                   0x08007bc2   Data          11  msh.o(.rodata.name)
    __fsym___cmd_help_desc                   0x08007bcd   Data          22  msh.o(.rodata.name)
    __fsym___cmd_ps_name                     0x08007be3   Data           9  msh.o(.rodata.name)
    __fsym___cmd_ps_desc                     0x08007bec   Data          28  msh.o(.rodata.name)
    __fsym___cmd_free_name                   0x08007c08   Data          11  msh.o(.rodata.name)
    __fsym___cmd_free_desc                   0x08007c13   Data          37  msh.o(.rodata.name)
    __rt_init_rti_start                      0x08007c38   Data           4  components.o(.rti_fn.0)
    __rt_init_rti_board_start                0x08007c3c   Data           4  components.o(.rti_fn.0.end)
    __rt_init_uart_init                      0x08007c40   Data           4  board.o(.rti_fn.1)
    __rt_init_rti_board_end                  0x08007c44   Data           4  components.o(.rti_fn.1.end)
    __rt_init_finsh_system_init              0x08007c48   Data           4  shell.o(.rti_fn.6)
    __rt_init_rti_end                        0x08007c4c   Data           4  components.o(.rti_fn.6.end)
    FSymTab$$Base                            0x08007c50   Number         0  mem.o(FSymTab)
    __fsym_list_mem                          0x08007c50   Data          12  mem.o(FSymTab)
    __fsym_hello                             0x08007c5c   Data          12  cmd.o(FSymTab)
    __fsym_version                           0x08007c68   Data          12  cmd.o(FSymTab)
    __fsym___cmd_version                     0x08007c74   Data          12  cmd.o(FSymTab)
    __fsym_list_thread                       0x08007c80   Data          12  cmd.o(FSymTab)
    __fsym___cmd_list_thread                 0x08007c8c   Data          12  cmd.o(FSymTab)
    __fsym_list_sem                          0x08007c98   Data          12  cmd.o(FSymTab)
    __fsym___cmd_list_sem                    0x08007ca4   Data          12  cmd.o(FSymTab)
    __fsym_list_timer                        0x08007cb0   Data          12  cmd.o(FSymTab)
    __fsym___cmd_list_timer                  0x08007cbc   Data          12  cmd.o(FSymTab)
    __fsym_list                              0x08007cc8   Data          12  cmd.o(FSymTab)
    __fsym___cmd_help                        0x08007cd4   Data          12  msh.o(FSymTab)
    __fsym___cmd_ps                          0x08007ce0   Data          12  msh.o(FSymTab)
    __fsym___cmd_free                        0x08007cec   Data          12  msh.o(FSymTab)
    FSymTab$$Limit                           0x08007cf8   Number         0  msh.o(FSymTab)
    Region$$Table$$Base                      0x08007cf8   Number         0  anon$$obj.o(Region$$Table)
    Region$$Table$$Limit                     0x08007d18   Number         0  anon$$obj.o(Region$$Table)
    flag1                                    0x20000000   Data           4  main.o(.data)
    flag2                                    0x20000004   Data           4  main.o(.data)
    BPC_First_Check                          0x20000008   Data           4  main.o(.data)
    BPC_Second_Check                         0x2000000c   Data           4  main.o(.data)
    flag                                     0x20000010   Data           4  main.o(.data)
    p                                        0x20000014   Data           4  main.o(.data)
    x                                        0x20000018   Data           4  main.o(.data)
    y                                        0x2000001c   Data           4  main.o(.data)
    z                                        0x20000020   Data           4  main.o(.data)
    i                                        0x20000024   Data           4  main.o(.data)
    j                                        0x20000028   Data           4  main.o(.data)
    temp                                     0x2000002c   Data           4  main.o(.data)
    GetTime                                  0x20000030   Data           3  main.o(.data)
    GetDate                                  0x20000033   Data           4  main.o(.data)
    DATE_Year                                0x20000037   Data           5  main.o(.data)
    DATE_Month                               0x2000003c   Data           3  main.o(.data)
    DATE_Day                                 0x2000003f   Data           3  main.o(.data)
    DATE_Hour                                0x20000042   Data           3  main.o(.data)
    DATE_Minute                              0x20000045   Data           3  main.o(.data)
    DATE_Second                              0x20000048   Data           3  main.o(.data)
    DATE_Weekday                             0x2000004b   Data           3  main.o(.data)
    flashtime                                0x2000004e   Data           3  main.o(.data)
    redtime                                  0x20000051   Data           3  main.o(.data)
    greentime                                0x20000054   Data           3  main.o(.data)
    yellowtime                               0x20000057   Data           3  main.o(.data)
    alarm                                    0x2000005c   Data           8  main.o(.data)
    light                                    0x20000064   Data           4  main.o(.data)
    red                                      0x20000068   Data           4  main.o(.data)
    green                                    0x2000006c   Data           4  main.o(.data)
    yellow                                   0x20000070   Data           4  main.o(.data)
    uwTick                                   0x20000074   Data           4  stm32f1xx_hal.o(.data)
    uwTickPrio                               0x20000078   Data           4  stm32f1xx_hal.o(.data)
    uwTickFreq                               0x2000007c   Data           1  stm32f1xx_hal.o(.data)
    SystemCoreClock                          0x20000080   Data           4  system_stm32f1xx.o(.data)
    rt_interrupt_nest                        0x20000088   Data           1  irq.o(.data)
    rt_thread_ready_priority_group           0x200000d4   Data           4  scheduler.o(.data)
    rt_current_thread                        0x200000dc   Data           4  scheduler.o(.data)
    rt_current_priority                      0x200000e0   Data           1  scheduler.o(.data)
    rt_thread_defunct                        0x200000e4   Data           8  scheduler.o(.data)
    rt_interrupt_from_thread                 0x200000f8   Data           4  cpuport.o(.data)
    rt_interrupt_to_thread                   0x200000fc   Data           4  cpuport.o(.data)
    rt_thread_switch_interrupt_flag          0x20000100   Data           4  cpuport.o(.data)
    _syscall_table_begin                     0x20000108   Data           4  shell.o(.data)
    _syscall_table_end                       0x2000010c   Data           4  shell.o(.data)
    _sysvar_table_begin                      0x20000110   Data           4  shell.o(.data)
    _sysvar_table_end                        0x20000114   Data           4  shell.o(.data)
    shell                                    0x20000118   Data           4  shell.o(.data)
    __stdout                                 0x20000120   Data           4  stdout.o(.data)
    Buff                                     0x20000524   Data          76  main.o(.bss)
    DATA                                     0x20000570   Data          32  main.o(.bss)
    ShowRTC_thread                           0x20000590   Data         120  main.o(.bss)
    BPC_thread                               0x20000608   Data         120  main.o(.bss)
    rt_showrtc_thread_stack                  0x20000680   Data        1024  main.o(.bss)
    rt_bpc_thread_stack                      0x20000a80   Data        1024  main.o(.bss)
    hrtc                                     0x20000e80   Data          20  rtc.o(.bss)
    hspi2                                    0x20000e94   Data          88  spi.o(.bss)
    htim2                                    0x20000eec   Data          72  tim.o(.bss)
    huart1                                   0x20000f34   Data          72  usart.o(.bss)
    htim1                                    0x20000f7c   Data          72  stm32f1xx_hal_timebase_tim.o(.bss)
    p_Flash                                  0x20000fc8   Data          32  stmflash.o(.bss)
    STMFLASH_BUF                             0x20000fe8   Data        1024  stmflash.o(.bss)
    pFlash                                   0x200013e8   Data          32  stm32f1xx_hal_flash.o(.bss)
    rt_thread_priority_table                 0x20001620   Data         256  scheduler.o(.bss)
    __initial_sp                             0x200057f0   Data           0  startup_stm32f103xb.o(STACK)



==============================================================================

Memory Map of the image

  Image Entry point : 0x080000ed

  Load Region LR_IROM1 (Base: 0x08000000, Size: 0x00007e3c, Max: 0x00010000, ABSOLUTE)

    Execution Region ER_IROM1 (Exec base: 0x08000000, Load base: 0x08000000, Size: 0x00007d18, Max: 0x00010000, ABSOLUTE)

    Exec Addr    Load Addr    Size         Type   Attr      Idx    E Section Name        Object

    0x08000000   0x08000000   0x000000ec   Data   RO            3    RESET               startup_stm32f103xb.o
    0x080000ec   0x080000ec   0x00000000   Code   RO         5127  * .ARM.Collect$$$$00000000  mc_w.l(entry.o)
    0x080000ec   0x080000ec   0x00000004   Code   RO         5409    .ARM.Collect$$$$00000001  mc_w.l(entry2.o)
    0x080000f0   0x080000f0   0x00000004   Code   RO         5412    .ARM.Collect$$$$00000004  mc_w.l(entry5.o)
    0x080000f4   0x080000f4   0x00000000   Code   RO         5414    .ARM.Collect$$$$00000008  mc_w.l(entry7b.o)
    0x080000f4   0x080000f4   0x00000000   Code   RO         5416    .ARM.Collect$$$$0000000A  mc_w.l(entry8b.o)
    0x080000f4   0x080000f4   0x00000008   Code   RO         5417    .ARM.Collect$$$$0000000B  mc_w.l(entry9a.o)
    0x080000fc   0x080000fc   0x00000000   Code   RO         5419    .ARM.Collect$$$$0000000D  mc_w.l(entry10a.o)
    0x080000fc   0x080000fc   0x00000000   Code   RO         5421    .ARM.Collect$$$$0000000F  mc_w.l(entry11a.o)
    0x080000fc   0x080000fc   0x00000004   Code   RO         5410    .ARM.Collect$$$$00002712  mc_w.l(entry2.o)
    0x08000100   0x08000100   0x00000024   Code   RO            4    .text               startup_stm32f103xb.o
    0x08000124   0x08000124   0x000000f4   Code   RO         3818    .text               context_rvds.o
    0x08000218   0x08000218   0x00000020   Code   RO         5130    .text               mc_w.l(llushr.o)
    0x08000238   0x08000238   0x00000024   Code   RO         5132    .text               mc_w.l(memcpya.o)
    0x0800025c   0x0800025c   0x00000024   Code   RO         5134    .text               mc_w.l(memseta.o)
    0x08000280   0x08000280   0x00000018   Code   RO         5136    .text               mc_w.l(strcat.o)
    0x08000298   0x08000298   0x00000018   Code   RO         5138    .text               mc_w.l(strncpy.o)
    0x080002b0   0x080002b0   0x0000000e   Code   RO         5140    .text               mc_w.l(strlen.o)
    0x080002be   0x080002be   0x00000012   Code   RO         5142    .text               mc_w.l(strcpy.o)
    0x080002d0   0x080002d0   0x0000001e   Code   RO         5144    .text               mc_w.l(strncmp.o)
    0x080002ee   0x080002ee   0x0000002c   Code   RO         5424    .text               mc_w.l(uidiv.o)
    0x0800031a   0x0800031a   0x00000002   PAD
    0x0800031c   0x0800031c   0x00000024   Code   RO         5439    .text               mc_w.l(init.o)
    0x08000340   0x08000340   0x0000000a   Code   RO         3863    i.$Sub$$main        components.o
    0x0800034a   0x0800034a   0x00000002   PAD
    0x0800034c   0x0800034c   0x000001c8   Code   RO          276    i.BPC_DECODE        main.o
    0x08000514   0x08000514   0x00000264   Code   RO          277    i.BPC_task_entry    main.o
    0x08000778   0x08000778   0x00000004   Code   RO          594    i.BusFault_Handler  stm32f1xx_it.o
    0x0800077c   0x0800077c   0x00000002   Code   RO          595    i.DebugMon_Handler  stm32f1xx_it.o
    0x0800077e   0x0800077e   0x00000006   Code   RO          278    i.Error_Handler     main.o
    0x08000784   0x08000784   0x00000020   Code   RO         1824    i.FLASH_Program_HalfWord  stm32f1xx_hal_flash.o
    0x080007a4   0x080007a4   0x00000084   Code   RO         1825    i.FLASH_SetErrorCode  stm32f1xx_hal_flash.o
    0x08000828   0x08000828   0x00000070   Code   RO         1826    i.FLASH_WaitForLastOperation  stm32f1xx_hal_flash.o
    0x08000898   0x08000898   0x00000028   Code   RO          733    i.Flash_PageErase   stmflash.o
    0x080008c0   0x080008c0   0x0000004e   Code   RO           13    i.GUI_ShowCHinese   gui.o
    0x0800090e   0x0800090e   0x00000002   PAD
    0x08000910   0x08000910   0x000000a4   Code   RO           14    i.GUI_ShowChar      gui.o
    0x080009b4   0x080009b4   0x000000f0   Code   RO           15    i.GUI_ShowFont16    gui.o
    0x08000aa4   0x08000aa4   0x0000006e   Code   RO           16    i.GUI_ShowString    gui.o
    0x08000b12   0x08000b12   0x00000002   PAD
    0x08000b14   0x08000b14   0x00000014   Code   RO         1830    i.HAL_FLASH_Lock    stm32f1xx_hal_flash.o
    0x08000b28   0x08000b28   0x000000b0   Code   RO         1835    i.HAL_FLASH_Program  stm32f1xx_hal_flash.o
    0x08000bd8   0x08000bd8   0x00000030   Code   RO         1837    i.HAL_FLASH_Unlock  stm32f1xx_hal_flash.o
    0x08000c08   0x08000c08   0x00000320   Code   RO         1419    i.HAL_GPIO_Init     stm32f1xx_hal_gpio.o
    0x08000f28   0x08000f28   0x00000010   Code   RO         1421    i.HAL_GPIO_ReadPin  stm32f1xx_hal_gpio.o
    0x08000f38   0x08000f38   0x0000000c   Code   RO         1423    i.HAL_GPIO_WritePin  stm32f1xx_hal_gpio.o
    0x08000f44   0x08000f44   0x0000000c   Code   RO         1108    i.HAL_GetTick       stm32f1xx_hal.o
    0x08000f50   0x08000f50   0x00000028   Code   RO         1115    i.HAL_Init          stm32f1xx_hal.o
    0x08000f78   0x08000f78   0x000000a0   Code   RO          694    i.HAL_InitTick      stm32f1xx_hal_timebase_tim.o
    0x08001018   0x08001018   0x00000040   Code   RO          670    i.HAL_MspInit       stm32f1xx_hal_msp.o
    0x08001058   0x08001058   0x00000020   Code   RO         1579    i.HAL_NVIC_EnableIRQ  stm32f1xx_hal_cortex.o
    0x08001078   0x08001078   0x0000007c   Code   RO         1585    i.HAL_NVIC_SetPriority  stm32f1xx_hal_cortex.o
    0x080010f4   0x080010f4   0x00000028   Code   RO         1586    i.HAL_NVIC_SetPriorityGrouping  stm32f1xx_hal_cortex.o
    0x0800111c   0x0800111c   0x0000000c   Code   RO         1706    i.HAL_PWR_EnableBkUpAccess  stm32f1xx_hal_pwr.o
    0x08001128   0x08001128   0x000000fc   Code   RO         1380    i.HAL_RCCEx_GetPeriphCLKFreq  stm32f1xx_hal_rcc_ex.o
    0x08001224   0x08001224   0x00000130   Code   RO         1381    i.HAL_RCCEx_PeriphCLKConfig  stm32f1xx_hal_rcc_ex.o
    0x08001354   0x08001354   0x0000018c   Code   RO         1272    i.HAL_RCC_ClockConfig  stm32f1xx_hal_rcc.o
    0x080014e0   0x080014e0   0x00000044   Code   RO         1276    i.HAL_RCC_GetClockConfig  stm32f1xx_hal_rcc.o
    0x08001524   0x08001524   0x0000000c   Code   RO         1277    i.HAL_RCC_GetHCLKFreq  stm32f1xx_hal_rcc.o
    0x08001530   0x08001530   0x00000020   Code   RO         1279    i.HAL_RCC_GetPCLK1Freq  stm32f1xx_hal_rcc.o
    0x08001550   0x08001550   0x00000020   Code   RO         1280    i.HAL_RCC_GetPCLK2Freq  stm32f1xx_hal_rcc.o
    0x08001570   0x08001570   0x00000070   Code   RO         1281    i.HAL_RCC_GetSysClockFreq  stm32f1xx_hal_rcc.o
    0x080015e0   0x080015e0   0x00000464   Code   RO         1284    i.HAL_RCC_OscConfig  stm32f1xx_hal_rcc.o
    0x08001a44   0x08001a44   0x00000002   Code   RO         1000    i.HAL_RTCEx_RTCEventCallback  stm32f1xx_hal_rtc_ex.o
    0x08001a46   0x08001a46   0x00000002   Code   RO         1001    i.HAL_RTCEx_RTCEventErrorCallback  stm32f1xx_hal_rtc_ex.o
    0x08001a48   0x08001a48   0x0000004e   Code   RO         1002    i.HAL_RTCEx_RTCIRQHandler  stm32f1xx_hal_rtc_ex.o
    0x08001a96   0x08001a96   0x00000002   PAD
    0x08001a98   0x08001a98   0x00000234   Code   RO          279    i.HAL_RTC_AlarmAEventCallback  main.o
    0x08001ccc   0x08001ccc   0x0000003c   Code   RO          821    i.HAL_RTC_AlarmIRQHandler  stm32f1xx_hal_rtc.o
    0x08001d08   0x08001d08   0x00000052   Code   RO          825    i.HAL_RTC_GetDate   stm32f1xx_hal_rtc.o
    0x08001d5a   0x08001d5a   0x00000104   Code   RO          827    i.HAL_RTC_GetTime   stm32f1xx_hal_rtc.o
    0x08001e5e   0x08001e5e   0x00000002   PAD
    0x08001e60   0x08001e60   0x000000c0   Code   RO          828    i.HAL_RTC_Init      stm32f1xx_hal_rtc.o
    0x08001f20   0x08001f20   0x00000060   Code   RO          427    i.HAL_RTC_MspInit   rtc.o
    0x08001f80   0x08001f80   0x0000010c   Code   RO          833    i.HAL_RTC_SetAlarm_IT  stm32f1xx_hal_rtc.o
    0x0800208c   0x0800208c   0x000000f8   Code   RO          834    i.HAL_RTC_SetDate   stm32f1xx_hal_rtc.o
    0x08002184   0x08002184   0x000000dc   Code   RO          835    i.HAL_RTC_SetTime   stm32f1xx_hal_rtc.o
    0x08002260   0x08002260   0x00000040   Code   RO          836    i.HAL_RTC_WaitForSynchro  stm32f1xx_hal_rtc.o
    0x080022a0   0x080022a0   0x000000be   Code   RO         2116    i.HAL_SPI_Init      stm32f1xx_hal_spi.o
    0x0800235e   0x0800235e   0x00000002   PAD
    0x08002360   0x08002360   0x00000088   Code   RO          469    i.HAL_SPI_MspInit   spi.o
    0x080023e8   0x080023e8   0x000001bc   Code   RO         2124    i.HAL_SPI_Transmit  stm32f1xx_hal_spi.o
    0x080025a4   0x080025a4   0x00000034   Code   RO         1590    i.HAL_SYSTICK_Config  stm32f1xx_hal_cortex.o
    0x080025d8   0x080025d8   0x00000002   Code   RO         3144    i.HAL_TIMEx_BreakCallback  stm32f1xx_hal_tim_ex.o
    0x080025da   0x080025da   0x00000002   Code   RO         3145    i.HAL_TIMEx_CommutCallback  stm32f1xx_hal_tim_ex.o
    0x080025dc   0x080025dc   0x00000084   Code   RO         3163    i.HAL_TIMEx_MasterConfigSynchronization  stm32f1xx_hal_tim_ex.o
    0x08002660   0x08002660   0x00000066   Code   RO         2429    i.HAL_TIM_Base_Init  stm32f1xx_hal_tim.o
    0x080026c6   0x080026c6   0x00000002   PAD
    0x080026c8   0x080026c8   0x00000040   Code   RO          511    i.HAL_TIM_Base_MspInit  tim.o
    0x08002708   0x08002708   0x00000078   Code   RO         2434    i.HAL_TIM_Base_Start_IT  stm32f1xx_hal_tim.o
    0x08002780   0x08002780   0x0000010c   Code   RO         2438    i.HAL_TIM_ConfigClockSource  stm32f1xx_hal_tim.o
    0x0800288c   0x0800288c   0x00000002   Code   RO         2463    i.HAL_TIM_IC_CaptureCallback  stm32f1xx_hal_tim.o
    0x0800288e   0x0800288e   0x00000196   Code   RO         2477    i.HAL_TIM_IRQHandler  stm32f1xx_hal_tim.o
    0x08002a24   0x08002a24   0x00000002   Code   RO         2480    i.HAL_TIM_OC_DelayElapsedCallback  stm32f1xx_hal_tim.o
    0x08002a26   0x08002a26   0x00000002   Code   RO         2507    i.HAL_TIM_PWM_PulseFinishedCallback  stm32f1xx_hal_tim.o
    0x08002a28   0x08002a28   0x00000184   Code   RO          280    i.HAL_TIM_PeriodElapsedCallback  main.o
    0x08002bac   0x08002bac   0x00000002   Code   RO         2520    i.HAL_TIM_TriggerCallback  stm32f1xx_hal_tim.o
    0x08002bae   0x08002bae   0x00000076   Code   RO         3441    i.HAL_UART_Init     stm32f1xx_hal_uart.o
    0x08002c24   0x08002c24   0x00000088   Code   RO          553    i.HAL_UART_MspInit  usart.o
    0x08002cac   0x08002cac   0x000000b2   Code   RO         3449    i.HAL_UART_Transmit  stm32f1xx_hal_uart.o
    0x08002d5e   0x08002d5e   0x00000002   PAD
    0x08002d60   0x08002d60   0x00000100   Code   RO          402    i.MX_GPIO_Init      gpio.o
    0x08002e60   0x08002e60   0x0000007c   Code   RO          428    i.MX_RTC_Init       rtc.o
    0x08002edc   0x08002edc   0x00000078   Code   RO          281    i.MX_RT_Thread_Init  main.o
    0x08002f54   0x08002f54   0x00000044   Code   RO          470    i.MX_SPI2_Init      spi.o
    0x08002f98   0x08002f98   0x0000006c   Code   RO          512    i.MX_TIM2_Init      tim.o
    0x08003004   0x08003004   0x00000038   Code   RO          554    i.MX_USART1_UART_Init  usart.o
    0x0800303c   0x0800303c   0x00000004   Code   RO          596    i.MemManage_Handler  stm32f1xx_it.o
    0x08003040   0x08003040   0x00000004   Code   RO          597    i.NMI_Handler       stm32f1xx_it.o
    0x08003044   0x08003044   0x00000028   Code   RO          167    i.OLED_Clear        oled.o
    0x0800306c   0x0800306c   0x0000004c   Code   RO          168    i.OLED_Display      oled.o
    0x080030b8   0x080030b8   0x000000d6   Code   RO          171    i.OLED_Init         oled.o
    0x0800318e   0x0800318e   0x00000002   PAD
    0x08003190   0x08003190   0x00000034   Code   RO          172    i.OLED_Reset        oled.o
    0x080031c4   0x080031c4   0x00000080   Code   RO          173    i.OLED_Set_Pixel    oled.o
    0x08003244   0x08003244   0x0000004c   Code   RO          175    i.OLED_WR_Byte      oled.o
    0x08003290   0x08003290   0x00000028   Code   RO         1285    i.RCC_Delay         stm32f1xx_hal_rcc.o
    0x080032b8   0x080032b8   0x00000010   Code   RO          598    i.RTC_Alarm_IRQHandler  stm32f1xx_it.o
    0x080032c8   0x080032c8   0x00000016   Code   RO          837    i.RTC_Bcd2ToByte    stm32f1xx_hal_rtc.o
    0x080032de   0x080032de   0x0000001a   Code   RO          838    i.RTC_ByteToBcd2    stm32f1xx_hal_rtc.o
    0x080032f8   0x080032f8   0x000000b6   Code   RO          839    i.RTC_DateUpdate    stm32f1xx_hal_rtc.o
    0x080033ae   0x080033ae   0x0000003a   Code   RO          840    i.RTC_EnterInitMode  stm32f1xx_hal_rtc.o
    0x080033e8   0x080033e8   0x0000003a   Code   RO          841    i.RTC_ExitInitMode  stm32f1xx_hal_rtc.o
    0x08003422   0x08003422   0x00000002   PAD
    0x08003424   0x08003424   0x00000010   Code   RO          599    i.RTC_IRQHandler    stm32f1xx_it.o
    0x08003434   0x08003434   0x00000032   Code   RO          842    i.RTC_IsLeapYear    stm32f1xx_hal_rtc.o
    0x08003466   0x08003466   0x00000018   Code   RO          843    i.RTC_ReadAlarmCounter  stm32f1xx_hal_rtc.o
    0x0800347e   0x0800347e   0x00000034   Code   RO          844    i.RTC_ReadTimeCounter  stm32f1xx_hal_rtc.o
    0x080034b2   0x080034b2   0x00000084   Code   RO          845    i.RTC_WeekDayNum    stm32f1xx_hal_rtc.o
    0x08003536   0x08003536   0x0000002e   Code   RO          846    i.RTC_WriteAlarmCounter  stm32f1xx_hal_rtc.o
    0x08003564   0x08003564   0x0000002e   Code   RO          847    i.RTC_WriteTimeCounter  stm32f1xx_hal_rtc.o
    0x08003592   0x08003592   0x00000028   Code   RO         2154    i.SPI_EndRxTxTransaction  stm32f1xx_hal_spi.o
    0x080035ba   0x080035ba   0x00000002   PAD
    0x080035bc   0x080035bc   0x000000d8   Code   RO         2159    i.SPI_WaitFlagStateUntilTimeout  stm32f1xx_hal_spi.o
    0x08003694   0x08003694   0x00000022   Code   RO          734    i.STMFLASH_Read     stmflash.o
    0x080036b6   0x080036b6   0x00000006   Code   RO          735    i.STMFLASH_ReadHalfWord  stmflash.o
    0x080036bc   0x080036bc   0x00000108   Code   RO          736    i.STMFLASH_Write    stmflash.o
    0x080037c4   0x080037c4   0x0000002c   Code   RO          737    i.STMFLASH_Write_NoCheck  stmflash.o
    0x080037f0   0x080037f0   0x00000034   Code   RO          282    i.SetSchedule       main.o
    0x08003824   0x08003824   0x00000150   Code   RO          283    i.ShowRTC_task_entry  main.o
    0x08003974   0x08003974   0x00000010   Code   RO         4812    i.SysTick_Handler   board.o
    0x08003984   0x08003984   0x00000088   Code   RO          284    i.SystemClock_Config  main.o
    0x08003a0c   0x08003a0c   0x000000a4   Code   RO         3784    i.SystemCoreClockUpdate  system_stm32f1xx.o
    0x08003ab0   0x08003ab0   0x00000002   Code   RO         3785    i.SystemInit        system_stm32f1xx.o
    0x08003ab2   0x08003ab2   0x00000002   PAD
    0x08003ab4   0x08003ab4   0x00000010   Code   RO          600    i.TIM1_UP_IRQHandler  stm32f1xx_it.o
    0x08003ac4   0x08003ac4   0x00000010   Code   RO          601    i.TIM2_IRQHandler   stm32f1xx_it.o
    0x08003ad4   0x08003ad4   0x00000074   Code   RO         2522    i.TIM_Base_SetConfig  stm32f1xx_hal_tim.o
    0x08003b48   0x08003b48   0x00000016   Code   RO         2533    i.TIM_ETR_SetConfig  stm32f1xx_hal_tim.o
    0x08003b5e   0x08003b5e   0x00000012   Code   RO         2534    i.TIM_ITRx_SetConfig  stm32f1xx_hal_tim.o
    0x08003b70   0x08003b70   0x00000026   Code   RO         2540    i.TIM_TI1_ConfigInputStage  stm32f1xx_hal_tim.o
    0x08003b96   0x08003b96   0x00000028   Code   RO         2542    i.TIM_TI2_ConfigInputStage  stm32f1xx_hal_tim.o
    0x08003bbe   0x08003bbe   0x00000002   PAD
    0x08003bc0   0x08003bc0   0x000000fc   Code   RO         3468    i.UART_SetConfig    stm32f1xx_hal_uart.o
    0x08003cbc   0x08003cbc   0x00000092   Code   RO         3472    i.UART_WaitOnFlagUntilTimeout  stm32f1xx_hal_uart.o
    0x08003d4e   0x08003d4e   0x00000004   Code   RO          602    i.UsageFault_Handler  stm32f1xx_it.o
    0x08003d52   0x08003d52   0x00000002   PAD
    0x08003d54   0x08003d54   0x00000020   Code   RO         5303    i.__0printf$6       mc_w.l(printf6.o)
    0x08003d74   0x08003d74   0x00000028   Code   RO         5305    i.__0sprintf$6      mc_w.l(printf6.o)
    0x08003d9c   0x08003d9c   0x00000010   Code   RO         1592    i.__NVIC_GetPriorityGrouping  stm32f1xx_hal_cortex.o
    0x08003dac   0x08003dac   0x00000028   Code   RO         1593    i.__NVIC_SetPriority  stm32f1xx_hal_cortex.o
    0x08003dd4   0x08003dd4   0x0000004c   Code   RO         4081    i.__rt_ffs          kservice.o
    0x08003e20   0x08003e20   0x0000000e   Code   RO         5449    i.__scatterload_copy  mc_w.l(handlers.o)
    0x08003e2e   0x08003e2e   0x00000002   Code   RO         5450    i.__scatterload_null  mc_w.l(handlers.o)
    0x08003e30   0x08003e30   0x0000000e   Code   RO         5451    i.__scatterload_zeroinit  mc_w.l(handlers.o)
    0x08003e3e   0x08003e3e   0x0000006a   Code   RO         4957    i._msh_exec_cmd     msh.o
    0x08003ea8   0x08003ea8   0x000002f0   Code   RO         5310    i._printf_core      mc_w.l(printf6.o)
    0x08004198   0x08004198   0x00000024   Code   RO         5311    i._printf_post_padding  mc_w.l(printf6.o)
    0x080041bc   0x080041bc   0x0000002e   Code   RO         5312    i._printf_pre_padding  mc_w.l(printf6.o)
    0x080041ea   0x080041ea   0x00000002   PAD
    0x080041ec   0x080041ec   0x00000084   Code   RO         4506    i._rt_thread_init   thread.o
    0x08004270   0x08004270   0x00000042   Code   RO         4638    i._rt_timer_init    timer.o
    0x080042b2   0x080042b2   0x0000001c   Code   RO         4639    i._rt_timer_remove  timer.o
    0x080042ce   0x080042ce   0x0000000a   Code   RO         5314    i._sputc            mc_w.l(printf6.o)
    0x080042d8   0x080042d8   0x0000001c   Code   RO         4507    i._thread_cleanup_execute  thread.o
    0x080042f4   0x080042f4   0x000000fc   Code   RO         4750    i.bus_fault_track   cpuport.o
    0x080043f0   0x080043f0   0x0000000e   Code   RO         4958    i.cmd_free          msh.o
    0x080043fe   0x080043fe   0x0000000e   Code   RO         4959    i.cmd_ps            msh.o
    0x0800440c   0x0800440c   0x00000074   Code   RO         5030    i.finsh_get_prompt  shell.o
    0x08004480   0x08004480   0x00000008   Code   RO         5032    i.finsh_getchar     shell.o
    0x08004488   0x08004488   0x0000001c   Code   RO         5035    i.finsh_set_prompt_mode  shell.o
    0x080044a4   0x080044a4   0x00000014   Code   RO         5036    i.finsh_system_function_init  shell.o
    0x080044b8   0x080044b8   0x0000009c   Code   RO         5037    i.finsh_system_init  shell.o
    0x08004554   0x08004554   0x000003c8   Code   RO         5039    i.finsh_thread_entry  shell.o
    0x0800491c   0x0800491c   0x0000001c   Code   RO          286    i.fputc             main.o
    0x08004938   0x08004938   0x00000080   Code   RO         4751    i.hard_fault_track  cpuport.o
    0x080049b8   0x080049b8   0x00000020   Code   RO         4872    i.hello             cmd.o
    0x080049d8   0x080049d8   0x00000068   Code   RO         4873    i.list              cmd.o
    0x08004a40   0x08004a40   0x0000002a   Code   RO         4874    i.list_find_init    cmd.o
    0x08004a6a   0x08004a6a   0x00000088   Code   RO         4875    i.list_get_next     cmd.o
    0x08004af2   0x08004af2   0x00000002   PAD
    0x08004af4   0x08004af4   0x00000078   Code   RO         4258    i.list_mem          mem.o
    0x08004b6c   0x08004b6c   0x00000140   Code   RO         4876    i.list_sem          cmd.o
    0x08004cac   0x08004cac   0x000001e4   Code   RO         4877    i.list_thread       cmd.o
    0x08004e90   0x08004e90   0x00000160   Code   RO         4878    i.list_timer        cmd.o
    0x08004ff0   0x08004ff0   0x00000144   Code   RO          287    i.main              main.o
    0x08005134   0x08005134   0x0000000e   Code   RO         3864    i.main_thread_entry  components.o
    0x08005142   0x08005142   0x00000002   PAD
    0x08005144   0x08005144   0x000000e8   Code   RO         4752    i.mem_manage_fault_track  cpuport.o
    0x0800522c   0x0800522c   0x000000a0   Code   RO         4960    i.msh_auto_complete  msh.o
    0x080052cc   0x080052cc   0x0000006c   Code   RO         4961    i.msh_exec          msh.o
    0x08005338   0x08005338   0x0000005c   Code   RO         4962    i.msh_get_cmd       msh.o
    0x08005394   0x08005394   0x00000080   Code   RO         4963    i.msh_help          msh.o
    0x08005414   0x08005414   0x00000004   Code   RO         4964    i.msh_is_used       msh.o
    0x08005418   0x08005418   0x000000f0   Code   RO         4965    i.msh_split         msh.o
    0x08005508   0x08005508   0x0000001c   Code   RO         4879    i.object_split      cmd.o
    0x08005524   0x08005524   0x00000078   Code   RO         4259    i.plug_holes        mem.o
    0x0800559c   0x0800559c   0x00000198   Code   RO         4083    i.print_number      kservice.o
    0x08005734   0x08005734   0x00000030   Code   RO         3865    i.rt_application_init  components.o
    0x08005764   0x08005764   0x00000022   Code   RO         4260    i.rt_calloc         mem.o
    0x08005786   0x08005786   0x00000002   PAD
    0x08005788   0x08005788   0x0000001c   Code   RO         3866    i.rt_components_board_init  components.o
    0x080057a4   0x080057a4   0x0000001c   Code   RO         3867    i.rt_components_init  components.o
    0x080057c0   0x080057c0   0x00000020   Code   RO         4434    i.rt_enter_critical  scheduler.o
    0x080057e0   0x080057e0   0x00000044   Code   RO         4435    i.rt_exit_critical  scheduler.o
    0x08005824   0x08005824   0x000000e0   Code   RO         4261    i.rt_free           mem.o
    0x08005904   0x08005904   0x00000008   Code   RO         4813    i.rt_heap_begin_get  board.o
    0x0800590c   0x0800590c   0x00000008   Code   RO         4814    i.rt_heap_end_get   board.o
    0x08005914   0x08005914   0x00000038   Code   RO         4815    i.rt_hw_board_init  board.o
    0x0800594c   0x0800594c   0x0000002c   Code   RO         4816    i.rt_hw_console_getchar  board.o
    0x08005978   0x08005978   0x00000050   Code   RO         4817    i.rt_hw_console_output  board.o
    0x080059c8   0x080059c8   0x00000208   Code   RO         4756    i.rt_hw_hard_fault_exception  cpuport.o
    0x08005bd0   0x08005bd0   0x0000004c   Code   RO         4757    i.rt_hw_stack_init  cpuport.o
    0x08005c1c   0x08005c1c   0x00000020   Code   RO         4054    i.rt_interrupt_enter  irq.o
    0x08005c3c   0x08005c3c   0x00000020   Code   RO         4056    i.rt_interrupt_leave  irq.o
    0x08005c5c   0x08005c5c   0x0000006e   Code   RO         3973    i.rt_ipc_list_suspend  ipc.o
    0x08005cca   0x08005cca   0x00000010   Code   RO         3974    i.rt_ipc_object_init  ipc.o
    0x08005cda   0x08005cda   0x00000002   PAD
    0x08005cdc   0x08005cdc   0x00000030   Code   RO         4087    i.rt_kprintf        kservice.o
    0x08005d0c   0x08005d0c   0x00000006   Code   RO         4436    i.rt_list_init      scheduler.o
    0x08005d12   0x08005d12   0x00000006   Code   RO         4640    i.rt_list_init      timer.o
    0x08005d18   0x08005d18   0x0000000e   Code   RO         4346    i.rt_list_insert_after  object.o
    0x08005d26   0x08005d26   0x0000000e   Code   RO         4508    i.rt_list_insert_after  thread.o
    0x08005d34   0x08005d34   0x0000000e   Code   RO         4641    i.rt_list_insert_after  timer.o
    0x08005d42   0x08005d42   0x0000000e   Code   RO         3975    i.rt_list_insert_before  ipc.o
    0x08005d50   0x08005d50   0x00000010   Code   RO         3976    i.rt_list_isempty   ipc.o
    0x08005d60   0x08005d60   0x00000010   Code   RO         4642    i.rt_list_isempty   timer.o
    0x08005d70   0x08005d70   0x00000014   Code   RO         4880    i.rt_list_len       cmd.o
    0x08005d84   0x08005d84   0x00000012   Code   RO         4347    i.rt_list_remove    object.o
    0x08005d96   0x08005d96   0x00000012   Code   RO         4509    i.rt_list_remove    thread.o
    0x08005da8   0x08005da8   0x00000012   Code   RO         4643    i.rt_list_remove    timer.o
    0x08005dba   0x08005dba   0x00000002   PAD
    0x08005dbc   0x08005dbc   0x0000016c   Code   RO         4262    i.rt_malloc         mem.o
    0x08005f28   0x08005f28   0x00000042   Code   RO         4092    i.rt_memmove        kservice.o
    0x08005f6a   0x08005f6a   0x00000048   Code   RO         4093    i.rt_memset         kservice.o
    0x08005fb2   0x08005fb2   0x00000054   Code   RO         4348    i.rt_object_allocate  object.o
    0x08006006   0x08006006   0x00000024   Code   RO         4349    i.rt_object_delete  object.o
    0x0800602a   0x0800602a   0x0000001e   Code   RO         4350    i.rt_object_detach  object.o
    0x08006048   0x08006048   0x00000028   Code   RO         4352    i.rt_object_get_information  object.o
    0x08006070   0x08006070   0x00000056   Code   RO         4356    i.rt_object_init    object.o
    0x080060c6   0x080060c6   0x00000012   Code   RO         4357    i.rt_object_is_systemobject  object.o
    0x080060d8   0x080060d8   0x00000084   Code   RO         4437    i.rt_schedule       scheduler.o
    0x0800615c   0x0800615c   0x00000050   Code   RO         4438    i.rt_schedule_insert_thread  scheduler.o
    0x080061ac   0x080061ac   0x00000054   Code   RO         4439    i.rt_schedule_remove_thread  scheduler.o
    0x08006200   0x08006200   0x00000026   Code   RO         3981    i.rt_sem_init       ipc.o
    0x08006226   0x08006226   0x0000005e   Code   RO         3982    i.rt_sem_release    ipc.o
    0x08006284   0x08006284   0x00000074   Code   RO         3983    i.rt_sem_take       ipc.o
    0x080062f8   0x080062f8   0x000000b0   Code   RO         4095    i.rt_show_version   kservice.o
    0x080063a8   0x080063a8   0x00000012   Code   RO         4101    i.rt_strlen         kservice.o
    0x080063ba   0x080063ba   0x00000034   Code   RO         4103    i.rt_strncpy        kservice.o
    0x080063ee   0x080063ee   0x00000002   PAD
    0x080063f0   0x080063f0   0x000000f8   Code   RO         4265    i.rt_system_heap_init  mem.o
    0x080064e8   0x080064e8   0x0000004c   Code   RO         4440    i.rt_system_scheduler_init  scheduler.o
    0x08006534   0x08006534   0x00000030   Code   RO         4441    i.rt_system_scheduler_start  scheduler.o
    0x08006564   0x08006564   0x0000001c   Code   RO         4644    i.rt_system_timer_init  timer.o
    0x08006580   0x08006580   0x00000002   Code   RO         4645    i.rt_system_timer_thread_init  timer.o
    0x08006582   0x08006582   0x00000050   Code   RO         4511    i.rt_thread_create  thread.o
    0x080065d2   0x080065d2   0x0000000c   Code   RO         4512    i.rt_thread_delay   thread.o
    0x080065de   0x080065de   0x00000002   PAD
    0x080065e0   0x080065e0   0x00000058   Code   RO         4516    i.rt_thread_exit    thread.o
    0x08006638   0x08006638   0x00000008   Code   RO         3937    i.rt_thread_idle_entry  idle.o
    0x08006640   0x08006640   0x00000060   Code   RO         3938    i.rt_thread_idle_excute  idle.o
    0x080066a0   0x080066a0   0x0000003c   Code   RO         3940    i.rt_thread_idle_init  idle.o
    0x080066dc   0x080066dc   0x00000034   Code   RO         4518    i.rt_thread_init    thread.o
    0x08006710   0x08006710   0x00000014   Code   RO         4519    i.rt_thread_mdelay  thread.o
    0x08006724   0x08006724   0x0000003c   Code   RO         4520    i.rt_thread_resume  thread.o
    0x08006760   0x08006760   0x0000000c   Code   RO         4521    i.rt_thread_self    thread.o
    0x0800676c   0x0800676c   0x00000044   Code   RO         4522    i.rt_thread_sleep   thread.o
    0x080067b0   0x080067b0   0x0000002c   Code   RO         4523    i.rt_thread_startup  thread.o
    0x080067dc   0x080067dc   0x00000044   Code   RO         4524    i.rt_thread_suspend  thread.o
    0x08006820   0x08006820   0x00000020   Code   RO         4525    i.rt_thread_timeout  thread.o
    0x08006840   0x08006840   0x00000064   Code   RO         4526    i.rt_thread_yield   thread.o
    0x080068a4   0x080068a4   0x00000038   Code   RO         3823    i.rt_tick_from_millisecond  clock.o
    0x080068dc   0x080068dc   0x0000000c   Code   RO         3824    i.rt_tick_get       clock.o
    0x080068e8   0x080068e8   0x00000030   Code   RO         3825    i.rt_tick_increase  clock.o
    0x08006918   0x08006918   0x000000a4   Code   RO         4646    i.rt_timer_check    timer.o
    0x080069bc   0x080069bc   0x00000062   Code   RO         4647    i.rt_timer_control  timer.o
    0x08006a1e   0x08006a1e   0x00000028   Code   RO         4650    i.rt_timer_detach   timer.o
    0x08006a46   0x08006a46   0x0000002e   Code   RO         4651    i.rt_timer_init     timer.o
    0x08006a74   0x08006a74   0x000000ec   Code   RO         4654    i.rt_timer_start    timer.o
    0x08006b60   0x08006b60   0x00000030   Code   RO         4655    i.rt_timer_stop     timer.o
    0x08006b90   0x08006b90   0x00000340   Code   RO         4106    i.rt_vsnprintf      kservice.o
    0x08006ed0   0x08006ed0   0x00000004   Code   RO         3868    i.rti_board_end     components.o
    0x08006ed4   0x08006ed4   0x00000004   Code   RO         3869    i.rti_board_start   components.o
    0x08006ed8   0x08006ed8   0x00000004   Code   RO         3870    i.rti_end           components.o
    0x08006edc   0x08006edc   0x00000004   Code   RO         3871    i.rti_start         components.o
    0x08006ee0   0x08006ee0   0x0000002a   Code   RO         3872    i.rtthread_startup  components.o
    0x08006f0a   0x08006f0a   0x00000002   PAD
    0x08006f0c   0x08006f0c   0x00000038   Code   RO         5040    i.shell_auto_complete  shell.o
    0x08006f44   0x08006f44   0x00000030   Code   RO         4881    i.show_wait_queue   cmd.o
    0x08006f74   0x08006f74   0x00000026   Code   RO         4108    i.skip_atoi         kservice.o
    0x08006f9a   0x08006f9a   0x00000020   Code   RO         4966    i.str_common        msh.o
    0x08006fba   0x08006fba   0x00000024   Code   RO          289    i.tenTo16           main.o
    0x08006fde   0x08006fde   0x00000002   PAD
    0x08006fe0   0x08006fe0   0x00000038   Code   RO         4818    i.uart_init         board.o
    0x08007018   0x08007018   0x000000e8   Code   RO         4758    i.usage_fault_track  cpuport.o
    0x08007100   0x08007100   0x0000000a   Code   RO         4882    i.version           cmd.o
    0x0800710a   0x0800710a   0x00000788   Data   RO           17    .constdata          gui.o
    0x08007892   0x08007892   0x0000000d   Data   RO          291    .constdata          main.o
    0x0800789f   0x0800789f   0x00000012   Data   RO         1286    .constdata          stm32f1xx_hal_rcc.o
    0x080078b1   0x080078b1   0x00000012   Data   RO         1382    .constdata          stm32f1xx_hal_rcc_ex.o
    0x080078c3   0x080078c3   0x00000018   Data   RO         3786    .constdata          system_stm32f1xx.o
    0x080078db   0x080078db   0x00000122   Data   RO         4110    .constdata          kservice.o
    0x080079fd   0x080079fd   0x00000003   PAD
    0x08007a00   0x08007a00   0x00000044   Data   RO         4883    .conststring        cmd.o
    0x08007a44   0x08007a44   0x00000027   Data   RO         4268    .rodata.name        mem.o
    0x08007a6b   0x08007a6b   0x00000157   Data   RO         4884    .rodata.name        cmd.o
    0x08007bc2   0x08007bc2   0x00000076   Data   RO         4967    .rodata.name        msh.o
    0x08007c38   0x08007c38   0x00000004   Data   RO         3873    .rti_fn.0           components.o
    0x08007c3c   0x08007c3c   0x00000004   Data   RO         3874    .rti_fn.0.end       components.o
    0x08007c40   0x08007c40   0x00000004   Data   RO         4820    .rti_fn.1           board.o
    0x08007c44   0x08007c44   0x00000004   Data   RO         3875    .rti_fn.1.end       components.o
    0x08007c48   0x08007c48   0x00000004   Data   RO         5043    .rti_fn.6           shell.o
    0x08007c4c   0x08007c4c   0x00000004   Data   RO         3876    .rti_fn.6.end       components.o
    0x08007c50   0x08007c50   0x0000000c   Data   RO         4269    FSymTab             mem.o
    0x08007c5c   0x08007c5c   0x00000078   Data   RO         4885    FSymTab             cmd.o
    0x08007cd4   0x08007cd4   0x00000024   Data   RO         4968    FSymTab             msh.o
    0x08007cf8   0x08007cf8   0x00000020   Data   RO         5447    Region$$Table       anon$$obj.o


    Execution Region RW_IRAM1 (Exec base: 0x20000000, Load base: 0x08007d18, Size: 0x000057f0, Max: 0x00006000, ABSOLUTE)

    Exec Addr    Load Addr    Size         Type   Attr      Idx    E Section Name        Object

    0x20000000   0x08007d18   0x00000074   Data   RW          292    .data               main.o
    0x20000074   0x08007d8c   0x00000009   Data   RW         1122    .data               stm32f1xx_hal.o
    0x2000007d   0x08007d95   0x00000003   PAD
    0x20000080   0x08007d98   0x00000004   Data   RW         3787    .data               system_stm32f1xx.o
    0x20000084   0x08007d9c   0x00000004   Data   RW         3827    .data               clock.o
    0x20000088   0x08007da0   0x00000001   Data   RW         4057    .data               irq.o
    0x20000089   0x08007da1   0x00000003   PAD
    0x2000008c   0x08007da4   0x00000018   Data   RW         4267    .data               mem.o
    0x200000a4   0x08007dbc   0x00000030   Data   RW         4359    .data               object.o
    0x200000d4   0x08007dec   0x00000018   Data   RW         4443    .data               scheduler.o
    0x200000ec   0x08007e04   0x0000000c   Data   RW         4656    .data               timer.o
    0x200000f8   0x08007e10   0x00000010   Data   RW         4759    .data               cpuport.o
    0x20000108   0x08007e20   0x00000018   Data   RW         5042    .data               shell.o
    0x20000120   0x08007e38   0x00000004   Data   RW         5423    .data               mc_w.l(stdout.o)
    0x20000124        -       0x00000400   Zero   RW          176    .bss                oled.o
    0x20000524        -       0x0000095c   Zero   RW          290    .bss                main.o
    0x20000e80        -       0x00000014   Zero   RW          429    .bss                rtc.o
    0x20000e94        -       0x00000058   Zero   RW          471    .bss                spi.o
    0x20000eec        -       0x00000048   Zero   RW          513    .bss                tim.o
    0x20000f34        -       0x00000048   Zero   RW          555    .bss                usart.o
    0x20000f7c        -       0x00000048   Zero   RW          697    .bss                stm32f1xx_hal_timebase_tim.o
    0x20000fc4   0x08007e3c   0x00000004   PAD
    0x20000fc8        -       0x00000420   Zero   RW          738    .bss                stmflash.o
    0x200013e8        -       0x00000020   Zero   RW         1838    .bss                stm32f1xx_hal_flash.o
    0x20001408        -       0x00000178   Zero   RW         3941    .bss                idle.o
    0x20001580        -       0x00000080   Zero   RW         4109    .bss                kservice.o
    0x20001600        -       0x00000020   Zero   RW         4266    .bss                mem.o
    0x20001620        -       0x00000100   Zero   RW         4442    .bss                scheduler.o
    0x20001720        -       0x00003c48   Zero   RW         4819    .bss                board.o
    0x20005368        -       0x00000081   Zero   RW         5041    .bss                shell.o
    0x200053e9   0x08007e3c   0x00000007   PAD
    0x200053f0        -       0x00000400   Zero   RW            1    STACK               startup_stm32f103xb.o


==============================================================================

Image component sizes


      Code (inc. data)   RO Data    RW Data    ZI Data      Debug   Object Name

       268         28          4          0      15432       5096   board.o
       116         12          0          4          0       1884   clock.o
      1576        532        531          0          0      14036   cmd.o
       186         30         16          0          0       6284   components.o
       244         28          0          0          0        836   context_rvds.o
      1440        724          0         16          0       5802   cpuport.o
       256         12          0          0          0        983   gpio.o
       592         10       1928          0          0     446563   gui.o
       164         26          0          0        376       5338   idle.o
       404          0          0          0          0       7981   ipc.o
        64         12          0          1          0       1734   irq.o
      1786        164        290          0        128       9969   kservice.o
      3058        526         13        116       2396      11501   main.o
      1110        310         51         24         32       5559   mem.o
       898        162        154          0          0       9128   msh.o
       326          4          0         48          0       8624   object.o
       586         30          0          0       1024      10643   oled.o
       220         22          0          0         20       1587   rtc.o
       526         90          0         24        256       8894   scheduler.o
      1352        152          4         24        129      11620   shell.o
       204         22          0          0         88       1621   spi.o
        36          8        236          0       1024        800   startup_stm32f103xb.o
        52         12          0          9          0       4140   stm32f1xx_hal.o
       304         22          0          0          0      29387   stm32f1xx_hal_cortex.o
       520         48          0          0         32       4142   stm32f1xx_hal_flash.o
       828         34          0          0          0       3303   stm32f1xx_hal_gpio.o
        64          6          0          0          0        822   stm32f1xx_hal_msp.o
        12          4          0          0          0        511   stm32f1xx_hal_pwr.o
      1816        108         18          0          0       6557   stm32f1xx_hal_rcc.o
       556         34         18          0          0       2365   stm32f1xx_hal_rcc_ex.o
      2090         28          0          0          0      14412   stm32f1xx_hal_rtc.o
        82          0          0          0          0       2121   stm32f1xx_hal_rtc_ex.o
       890          6          0          0          0       4126   stm32f1xx_hal_spi.o
      1138         26          0          0          0       9199   stm32f1xx_hal_tim.o
       136         14          0          0          0       2413   stm32f1xx_hal_tim_ex.o
       160         22          0          0         72       1415   stm32f1xx_hal_timebase_tim.o
       694          4          0          0          0       3752   stm32f1xx_hal_uart.o
        82         24          0          0          0       3992   stm32f1xx_it.o
       388         20          0          0       1056       3843   stmflash.o
       166         22         24          4          0       1719   system_stm32f1xx.o
       828         38          0          0          0      13566   thread.o
       172         12          0          0         72       1630   tim.o
       810         24          0         12          0      12208   timer.o
       192         24          0          0         72       1638   usart.o

    ----------------------------------------------------------------------
     27438       3436       3322        288      22220     703744   Object Totals
         0          0         32          0          0          0   (incl. Generated)
        46          0          3          6         11          0   (incl. Padding)

    ----------------------------------------------------------------------

      Code (inc. data)   RO Data    RW Data    ZI Data      Debug   Library Member Name

         0          0          0          0          0          0   entry.o
         0          0          0          0          0          0   entry10a.o
         0          0          0          0          0          0   entry11a.o
         8          4          0          0          0          0   entry2.o
         4          0          0          0          0          0   entry5.o
         0          0          0          0          0          0   entry7b.o
         0          0          0          0          0          0   entry8b.o
         8          4          0          0          0          0   entry9a.o
        30          0          0          0          0          0   handlers.o
        36          8          0          0          0         68   init.o
        32          0          0          0          0         68   llushr.o
        36          0          0          0          0         68   memcpya.o
        36          0          0          0          0        108   memseta.o
       916         20          0          0          0        504   printf6.o
         0          0          0          4          0          0   stdout.o
        24          0          0          0          0         68   strcat.o
        18          0          0          0          0         68   strcpy.o
        14          0          0          0          0         68   strlen.o
        30          0          0          0          0         80   strncmp.o
        24          0          0          0          0         76   strncpy.o
        44          0          0          0          0         80   uidiv.o

    ----------------------------------------------------------------------
      1264         36          0          4          0       1256   Library Totals
         4          0          0          0          0          0   (incl. Padding)

    ----------------------------------------------------------------------

      Code (inc. data)   RO Data    RW Data    ZI Data      Debug   Library Name

      1260         36          0          4          0       1256   mc_w.l

    ----------------------------------------------------------------------
      1264         36          0          4          0       1256   Library Totals

    ----------------------------------------------------------------------

==============================================================================


      Code (inc. data)   RO Data    RW Data    ZI Data      Debug   

     28702       3472       3322        292      22220     691684   Grand Totals
     28702       3472       3322        292      22220     691684   ELF Image Totals
     28702       3472       3322        292          0          0   ROM Totals

==============================================================================

    Total RO  Size (Code + RO Data)                32024 (  31.27kB)
    Total RW  Size (RW Data + ZI Data)             22512 (  21.98kB)
    Total ROM Size (Code + RO Data + RW Data)      32316 (  31.56kB)

==============================================================================

