Component: ARM Compiler 5.06 update 5 (build 528) Tool: armlink [4d35e2]

==============================================================================

Section Cross References

    startup_stm32f103xb.o(RESET) refers to startup_stm32f103xb.o(STACK) for __initial_sp
    startup_stm32f103xb.o(RESET) refers to startup_stm32f103xb.o(.text) for Reset_Handler
    startup_stm32f103xb.o(RESET) refers to stm32f1xx_it.o(i.NMI_Handler) for NMI_Handler
    startup_stm32f103xb.o(RESET) refers to context_rvds.o(.text) for HardFault_Handler
    startup_stm32f103xb.o(RESET) refers to stm32f1xx_it.o(i.MemManage_Handler) for MemManage_Handler
    startup_stm32f103xb.o(RESET) refers to stm32f1xx_it.o(i.BusFault_Handler) for BusFault_Handler
    startup_stm32f103xb.o(RESET) refers to stm32f1xx_it.o(i.UsageFault_Handler) for UsageFault_Handler
    startup_stm32f103xb.o(RESET) refers to stm32f1xx_it.o(i.DebugMon_Handler) for DebugMon_Handler
    startup_stm32f103xb.o(RESET) refers to board.o(i.SysTick_Handler) for SysTick_Handler
    startup_stm32f103xb.o(RESET) refers to stm32f1xx_it.o(i.RTC_IRQHandler) for RTC_IRQHandler
    startup_stm32f103xb.o(RESET) refers to stm32f1xx_it.o(i.TIM2_IRQHandler) for TIM2_IRQHandler
    startup_stm32f103xb.o(RESET) refers to stm32f1xx_it.o(i.RTC_Alarm_IRQHandler) for RTC_Alarm_IRQHandler
    startup_stm32f103xb.o(.text) refers to system_stm32f1xx.o(i.SystemInit) for SystemInit
    startup_stm32f103xb.o(.text) refers to entry.o(.ARM.Collect$$$$00000000) for __main
    main.o(i.SystemClock_Config) refers to memseta.o(.text) for __aeabi_memclr4
    main.o(i.SystemClock_Config) refers to stm32f1xx_hal_rcc.o(i.HAL_RCC_OscConfig) for HAL_RCC_OscConfig
    main.o(i.SystemClock_Config) refers to stm32f1xx_hal_rcc.o(i.HAL_RCC_ClockConfig) for HAL_RCC_ClockConfig
    main.o(i.SystemClock_Config) refers to stm32f1xx_hal_rcc_ex.o(i.HAL_RCCEx_PeriphCLKConfig) for HAL_RCCEx_PeriphCLKConfig
    main.o(i.main) refers to stm32f1xx_hal.o(i.HAL_Init) for HAL_Init
    main.o(i.main) refers to main.o(i.SystemClock_Config) for SystemClock_Config
    main.o(i.main) refers to gpio.o(i.MX_GPIO_Init) for MX_GPIO_Init
    main.o(i.main) refers to rtc.o(i.MX_RTC_Init) for MX_RTC_Init
    main.o(i.main) refers to spi.o(i.MX_SPI2_Init) for MX_SPI2_Init
    main.o(i.main) refers to tim.o(i.MX_TIM2_Init) for MX_TIM2_Init
    main.o(i.main) refers to usart.o(i.MX_USART1_UART_Init) for MX_USART1_UART_Init
    main.o(i.main) refers to app_rt_thread.o(i.MX_RT_Thread_Init) for MX_RT_Thread_Init
    main.o(i.main) refers to oled.o(i.OLED_Init) for OLED_Init
    main.o(i.main) refers to oled.o(i.OLED_Clear) for OLED_Clear
    main.o(i.main) refers to stm32f1xx_hal_rtc.o(i.HAL_RTC_GetTime) for HAL_RTC_GetTime
    main.o(i.main) refers to stm32f1xx_hal_rtc.o(i.HAL_RTC_GetDate) for HAL_RTC_GetDate
    main.o(i.main) refers to printf6.o(i.__0printf$6) for __2printf
    main.o(i.main) refers to printf6.o(i.__0sprintf$6) for __2sprintf
    main.o(i.main) refers to gui.o(i.GUI_ShowString) for GUI_ShowString
    main.o(i.main) refers to gui.o(i.GUI_ShowCHinese) for GUI_ShowCHinese
    main.o(i.main) refers to stm32f1xx_hal.o(i.HAL_Delay) for HAL_Delay
    main.o(i.main) refers to main.o(.data) for .data
    main.o(i.main) refers to rtc.o(.bss) for hrtc
    gpio.o(i.MX_GPIO_Init) refers to stm32f1xx_hal_gpio.o(i.HAL_GPIO_WritePin) for HAL_GPIO_WritePin
    gpio.o(i.MX_GPIO_Init) refers to stm32f1xx_hal_gpio.o(i.HAL_GPIO_Init) for HAL_GPIO_Init
    rtc.o(i.HAL_RTC_MspDeInit) refers to stm32f1xx_hal_cortex.o(i.HAL_NVIC_DisableIRQ) for HAL_NVIC_DisableIRQ
    rtc.o(i.HAL_RTC_MspInit) refers to stm32f1xx_hal_pwr.o(i.HAL_PWR_EnableBkUpAccess) for HAL_PWR_EnableBkUpAccess
    rtc.o(i.HAL_RTC_MspInit) refers to stm32f1xx_hal_cortex.o(i.HAL_NVIC_SetPriority) for HAL_NVIC_SetPriority
    rtc.o(i.HAL_RTC_MspInit) refers to stm32f1xx_hal_cortex.o(i.HAL_NVIC_EnableIRQ) for HAL_NVIC_EnableIRQ
    rtc.o(i.MX_RTC_Init) refers to stm32f1xx_hal_rtc.o(i.HAL_RTC_Init) for HAL_RTC_Init
    rtc.o(i.MX_RTC_Init) refers to main.o(i.Error_Handler) for Error_Handler
    rtc.o(i.MX_RTC_Init) refers to stm32f1xx_hal_rtc.o(i.HAL_RTC_SetTime) for HAL_RTC_SetTime
    rtc.o(i.MX_RTC_Init) refers to stm32f1xx_hal_rtc.o(i.HAL_RTC_SetDate) for HAL_RTC_SetDate
    rtc.o(i.MX_RTC_Init) refers to rtc.o(.bss) for .bss
    spi.o(i.HAL_SPI_MspDeInit) refers to stm32f1xx_hal_gpio.o(i.HAL_GPIO_DeInit) for HAL_GPIO_DeInit
    spi.o(i.HAL_SPI_MspInit) refers to stm32f1xx_hal_gpio.o(i.HAL_GPIO_Init) for HAL_GPIO_Init
    spi.o(i.MX_SPI2_Init) refers to stm32f1xx_hal_spi.o(i.HAL_SPI_Init) for HAL_SPI_Init
    spi.o(i.MX_SPI2_Init) refers to main.o(i.Error_Handler) for Error_Handler
    spi.o(i.MX_SPI2_Init) refers to spi.o(.bss) for .bss
    tim.o(i.HAL_TIM_Base_MspDeInit) refers to stm32f1xx_hal_cortex.o(i.HAL_NVIC_DisableIRQ) for HAL_NVIC_DisableIRQ
    tim.o(i.HAL_TIM_Base_MspInit) refers to stm32f1xx_hal_cortex.o(i.HAL_NVIC_SetPriority) for HAL_NVIC_SetPriority
[...]
    i.rt_sem_init                            0x080042b4   Section        0  ipc.o(i.rt_sem_init)
    i.rt_show_version                        0x080042d8   Section        0  kservice.o(i.rt_show_version)
    i.rt_strlen                              0x08004388   Section        0  kservice.o(i.rt_strlen)
    i.rt_strncpy                             0x08004398   Section        0  kservice.o(i.rt_strncpy)
    i.rt_system_scheduler_init               0x080043c0   Section        0  scheduler.o(i.rt_system_scheduler_init)
    i.rt_system_scheduler_start              0x080043f4   Section        0  scheduler.o(i.rt_system_scheduler_start)
    i.rt_system_timer_init                   0x0800441c   Section        0  timer.o(i.rt_system_timer_init)
    i.rt_system_timer_thread_init            0x08004428   Section        0  timer.o(i.rt_system_timer_thread_init)
    i.rt_thread_delay                        0x0800442a   Section        0  thread.o(i.rt_thread_delay)
    i.rt_thread_exit                         0x08004430   Section        0  thread.o(i.rt_thread_exit)
    i.rt_thread_idle_entry                   0x0800448c   Section        0  idle.o(i.rt_thread_idle_entry)
    rt_thread_idle_entry                     0x0800448d   Thumb Code     2  idle.o(i.rt_thread_idle_entry)
    i.rt_thread_idle_init                    0x08004490   Section        0  idle.o(i.rt_thread_idle_init)
    i.rt_thread_init                         0x080044c8   Section        0  thread.o(i.rt_thread_init)
    i.rt_thread_mdelay                       0x080044f8   Section        0  thread.o(i.rt_thread_mdelay)
    i.rt_thread_resume                       0x08004506   Section        0  thread.o(i.rt_thread_resume)
    i.rt_thread_self                         0x08004544   Section        0  thread.o(i.rt_thread_self)
    i.rt_thread_sleep                        0x08004550   Section        0  thread.o(i.rt_thread_sleep)
    i.rt_thread_startup                      0x08004590   Section        0  thread.o(i.rt_thread_startup)
    i.rt_thread_suspend                      0x080045bc   Section        0  thread.o(i.rt_thread_suspend)
    i.rt_thread_timeout                      0x080045fe   Section        0  thread.o(i.rt_thread_timeout)
    i.rt_thread_yield                        0x08004620   Section        0  thread.o(i.rt_thread_yield)
    i.rt_tick_from_millisecond               0x08004680   Section        0  clock.o(i.rt_tick_from_millisecond)
    i.rt_tick_get                            0x080046b4   Section        0  clock.o(i.rt_tick_get)
    i.rt_tick_increase                       0x080046c0   Section        0  clock.o(i.rt_tick_increase)
    i.rt_timer_check                         0x080046ec   Section        0  timer.o(i.rt_timer_check)
    i.rt_timer_control                       0x08004778   Section        0  timer.o(i.rt_timer_control)
    i.rt_timer_detach                        0x080047c0   Section        0  timer.o(i.rt_timer_detach)
    i.rt_timer_init                          0x080047e8   Section        0  timer.o(i.rt_timer_init)
    i.rt_timer_start                         0x08004818   Section        0  timer.o(i.rt_timer_start)
    i.rt_timer_stop                          0x0800489c   Section        0  timer.o(i.rt_timer_stop)
    i.rt_vsnprintf                           0x080048cc   Section        0  kservice.o(i.rt_vsnprintf)
    i.rti_board_end                          0x08004b50   Section        0  components.o(i.rti_board_end)
    rti_board_end                            0x08004b51   Thumb Code     4  components.o(i.rti_board_end)
    i.rti_board_start                        0x08004b54   Section        0  components.o(i.rti_board_start)
    rti_board_start                          0x08004b55   Thumb Code     4  components.o(i.rti_board_start)
    i.rti_end                                0x08004b58   Section        0  components.o(i.rti_end)
    rti_end                                  0x08004b59   Thumb Code     4  components.o(i.rti_end)
    i.rti_start                              0x08004b5c   Section        0  components.o(i.rti_start)
    rti_start                                0x08004b5d   Thumb Code     4  components.o(i.rti_start)
    i.rtthread_startup                       0x08004b60   Section        0  components.o(i.rtthread_startup)
    i.skip_atoi                              0x08004b8a   Section        0  kservice.o(i.skip_atoi)
    skip_atoi                                0x08004b8b   Thumb Code    40  kservice.o(i.skip_atoi)
    i.uart_init                              0x08004bb4   Section        0  board.o(i.uart_init)
    uart_init                                0x08004bb5   Thumb Code    42  board.o(i.uart_init)
    i.usage_fault_track                      0x08004be8   Section        0  cpuport.o(i.usage_fault_track)
    usage_fault_track                        0x08004be9   Thumb Code   100  cpuport.o(i.usage_fault_track)
    i.version                                0x08004cb8   Section        0  cmd.o(i.version)
    .constdata                               0x08004cc2   Section     3912  gui.o(.constdata)
    .constdata                               0x08005c0a   Section       18  stm32f1xx_hal_rcc.o(.constdata)
    aPredivFactorTable                       0x08005c0a   Data           2  stm32f1xx_hal_rcc.o(.constdata)
    aPLLMULFactorTable                       0x08005c0c   Data          16  stm32f1xx_hal_rcc.o(.constdata)
    .constdata                               0x08005c1c   Section       18  stm32f1xx_hal_rcc_ex.o(.constdata)
    aPredivFactorTable                       0x08005c1c   Data           2  stm32f1xx_hal_rcc_ex.o(.constdata)
    aPLLMULFactorTable                       0x08005c1e   Data          16  stm32f1xx_hal_rcc_ex.o(.constdata)
    .constdata                               0x08005c2e   Section       16  system_stm32f1xx.o(.constdata)
    .constdata                               0x08005c3e   Section        8  system_stm32f1xx.o(.constdata)
    .constdata                               0x08005c46   Section      290  kservice.o(.constdata)
    small_digits                             0x08005d46   Data          17  kservice.o(.constdata)
    large_digits                             0x08005d57   Data          17  kservice.o(.constdata)
    .conststring                             0x08005d68   Section       68  cmd.o(.conststring)
    .rodata.name                             0x08005dac   Section        6  cmd.o(.rodata.name)
    .rodata.name                             0x08005db2   Section       16  cmd.o(.rodata.name)
    .rodata.name                             0x08005dc2   Section        8  cmd.o(.rodata.name)
    .rodata.name                             0x08005dca   Section       35  cmd.o(.rodata.name)
    .rodata.name                             0x08005ded   Section       14  cmd.o(.rodata.name)
    .rodata.name                             0x08005dfb   Section       35  cmd.o(.rodata.name)
    .rodata.name                             0x08005e1e   Section       12  cmd.o(.rodata.name)
    .rodata.name                             0x08005e2a   Section       12  cmd.o(.rodata.name)
    .rodata.name                             0x08005e36   Section       18  cmd.o(.rodata.name)
    .rodata.name                             0x08005e48   Section       12  cmd.o(.rodata.name)
    .rodata.name                             0x08005e54   Section        9  cmd.o(.rodata.name)
    .rodata.name                             0x08005e5d   Section       25  cmd.o(.rodata.name)
    .rodata.name                             0x08005e76   Section       15  cmd.o(.rodata.name)
    .rodata.name                             0x08005e85   Section       25  cmd.o(.rodata.name)
    .rodata.name                             0x08005e9e   Section       11  cmd.o(.rodata.name)
    .rodata.name                             0x08005ea9   Section       21  cmd.o(.rodata.name)
    .rodata.name                             0x08005ebe   Section       17  cmd.o(.rodata.name)
    .rodata.name                             0x08005ecf   Section       21  cmd.o(.rodata.name)
    .rodata.name                             0x08005ee4   Section        5  cmd.o(.rodata.name)
    .rodata.name                             0x08005ee9   Section       26  cmd.o(.rodata.name)
    .rodata.name                             0x08005f03   Section       11  msh.o(.rodata.name)
    .rodata.name                             0x08005f0e   Section       22  msh.o(.rodata.name)
    .rodata.name                             0x08005f24   Section        9  msh.o(.rodata.name)
    .rodata.name                             0x08005f2d   Section       28  msh.o(.rodata.name)
    .rti_fn.0                                0x08005f4c   Section        4  components.o(.rti_fn.0)
    __tagsym$$used                           0x08005f4c   Number         0  components.o(.rti_fn.0)
    .rti_fn.0.end                            0x08005f50   Section        4  components.o(.rti_fn.0.end)
    __tagsym$$used                           0x08005f50   Number         0  components.o(.rti_fn.0.end)
    .rti_fn.1                                0x08005f54   Section        4  board.o(.rti_fn.1)
    __tagsym$$used                           0x08005f54   Number         0  board.o(.rti_fn.1)
    .rti_fn.1.end                            0x08005f58   Section        4  components.o(.rti_fn.1.end)
    __tagsym$$used                           0x08005f58   Number         0  components.o(.rti_fn.1.end)
    .rti_fn.6                                0x08005f5c   Section        4  shell.o(.rti_fn.6)
    __tagsym$$used                           0x08005f5c   Number         0  shell.o(.rti_fn.6)
    .rti_fn.6.end                            0x08005f60   Section        4  components.o(.rti_fn.6.end)
    __tagsym$$used                           0x08005f60   Number         0  components.o(.rti_fn.6.end)
    FSymTab                                  0x08005f64   Section      120  cmd.o(FSymTab)
    __tagsym$$used                           0x08005f64   Number         0  cmd.o(FSymTab)
    __tagsym$$used                           0x08005f70   Number         0  cmd.o(FSymTab)
    __tagsym$$used                           0x08005f7c   Number         0  cmd.o(FSymTab)
    __tagsym$$used                           0x08005f88   Number         0  cmd.o(FSymTab)
    __tagsym$$used                           0x08005f94   Number         0  cmd.o(FSymTab)
    __tagsym$$used                           0x08005fa0   Number         0  cmd.o(FSymTab)
    __tagsym$$used                           0x08005fac   Number         0  cmd.o(FSymTab)
    __tagsym$$used                           0x08005fb8   Number         0  cmd.o(FSymTab)
    __tagsym$$used                           0x08005fc4   Number         0  cmd.o(FSymTab)
    __tagsym$$used                           0x08005fd0   Number         0  cmd.o(FSymTab)
    FSymTab                                  0x08005fdc   Section       24  msh.o(FSymTab)
    __tagsym$$used                           0x08005fdc   Number         0  msh.o(FSymTab)
    __tagsym$$used                           0x08005fe8   Number         0  msh.o(FSymTab)
    .data                                    0x20000000   Section       30  main.o(.data)
    .data                                    0x20000020   Section       12  stm32f1xx_hal.o(.data)
    .data                                    0x2000002c   Section        4  system_stm32f1xx.o(.data)
    .data                                    0x20000030   Section        4  clock.o(.data)
    rt_tick                                  0x20000030   Data           4  clock.o(.data)
    .data                                    0x20000034   Section        1  irq.o(.data)
    .data                                    0x20000038   Section       48  object.o(.data)
    rt_object_container                      0x20000038   Data          48  object.o(.data)
    .data                                    0x20000068   Section       20  scheduler.o(.data)
    rt_scheduler_lock_nest                   0x2000006a   Data           2  scheduler.o(.data)
    .data                                    0x2000007c   Section       12  timer.o(.data)
    random_nr                                0x2000007c   Data           4  timer.o(.data)
    rt_timer_list                            0x20000080   Data           8  timer.o(.data)
    .data                                    0x20000088   Section        4  cpuport.o(.data)
    rt_exception_hook                        0x20000088   Data           4  cpuport.o(.data)
    .data                                    0x2000008c   Section        4  cpuport.o(.data)
    .data                                    0x20000090   Section        4  cpuport.o(.data)
    .data                                    0x20000094   Section        4  cpuport.o(.data)
    .data                                    0x20000098   Section       24  shell.o(.data)
    finsh_prompt_custom                      0x200000a8   Data           4  shell.o(.data)
    .data                                    0x200000b0   Section        4  stdout.o(.data)
    .bss                                     0x200000b4   Section       20  rtc.o(.bss)
    .bss                                     0x200000c8   Section       88  spi.o(.bss)
    .bss                                     0x20000120   Section       72  tim.o(.bss)
    .bss                                     0x20000168   Section       72  usart.o(.bss)
    .bss                                     0x200001b0   Section     1024  oled.o(.bss)
    OLED_buffer                              0x200001b0   Data        1024  oled.o(.bss)
    .bss                                     0x200005b0   Section      248  app_rt_thread.o(.bss)
    .bss                                     0x200006a8   Section     1144  components.o(.bss)
    main_stack                               0x200006a8   Data        1024  components.o(.bss)
    .bss                                     0x20000b20   Section      248  idle.o(.bss)
    idle                                     0x20000b20   Data         120  idle.o(.bss)
    rt_thread_stack                          0x20000b98   Data         128  idle.o(.bss)
    .bss                                     0x20000c18   Section      128  kservice.o(.bss)
    rt_log_buf                               0x20000c18   Data         128  kservice.o(.bss)
    .bss                                     0x20000c98   Section      256  scheduler.o(.bss)
    .bss                                     0x20000d98   Section       72  board.o(.bss)
    UartHandle                               0x20000d98   Data          72  board.o(.bss)
    .bss                                     0x20000de0   Section     1396  shell.o(.bss)
    finsh_prompt                             0x20000de0   Data         129  shell.o(.bss)
    finsh_thread                             0x20000e64   Data         120  shell.o(.bss)
    finsh_thread_stack                       0x20000edc   Data        1024  shell.o(.bss)
    STACK                                    0x20001358   Section     1024  startup_stm32f103xb.o(STACK)

    Global Symbols

    Symbol Name                              Value     Ov Type        Size  Object(Section)

    BuildAttributes$$THM_ISAv4$P$D$K$B$S$PE$A:L22UL41UL21$X:L11$S22US41US21$IEEE1$IW$USESV6$~STKCKD$USESV7$~SHL$OSPACE$ROPI$EBA8$MICROLIB$REQ8$PRES8$EABIv2 0x00000000   Number         0  anon$$obj.o ABSOLUTE
    __ARM_use_no_argv                        0x00000000   Number         0  main.o ABSOLUTE
    _printf_a                                0x00000000   Number         0  stubs.o ABSOLUTE
    _printf_c                                0x00000000   Number         0  stubs.o ABSOLUTE
    _printf_charcount                        0x00000000   Number         0  stubs.o ABSOLUTE
    _printf_d                                0x00000000   Number         0  stubs.o ABSOLUTE
    _printf_e                                0x00000000   Number         0  stubs.o ABSOLUTE
    _printf_f                                0x00000000   Number         0  stubs.o ABSOLUTE
    _printf_flags                            0x00000000   Number         0  stubs.o ABSOLUTE
    _printf_fp_dec                           0x00000000   Number         0  stubs.o ABSOLUTE
    _printf_fp_hex                           0x00000000   Number         0  stubs.o ABSOLUTE
    _printf_g                                0x00000000   Number         0  stubs.o ABSOLUTE
    _printf_i                                0x00000000   Number         0  stubs.o ABSOLUTE
    _printf_int_dec                          0x00000000   Number         0  stubs.o ABSOLUTE
    _printf_l                                0x00000000   Number         0  stubs.o ABSOLUTE
    _printf_lc                               0x00000000   Number         0  stubs.o ABSOLUTE
    _printf_ll                               0x00000000   Number         0  stubs.o ABSOLUTE
    _printf_lld                              0x00000000   Number         0  stubs.o ABSOLUTE
    _printf_lli                              0x00000000   Number         0  stubs.o ABSOLUTE
    _printf_llo                              0x00000000   Number         0  stubs.o ABSOLUTE
    _printf_llu                              0x00000000   Number         0  stubs.o ABSOLUTE
    _printf_llx                              0x00000000   Number         0  stubs.o ABSOLUTE
    _printf_longlong_dec                     0x00000000   Number         0  stubs.o ABSOLUTE
    _printf_longlong_hex                     0x00000000   Number         0  stubs.o ABSOLUTE
    _printf_longlong_oct                     0x00000000   Number         0  stubs.o ABSOLUTE
    _printf_ls                               0x00000000   Number         0  stubs.o ABSOLUTE
    _printf_mbtowc                           0x00000000   Number         0  stubs.o ABSOLUTE
    _printf_n                                0x00000000   Number         0  stubs.o ABSOLUTE
    _printf_o                                0x00000000   Number         0  stubs.o ABSOLUTE
    _printf_p                                0x00000000   Number         0  stubs.o ABSOLUTE
    _printf_percent                          0x00000000   Number         0  stubs.o ABSOLUTE
    _printf_pre_padding                      0x00000000   Number         0  stubs.o ABSOLUTE
    _printf_return_value                     0x00000000   Number         0  stubs.o ABSOLUTE
    _printf_s                                0x00000000   Number         0  stubs.o ABSOLUTE
    _printf_sizespec                         0x00000000   Number         0  stubs.o ABSOLUTE
    _printf_str                              0x00000000   Number         0  stubs.o ABSOLUTE
    _printf_truncate_signed                  0x00000000   Number         0  stubs.o ABSOLUTE
    _printf_truncate_unsigned                0x00000000   Number         0  stubs.o ABSOLUTE
    _printf_u                                0x00000000   Number         0  stubs.o ABSOLUTE
    _printf_wc                               0x00000000   Number         0  stubs.o ABSOLUTE
    _printf_wctomb                           0x00000000   Number         0  stubs.o ABSOLUTE
    _printf_widthprec                        0x00000000   Number         0  stubs.o ABSOLUTE
    _printf_x                                0x00000000   Number         0  stubs.o ABSOLUTE
    __cpp_initialize__aeabi_                  - Undefined Weak Reference
    __cxa_finalize                            - Undefined Weak Reference
    __decompress                              - Undefined Weak Reference
    _clock_init                               - Undefined Weak Reference
    _microlib_exit                            - Undefined Weak Reference
    __Vectors_Size                           0x000000ec   Number         0  startup_stm32f103xb.o ABSOLUTE
    __Vectors                                0x08000000   Data           4  startup_stm32f103xb.o(RESET)
    __Vectors_End                            0x080000ec   Data           0  startup_stm32f103xb.o(RESET)
    __main                                   0x080000ed   Thumb Code     0  entry.o(.ARM.Collect$$$$00000000)
    _main_stk                                0x080000ed   Thumb Code     0  entry2.o(.ARM.Collect$$$$00000001)
    _main_scatterload                        0x080000f1   Thumb Code     0  entry5.o(.ARM.Collect$$$$00000004)
    __main_after_scatterload                 0x080000f5   Thumb Code     0  entry5.o(.ARM.Collect$$$$00000004)
    _main_clock                              0x080000f5   Thumb Code     0  entry7b.o(.ARM.Collect$$$$00000008)
    _main_cpp_init                           0x080000f5   Thumb Code     0  entry8b.o(.ARM.Collect$$$$0000000A)
    _main_init                               0x080000f5   Thumb Code     0  entry9a.o(.ARM.Collect$$$$0000000B)
    __rt_final_cpp                           0x080000fd   Thumb Code     0  entry10a.o(.ARM.Collect$$$$0000000D)
    __rt_final_exit                          0x080000fd   Thumb Code     0  entry11a.o(.ARM.Collect$$$$0000000F)
    Reset_Handler                            0x08000101   Thumb Code     8  startup_stm32f103xb.o(.text)
    SVC_Handler                              0x08000113   Thumb Code     2  startup_stm32f103xb.o(.text)
    ADC1_2_IRQHandler                        0x0800011b   Thumb Code     0  startup_stm32f103xb.o(.text)
    CAN1_RX1_IRQHandler                      0x0800011b   Thumb Code     0  startup_stm32f103xb.o(.text)
    CAN1_SCE_IRQHandler                      0x0800011b   Thumb Code     0  startup_stm32f103xb.o(.text)
    DMA1_Channel1_IRQHandler                 0x0800011b   Thumb Code     0  startup_stm32f103xb.o(.text)
    DMA1_Channel2_IRQHandler                 0x0800011b   Thumb Code     0  startup_stm32f103xb.o(.text)
    DMA1_Channel3_IRQHandler                 0x0800011b   Thumb Code     0  startup_stm32f103xb.o(.text)
    DMA1_Channel4_IRQHandler                 0x0800011b   Thumb Code     0  startup_stm32f103xb.o(.text)
    DMA1_Channel5_IRQHandler                 0x0800011b   Thumb Code     0  startup_stm32f103xb.o(.text)
    DMA1_Channel6_IRQHandler                 0x0800011b   Thumb Code     0  startup_stm32f103xb.o(.text)
    DMA1_Channel7_IRQHandler                 0x0800011b   Thumb Code     0  startup_stm32f103xb.o(.text)
    EXTI0_IRQHandler                         0x0800011b   Thumb Code     0  startup_stm32f103xb.o(.text)
    EXTI15_10_IRQHandler                     0x0800011b   Thumb Code     0  startup_stm32f103xb.o(.text)
    EXTI1_IRQHandler                         0x0800011b   Thumb Code     0  startup_stm32f103xb.o(.text)
    EXTI2_IRQHandler                         0x0800011b   Thumb Code     0  startup_stm32f103xb.o(.text)
    EXTI3_IRQHandler                         0x0800011b   Thumb Code     0  startup_stm32f103xb.o(.text)
    EXTI4_IRQHandler                         0x0800011b   Thumb Code     0  startup_stm32f103xb.o(.text)
    EXTI9_5_IRQHandler                       0x0800011b   Thumb Code     0  startup_stm32f103xb.o(.text)
    FLASH_IRQHandler                         0x0800011b   Thumb Code     0  startup_stm32f103xb.o(.text)
    I2C1_ER_IRQHandler                       0x0800011b   Thumb Code     0  startup_stm32f103xb.o(.text)
    I2C1_EV_IRQHandler                       0x0800011b   Thumb Code     0  startup_stm32f103xb.o(.text)
    I2C2_ER_IRQHandler                       0x0800011b   Thumb Code     0  startup_stm32f103xb.o(.text)
    I2C2_EV_IRQHandler                       0x0800011b   Thumb Code     0  startup_stm32f103xb.o(.text)
    PVD_IRQHandler                           0x0800011b   Thumb Code     0  startup_stm32f103xb.o(.text)
    RCC_IRQHandler                           0x0800011b   Thumb Code     0  startup_stm32f103xb.o(.text)
    SPI1_IRQHandler                          0x0800011b   Thumb Code     0  startup_stm32f103xb.o(.text)
    SPI2_IRQHandler                          0x0800011b   Thumb Code     0  startup_stm32f103xb.o(.text)
    TAMPER_IRQHandler                        0x0800011b   Thumb Code     0  startup_stm32f103xb.o(.text)
    TIM1_BRK_IRQHandler                      0x0800011b   Thumb Code     0  startup_stm32f103xb.o(.text)
    TIM1_CC_IRQHandler                       0x0800011b   Thumb Code     0  startup_stm32f103xb.o(.text)
    TIM1_TRG_COM_IRQHandler                  0x0800011b   Thumb Code     0  startup_stm32f103xb.o(.text)
    TIM1_UP_IRQHandler                       0x0800011b   Thumb Code     0  startup_stm32f103xb.o(.text)
    TIM3_IRQHandler                          0x0800011b   Thumb Code     0  startup_stm32f103xb.o(.text)
    TIM4_IRQHandler                          0x0800011b   Thumb Code     0  startup_stm32f103xb.o(.text)
    USART1_IRQHandler                        0x0800011b   Thumb Code     0  startup_stm32f103xb.o(.text)
    USART2_IRQHandler                        0x0800011b   Thumb Code     0  startup_stm32f103xb.o(.text)
    USART3_IRQHandler                        0x0800011b   Thumb Code     0  startup_stm32f103xb.o(.text)
    USBWakeUp_IRQHandler                     0x0800011b   Thumb Code     0  startup_stm32f103xb.o(.text)
    USB_HP_CAN1_TX_IRQHandler                0x0800011b   Thumb Code     0  startup_stm32f103xb.o(.text)
    USB_LP_CAN1_RX0_IRQHandler               0x0800011b   Thumb Code     0  startup_stm32f103xb.o(.text)
    WWDG_IRQHandler                          0x0800011b   Thumb Code     0  startup_stm32f103xb.o(.text)
    rt_hw_interrupt_disable                  0x08000125   Thumb Code     8  context_rvds.o(.text)
    rt_hw_interrupt_enable                   0x0800012d   Thumb Code     6  context_rvds.o(.text)
    rt_hw_context_switch                     0x08000133   Thumb Code    32  context_rvds.o(.text)
    rt_hw_context_switch_interrupt           0x08000133   Thumb Code     0  context_rvds.o(.text)
    PendSV_Handler                           0x08000153   Thumb Code    60  context_rvds.o(.text)
    rt_hw_context_switch_to                  0x0800018f   Thumb Code    56  context_rvds.o(.text)
    rt_hw_interrupt_thread_switch            0x080001c7   Thumb Code     2  context_rvds.o(.text)
    HardFault_Handler                        0x080001c9   Thumb Code    52  context_rvds.o(.text)
    __aeabi_memcpy                           0x08000219   Thumb Code    36  memcpya.o(.text)
    __aeabi_memcpy4                          0x08000219   Thumb Code     0  memcpya.o(.text)
    __aeabi_memcpy8                          0x08000219   Thumb Code     0  memcpya.o(.text)
    __aeabi_memset                           0x0800023d   Thumb Code    14  memseta.o(.text)
    __aeabi_memset4                          0x0800023d   Thumb Code     0  memseta.o(.text)
    __aeabi_memset8                          0x0800023d   Thumb Code     0  memseta.o(.text)
    __aeabi_memclr                           0x0800024b   Thumb Code     4  memseta.o(.text)
    __aeabi_memclr4                          0x0800024b   Thumb Code     0  memseta.o(.text)
    __aeabi_memclr8                          0x0800024b   Thumb Code     0  memseta.o(.text)
    _memset$wrapper                          0x0800024f   Thumb Code    18  memseta.o(.text)
    strcat                                   0x08000261   Thumb Code    24  strcat.o(.text)
    strncpy                                  0x08000279   Thumb Code    24  strncpy.o(.text)
    strlen                                   0x08000291   Thumb Code    14  strlen.o(.text)
    strcpy                                   0x0800029f   Thumb Code    18  strcpy.o(.text)
    strncmp                                  0x080002b1   Thumb Code    30  strncmp.o(.text)
    __aeabi_uidiv                            0x080002cf   Thumb Code     0  uidiv.o(.text)
    __aeabi_uidivmod                         0x080002cf   Thumb Code    44  uidiv.o(.text)
    __scatterload                            0x080002fd   Thumb Code    28  init.o(.text)
    __scatterload_rt2                        0x080002fd   Thumb Code     0  init.o(.text)
    main                                     0x08000321   Thumb Code    10  components.o(i.$Sub$$main)
    BusFault_Handler                         0x0800032b   Thumb Code     2  stm32f1xx_it.o(i.BusFault_Handler)
    DebugMon_Handler                         0x0800032d   Thumb Code     2  stm32f1xx_it.o(i.DebugMon_Handler)
    Error_Handler                            0x0800032f   Thumb Code     4  main.o(i.Error_Handler)
    GUI_ShowCHinese                          0x08000333   Thumb Code   104  gui.o(i.GUI_ShowCHinese)
    GUI_ShowChar                             0x0800039d   Thumb Code   210  gui.o(i.GUI_ShowChar)
    GUI_ShowFont16                           0x08000479   Thumb Code   146  gui.o(i.GUI_ShowFont16)
    GUI_ShowFont24                           0x08000511   Thumb Code   156  gui.o(i.GUI_ShowFont24)
    GUI_ShowFont32                           0x080005b1   Thumb Code   146  gui.o(i.GUI_ShowFont32)
    GUI_ShowString                           0x08000649   Thumb Code    82  gui.o(i.GUI_ShowString)
    HAL_Delay                                0x0800069d   Thumb Code    32  stm32f1xx_hal.o(i.HAL_Delay)
    HAL_GPIO_Init                            0x080006c1   Thumb Code   446  stm32f1xx_hal_gpio.o(i.HAL_GPIO_Init)
    HAL_GPIO_WritePin                        0x080008a1   Thumb Code    10  stm32f1xx_hal_gpio.o(i.HAL_GPIO_WritePin)
    HAL_GetTick                              0x080008ad   Thumb Code     6  stm32f1xx_hal.o(i.HAL_GetTick)
    HAL_Init                                 0x080008b9   Thumb Code    32  stm32f1xx_hal.o(i.HAL_Init)
    HAL_InitTick                             0x080008dd   Thumb Code    54  stm32f1xx_hal.o(i.HAL_InitTick)
    HAL_MspInit                              0x0800091d   Thumb Code    38  stm32f1xx_hal_msp.o(i.HAL_MspInit)
    HAL_NVIC_EnableIRQ                       0x08000949   Thumb Code    26  stm32f1xx_hal_cortex.o(i.HAL_NVIC_EnableIRQ)
    HAL_NVIC_SetPriority                     0x08000965   Thumb Code    60  stm32f1xx_hal_cortex.o(i.HAL_NVIC_SetPriority)
    HAL_NVIC_SetPriorityGrouping             0x080009a5   Thumb Code    26  stm32f1xx_hal_cortex.o(i.HAL_NVIC_SetPriorityGrouping)
    HAL_PWR_EnableBkUpAccess                 0x080009c9   Thumb Code     8  stm32f1xx_hal_pwr.o(i.HAL_PWR_EnableBkUpAccess)
    HAL_RCCEx_GetPeriphCLKFreq               0x080009d5   Thumb Code   148  stm32f1xx_hal_rcc_ex.o(i.HAL_RCCEx_GetPeriphCLKFreq)
    HAL_RCCEx_PeriphCLKConfig                0x08000a79   Thumb Code   224  stm32f1xx_hal_rcc_ex.o(i.HAL_RCCEx_PeriphCLKConfig)
    HAL_RCC_ClockConfig                      0x08000b65   Thumb Code   280  stm32f1xx_hal_rcc.o(i.HAL_RCC_ClockConfig)
    HAL_RCC_GetHCLKFreq                      0x08000c91   Thumb Code     6  stm32f1xx_hal_rcc.o(i.HAL_RCC_GetHCLKFreq)
    HAL_RCC_GetPCLK1Freq                     0x08000c9d   Thumb Code    20  stm32f1xx_hal_rcc.o(i.HAL_RCC_GetPCLK1Freq)
    HAL_RCC_GetPCLK2Freq                     0x08000cbd   Thumb Code    20  stm32f1xx_hal_rcc.o(i.HAL_RCC_GetPCLK2Freq)
    HAL_RCC_GetSysClockFreq                  0x08000cdd   Thumb Code    58  stm32f1xx_hal_rcc.o(i.HAL_RCC_GetSysClockFreq)
    HAL_RCC_OscConfig                        0x08000d29   Thumb Code   778  stm32f1xx_hal_rcc.o(i.HAL_RCC_OscConfig)
    HAL_RTCEx_RTCEventCallback               0x08001049   Thumb Code     2  stm32f1xx_hal_rtc_ex.o(i.HAL_RTCEx_RTCEventCallback)
    HAL_RTCEx_RTCEventErrorCallback          0x0800104b   Thumb Code     2  stm32f1xx_hal_rtc_ex.o(i.HAL_RTCEx_RTCEventErrorCallback)
    HAL_RTCEx_RTCIRQHandler                  0x0800104d   Thumb Code    62  stm32f1xx_hal_rtc_ex.o(i.HAL_RTCEx_RTCIRQHandler)
    HAL_RTC_AlarmAEventCallback              0x0800108b   Thumb Code     2  stm32f1xx_hal_rtc.o(i.HAL_RTC_AlarmAEventCallback)
    HAL_RTC_AlarmIRQHandler                  0x0800108d   Thumb Code    48  stm32f1xx_hal_rtc.o(i.HAL_RTC_AlarmIRQHandler)
    HAL_RTC_GetDate                          0x080010c1   Thumb Code    78  stm32f1xx_hal_rtc.o(i.HAL_RTC_GetDate)
    HAL_RTC_GetTime                          0x0800110f   Thumb Code   216  stm32f1xx_hal_rtc.o(i.HAL_RTC_GetTime)
    HAL_RTC_Init                             0x080011e9   Thumb Code   144  stm32f1xx_hal_rtc.o(i.HAL_RTC_Init)
    HAL_RTC_MspInit                          0x0800127d   Thumb Code    76  rtc.o(i.HAL_RTC_MspInit)
    HAL_RTC_SetDate                          0x080012d5   Thumb Code   192  stm32f1xx_hal_rtc.o(i.HAL_RTC_SetDate)
    HAL_RTC_SetTime                          0x08001399   Thumb Code   168  stm32f1xx_hal_rtc.o(i.HAL_RTC_SetTime)
    HAL_RTC_WaitForSynchro                   0x08001445   Thumb Code    58  stm32f1xx_hal_rtc.o(i.HAL_RTC_WaitForSynchro)
    HAL_SPI_Init                             0x0800147f   Thumb Code   178  stm32f1xx_hal_spi.o(i.HAL_SPI_Init)
    HAL_SPI_MspInit                          0x08001531   Thumb Code   102  spi.o(i.HAL_SPI_MspInit)
    HAL_SPI_Transmit                         0x080015a5   Thumb Code   366  stm32f1xx_hal_spi.o(i.HAL_SPI_Transmit)
    HAL_SYSTICK_Config                       0x08001713   Thumb Code    40  stm32f1xx_hal_cortex.o(i.HAL_SYSTICK_Config)
    HAL_TIMEx_BreakCallback                  0x0800173b   Thumb Code     2  stm32f1xx_hal_tim_ex.o(i.HAL_TIMEx_BreakCallback)
    HAL_TIMEx_CommutCallback                 0x0800173d   Thumb Code     2  stm32f1xx_hal_tim_ex.o(i.HAL_TIMEx_CommutCallback)
    HAL_TIMEx_MasterConfigSynchronization    0x08001741   Thumb Code    92  stm32f1xx_hal_tim_ex.o(i.HAL_TIMEx_MasterConfigSynchronization)
    HAL_TIM_Base_Init                        0x080017a9   Thumb Code    90  stm32f1xx_hal_tim.o(i.HAL_TIM_Base_Init)
    HAL_TIM_Base_MspInit                     0x08001805   Thumb Code    50  tim.o(i.HAL_TIM_Base_MspInit)
    HAL_TIM_ConfigClockSource                0x0800183d   Thumb Code   220  stm32f1xx_hal_tim.o(i.HAL_TIM_ConfigClockSource)
    HAL_TIM_IC_CaptureCallback               0x08001919   Thumb Code     2  stm32f1xx_hal_tim.o(i.HAL_TIM_IC_CaptureCallback)
    HAL_TIM_IRQHandler                       0x0800191b   Thumb Code   358  stm32f1xx_hal_tim.o(i.HAL_TIM_IRQHandler)
    HAL_TIM_OC_DelayElapsedCallback          0x08001a81   Thumb Code     2  stm32f1xx_hal_tim.o(i.HAL_TIM_OC_DelayElapsedCallback)
    HAL_TIM_PWM_PulseFinishedCallback        0x08001a83   Thumb Code     2  stm32f1xx_hal_tim.o(i.HAL_TIM_PWM_PulseFinishedCallback)
    HAL_TIM_PeriodElapsedCallback            0x08001a85   Thumb Code     2  stm32f1xx_hal_tim.o(i.HAL_TIM_PeriodElapsedCallback)
    HAL_TIM_TriggerCallback                  0x08001a87   Thumb Code     2  stm32f1xx_hal_tim.o(i.HAL_TIM_TriggerCallback)
    HAL_UART_Init                            0x08001a89   Thumb Code   100  stm32f1xx_hal_uart.o(i.HAL_UART_Init)
    HAL_UART_MspInit                         0x08001aed   Thumb Code   100  usart.o(i.HAL_UART_MspInit)
    HAL_UART_Transmit                        0x08001b5d   Thumb Code   154  stm32f1xx_hal_uart.o(i.HAL_UART_Transmit)
    MX_GPIO_Init                             0x08001bf9   Thumb Code   172  gpio.o(i.MX_GPIO_Init)
    MX_RTC_Init                              0x08001cb1   Thumb Code   108  rtc.o(i.MX_RTC_Init)
    MX_RT_Thread_Init                        0x08001d25   Thumb Code    40  app_rt_thread.o(i.MX_RT_Thread_Init)
    MX_SPI2_Init                             0x08001d5d   Thumb Code    60  spi.o(i.MX_SPI2_Init)
    MX_TIM2_Init                             0x08001da1   Thumb Code    94  tim.o(i.MX_TIM2_Init)
    MX_USART1_UART_Init                      0x08001e05   Thumb Code    48  usart.o(i.MX_USART1_UART_Init)
    MemManage_Handler                        0x08001e3d   Thumb Code     2  stm32f1xx_it.o(i.MemManage_Handler)
    NMI_Handler                              0x08001e3f   Thumb Code     2  stm32f1xx_it.o(i.NMI_Handler)
    OLED_Clear                               0x08001e41   Thumb Code    32  oled.o(i.OLED_Clear)
    OLED_Display                             0x08001e65   Thumb Code    70  oled.o(i.OLED_Display)
    OLED_Init                                0x08001eb1   Thumb Code   216  oled.o(i.OLED_Init)
    OLED_Reset                               0x08001f89   Thumb Code    52  oled.o(i.OLED_Reset)
    OLED_Set_Pixel                           0x08001fc1   Thumb Code    32  oled.o(i.OLED_Set_Pixel)
    OLED_WR_Byte                             0x08001fe5   Thumb Code    62  oled.o(i.OLED_WR_Byte)
    RTC_Alarm_IRQHandler                     0x0800202d   Thumb Code     6  stm32f1xx_it.o(i.RTC_Alarm_IRQHandler)
    RTC_IRQHandler                           0x0800217d   Thumb Code     6  stm32f1xx_it.o(i.RTC_IRQHandler)
    SysTick_Handler                          0x08002335   Thumb Code    18  board.o(i.SysTick_Handler)
    SystemClock_Config                       0x08002347   Thumb Code   110  main.o(i.SystemClock_Config)
    SystemCoreClockUpdate                    0x080023b5   Thumb Code    82  system_stm32f1xx.o(i.SystemCoreClockUpdate)
    SystemInit                               0x0800241d   Thumb Code     2  system_stm32f1xx.o(i.SystemInit)
    TIM2_IRQHandler                          0x08002421   Thumb Code     6  stm32f1xx_it.o(i.TIM2_IRQHandler)
    TIM_Base_SetConfig                       0x0800242d   Thumb Code    94  stm32f1xx_hal_tim.o(i.TIM_Base_SetConfig)
    TIM_ETR_SetConfig                        0x08002499   Thumb Code    20  stm32f1xx_hal_tim.o(i.TIM_ETR_SetConfig)
    UsageFault_Handler                       0x08002635   Thumb Code     2  stm32f1xx_it.o(i.UsageFault_Handler)
    __0printf$6                              0x08002639   Thumb Code    22  printf6.o(i.__0printf$6)
    __1printf$6                              0x08002639   Thumb Code     0  printf6.o(i.__0printf$6)
    __2printf                                0x08002639   Thumb Code     0  printf6.o(i.__0printf$6)
    __0sprintf$6                             0x08002659   Thumb Code    34  printf6.o(i.__0sprintf$6)
    __1sprintf$6                             0x08002659   Thumb Code     0  printf6.o(i.__0sprintf$6)
    __2sprintf                               0x08002659   Thumb Code     0  printf6.o(i.__0sprintf$6)
    __rt_ffs                                 0x080026a1   Thumb Code    62  kservice.o(i.__rt_ffs)
    __scatterload_copy                       0x080026e5   Thumb Code    14  handlers.o(i.__scatterload_copy)
    __scatterload_null                       0x080026f3   Thumb Code     2  handlers.o(i.__scatterload_null)
    __scatterload_zeroinit                   0x080026f5   Thumb Code    14  handlers.o(i.__scatterload_zeroinit)
    cmd_ps                                   0x08002c79   Thumb Code    10  msh.o(i.cmd_ps)
    finsh_get_prompt                         0x08002c85   Thumb Code    66  shell.o(i.finsh_get_prompt)
    finsh_set_prompt_mode                    0x08002ce5   Thumb Code    16  shell.o(i.finsh_set_prompt_mode)
    finsh_system_function_init               0x08002cf9   Thumb Code     8  shell.o(i.finsh_system_function_init)
    finsh_system_init                        0x08002d05   Thumb Code    82  shell.o(i.finsh_system_init)
    finsh_thread_entry                       0x08002d7d   Thumb Code   612  shell.o(i.finsh_thread_entry)
    fputc                                    0x08003009   Thumb Code    20  usart.o(i.fputc)
    hello                                    0x08003099   Thumb Code    12  cmd.o(i.hello)
    led1_task_entry                          0x080030b9   Thumb Code    44  app_rt_thread.o(i.led1_task_entry)
    list                                     0x080030e9   Thumb Code    50  cmd.o(i.list)
    list_sem                                 0x080031d9   Thumb Code   214  cmd.o(i.list_sem)
    list_thread                              0x08003319   Thumb Code   250  cmd.o(i.list_thread)
    list_timer                               0x080034d1   Thumb Code   160  cmd.o(i.list_timer)
    $Super$$main                             0x08003611   Thumb Code   366  main.o(i.main)
    main_thread_entry                        0x080037d5   Thumb Code    14  components.o(i.main_thread_entry)
    msh_auto_complete                        0x080038bd   Thumb Code   150  msh.o(i.msh_auto_complete)
    msh_exec                                 0x08003969   Thumb Code    74  msh.o(i.msh_exec)
    msh_help                                 0x080039cd   Thumb Code    58  msh.o(i.msh_help)
    msh_is_used                              0x08003a45   Thumb Code     4  msh.o(i.msh_is_used)
    rt_application_init                      0x08003c61   Thumb Code    44  components.o(i.rt_application_init)
    rt_components_board_init                 0x08003c9d   Thumb Code    20  components.o(i.rt_components_board_init)
    rt_components_init                       0x08003cb9   Thumb Code    20  components.o(i.rt_components_init)
    rt_enter_critical                        0x08003cd5   Thumb Code    22  scheduler.o(i.rt_enter_critical)
    rt_exit_critical                         0x08003cf1   Thumb Code    52  scheduler.o(i.rt_exit_critical)
    rt_hw_board_init                         0x08003d29   Thumb Code    38  board.o(i.rt_hw_board_init)
    rt_hw_console_getchar                    0x08003d51   Thumb Code    34  board.o(i.rt_hw_console_getchar)
    rt_hw_console_output                     0x08003d79   Thumb Code    66  board.o(i.rt_hw_console_output)
    rt_hw_hard_fault_exception               0x08003dc1   Thumb Code   186  cpuport.o(i.rt_hw_hard_fault_exception)
    rt_hw_stack_init                         0x08003fbd   Thumb Code    52  cpuport.o(i.rt_hw_stack_init)
    rt_interrupt_enter                       0x08003ff5   Thumb Code    22  irq.o(i.rt_interrupt_enter)
    rt_interrupt_leave                       0x08004011   Thumb Code    22  irq.o(i.rt_interrupt_leave)
    rt_kprintf                               0x0800402d   Thumb Code    28  kservice.o(i.rt_kprintf)
    rt_memmove                               0x080040a1   Thumb Code    50  kservice.o(i.rt_memmove)
    rt_memset                                0x080040d5   Thumb Code    70  kservice.o(i.rt_memset)
    rt_object_detach                         0x0800411b   Thumb Code    36  object.o(i.rt_object_detach)
    rt_object_get_information                0x08004141   Thumb Code    30  object.o(i.rt_object_get_information)
    rt_object_init                           0x08004165   Thumb Code    82  object.o(i.rt_object_init)
    rt_object_is_systemobject                0x080041b7   Thumb Code    14  object.o(i.rt_object_is_systemobject)
    rt_schedule                              0x080041c5   Thumb Code    76  scheduler.o(i.rt_schedule)
    rt_schedule_insert_thread                0x0800421d   Thumb Code    70  scheduler.o(i.rt_schedule_insert_thread)
    rt_schedule_remove_thread                0x0800426d   Thumb Code    64  scheduler.o(i.rt_schedule_remove_thread)
    rt_sem_init                              0x080042b5   Thumb Code    36  ipc.o(i.rt_sem_init)
    rt_show_version                          0x080042d9   Thumb Code    40  kservice.o(i.rt_show_version)
    rt_strlen                                0x08004389   Thumb Code    16  kservice.o(i.rt_strlen)
    rt_strncpy                               0x08004399   Thumb Code    38  kservice.o(i.rt_strncpy)
    rt_system_scheduler_init                 0x080043c1   Thumb Code    44  scheduler.o(i.rt_system_scheduler_init)
    rt_system_scheduler_start                0x080043f5   Thumb Code    32  scheduler.o(i.rt_system_scheduler_start)
    rt_system_timer_init                     0x0800441d   Thumb Code     8  timer.o(i.rt_system_timer_init)
    rt_system_timer_thread_init              0x08004429   Thumb Code     2  timer.o(i.rt_system_timer_thread_init)
    rt_thread_delay                          0x0800442b   Thumb Code     4  thread.o(i.rt_thread_delay)
    rt_thread_exit                           0x08004431   Thumb Code    82  thread.o(i.rt_thread_exit)
    rt_thread_idle_init                      0x08004491   Thumb Code    40  idle.o(i.rt_thread_idle_init)
    rt_thread_init                           0x080044c9   Thumb Code    48  thread.o(i.rt_thread_init)
    rt_thread_mdelay                         0x080044f9   Thumb Code    14  thread.o(i.rt_thread_mdelay)
    rt_thread_resume                         0x08004507   Thumb Code    60  thread.o(i.rt_thread_resume)
    rt_thread_self                           0x08004545   Thumb Code     6  thread.o(i.rt_thread_self)
    rt_thread_sleep                          0x08004551   Thumb Code    60  thread.o(i.rt_thread_sleep)
    rt_thread_startup                        0x08004591   Thumb Code    40  thread.o(i.rt_thread_startup)
    rt_thread_suspend                        0x080045bd   Thumb Code    66  thread.o(i.rt_thread_suspend)
    rt_thread_timeout                        0x080045ff   Thumb Code    32  thread.o(i.rt_thread_timeout)
    rt_thread_yield                          0x08004621   Thumb Code    86  thread.o(i.rt_thread_yield)
    rt_tick_from_millisecond                 0x08004681   Thumb Code    50  clock.o(i.rt_tick_from_millisecond)
    rt_tick_get                              0x080046b5   Thumb Code     6  clock.o(i.rt_tick_get)
    rt_tick_increase                         0x080046c1   Thumb Code    38  clock.o(i.rt_tick_increase)
    rt_timer_check                           0x080046ed   Thumb Code   136  timer.o(i.rt_timer_check)
    rt_timer_control                         0x08004779   Thumb Code    72  timer.o(i.rt_timer_control)
    rt_timer_detach                          0x080047c1   Thumb Code    40  timer.o(i.rt_timer_detach)
    rt_timer_init                            0x080047e9   Thumb Code    48  timer.o(i.rt_timer_init)
    rt_timer_start                           0x08004819   Thumb Code   126  timer.o(i.rt_timer_start)
    rt_timer_stop                            0x0800489d   Thumb Code    46  timer.o(i.rt_timer_stop)
    rt_vsnprintf                             0x080048cd   Thumb Code   634  kservice.o(i.rt_vsnprintf)
    rtthread_startup                         0x08004b61   Thumb Code    42  components.o(i.rtthread_startup)
    version                                  0x08004cb9   Thumb Code    10  cmd.o(i.version)
    F6x8                                     0x08004cc2   Data         760  gui.o(.constdata)
    F8X16                                    0x08004fba   Data        1520  gui.o(.constdata)
    cfont16                                  0x080055aa   Data         408  gui.o(.constdata)
    cfont24                                  0x08005742   Data         444  gui.o(.constdata)
    cfont32                                  0x080058fe   Data         780  gui.o(.constdata)
    AHBPrescTable                            0x08005c2e   Data          16  system_stm32f1xx.o(.constdata)
    APBPrescTable                            0x08005c3e   Data           8  system_stm32f1xx.o(.constdata)
    __lowest_bit_bitmap                      0x08005c46   Data         256  kservice.o(.constdata)
    __fsym_hello_name                        0x08005dac   Data           6  cmd.o(.rodata.name)
    __fsym_hello_desc                        0x08005db2   Data          16  cmd.o(.rodata.name)
    __fsym_version_name                      0x08005dc2   Data           8  cmd.o(.rodata.name)
    __fsym_version_desc                      0x08005dca   Data          35  cmd.o(.rodata.name)
    __fsym___cmd_version_name                0x08005ded   Data          14  cmd.o(.rodata.name)
    __fsym___cmd_version_desc                0x08005dfb   Data          35  cmd.o(.rodata.name)
    __fsym_list_thread_name                  0x08005e1e   Data          12  cmd.o(.rodata.name)
    __fsym_list_thread_desc                  0x08005e2a   Data          12  cmd.o(.rodata.name)
    __fsym___cmd_list_thread_name            0x08005e36   Data          18  cmd.o(.rodata.name)
    __fsym___cmd_list_thread_desc            0x08005e48   Data          12  cmd.o(.rodata.name)
    __fsym_list_sem_name                     0x08005e54   Data           9  cmd.o(.rodata.name)
    __fsym_list_sem_desc                     0x08005e5d   Data          25  cmd.o(.rodata.name)
    __fsym___cmd_list_sem_name               0x08005e76   Data          15  cmd.o(.rodata.name)
    __fsym___cmd_list_sem_desc               0x08005e85   Data          25  cmd.o(.rodata.name)
    __fsym_list_timer_name                   0x08005e9e   Data          11  cmd.o(.rodata.name)
    __fsym_list_timer_desc                   0x08005ea9   Data          21  cmd.o(.rodata.name)
    __fsym___cmd_list_timer_name             0x08005ebe   Data          17  cmd.o(.rodata.name)
    __fsym___cmd_list_timer_desc             0x08005ecf   Data          21  cmd.o(.rodata.name)
    __fsym_list_name                         0x08005ee4   Data           5  cmd.o(.rodata.name)
    __fsym_list_desc                         0x08005ee9   Data          26  cmd.o(.rodata.name)
    __fsym___cmd_help_name                   0x08005f03   Data          11  msh.o(.rodata.name)
    __fsym___cmd_help_desc                   0x08005f0e   Data          22  msh.o(.rodata.name)
    __fsym___cmd_ps_name                     0x08005f24   Data           9  msh.o(.rodata.name)
    __fsym___cmd_ps_desc                     0x08005f2d   Data          28  msh.o(.rodata.name)
    __rt_init_rti_start                      0x08005f4c   Data           4  components.o(.rti_fn.0)
    __rt_init_rti_board_start                0x08005f50   Data           4  components.o(.rti_fn.0.end)
    __rt_init_uart_init                      0x08005f54   Data           4  board.o(.rti_fn.1)
    __rt_init_rti_board_end                  0x08005f58   Data           4  components.o(.rti_fn.1.end)
    __rt_init_finsh_system_init              0x08005f5c   Data           4  shell.o(.rti_fn.6)
    __rt_init_rti_end                        0x08005f60   Data           4  components.o(.rti_fn.6.end)
    FSymTab$$Base                            0x08005f64   Number         0  cmd.o(FSymTab)
    __fsym_hello                             0x08005f64   Data          12  cmd.o(FSymTab)
    __fsym_version                           0x08005f70   Data          12  cmd.o(FSymTab)
    __fsym___cmd_version                     0x08005f7c   Data          12  cmd.o(FSymTab)
    __fsym_list_thread                       0x08005f88   Data          12  cmd.o(FSymTab)
    __fsym___cmd_list_thread                 0x08005f94   Data          12  cmd.o(FSymTab)
    __fsym_list_sem                          0x08005fa0   Data          12  cmd.o(FSymTab)
    __fsym___cmd_list_sem                    0x08005fac   Data          12  cmd.o(FSymTab)
    __fsym_list_timer                        0x08005fb8   Data          12  cmd.o(FSymTab)
    __fsym___cmd_list_timer                  0x08005fc4   Data          12  cmd.o(FSymTab)
    __fsym_list                              0x08005fd0   Data          12  cmd.o(FSymTab)
    __fsym___cmd_help                        0x08005fdc   Data          12  msh.o(FSymTab)
    __fsym___cmd_ps                          0x08005fe8   Data          12  msh.o(FSymTab)
    FSymTab$$Limit                           0x08005ff4   Number         0  msh.o(FSymTab)
    Region$$Table$$Base                      0x08005ff4   Number         0  anon$$obj.o(Region$$Table)
    Region$$Table$$Limit                     0x08006014   Number         0  anon$$obj.o(Region$$Table)
    DATE_Month                               0x20000000   Data           3  main.o(.data)
    DATE_Day                                 0x20000003   Data           3  main.o(.data)
    DATE_Hour                                0x20000006   Data           3  main.o(.data)
    DATE_Minute                              0x20000009   Data           3  main.o(.data)
    DATE_Second                              0x2000000c   Data           3  main.o(.data)
    DATE_Weekday                             0x2000000f   Data           3  main.o(.data)
    GetTime                                  0x20000012   Data           3  main.o(.data)
    GetDate                                  0x20000015   Data           4  main.o(.data)
    DATE_Year                                0x20000019   Data           5  main.o(.data)
    uwTickFreq                               0x20000020   Data           1  stm32f1xx_hal.o(.data)
    uwTickPrio                               0x20000024   Data           4  stm32f1xx_hal.o(.data)
    uwTick                                   0x20000028   Data           4  stm32f1xx_hal.o(.data)
    SystemCoreClock                          0x2000002c   Data           4  system_stm32f1xx.o(.data)
    rt_interrupt_nest                        0x20000034   Data           1  irq.o(.data)
    rt_current_priority                      0x20000068   Data           1  scheduler.o(.data)
    rt_current_thread                        0x2000006c   Data           4  scheduler.o(.data)
    rt_thread_ready_priority_group           0x20000070   Data           4  scheduler.o(.data)
    rt_thread_defunct                        0x20000074   Data           8  scheduler.o(.data)
    rt_interrupt_from_thread                 0x2000008c   Data           4  cpuport.o(.data)
    rt_interrupt_to_thread                   0x20000090   Data           4  cpuport.o(.data)
    rt_thread_switch_interrupt_flag          0x20000094   Data           4  cpuport.o(.data)
    _syscall_table_begin                     0x20000098   Data           4  shell.o(.data)
    _syscall_table_end                       0x2000009c   Data           4  shell.o(.data)
    _sysvar_table_begin                      0x200000a0   Data           4  shell.o(.data)
    _sysvar_table_end                        0x200000a4   Data           4  shell.o(.data)
    shell                                    0x200000ac   Data           4  shell.o(.data)
    __stdout                                 0x200000b0   Data           4  stdout.o(.data)
    hrtc                                     0x200000b4   Data          20  rtc.o(.bss)
    hspi2                                    0x200000c8   Data          88  spi.o(.bss)
    htim2                                    0x20000120   Data          72  tim.o(.bss)
    huart1                                   0x20000168   Data          72  usart.o(.bss)
    led1_thread                              0x200005b0   Data         120  app_rt_thread.o(.bss)
    rt_led1_thread_stack                     0x20000628   Data         128  app_rt_thread.o(.bss)
    main_thread                              0x20000aa8   Data         120  components.o(.bss)
    rt_thread_priority_table                 0x20000c98   Data         256  scheduler.o(.bss)
    _shell                                   0x200012dc   Data         120  shell.o(.bss)
    __initial_sp                             0x20001758   Data           0  startup_stm32f103xb.o(STACK)



==============================================================================

Memory Map of the image

  Image Entry point : 0x080000ed

  Load Region LR_IROM1 (Base: 0x08000000, Size: 0x000060c8, Max: 0x00010000, ABSOLUTE)

    Execution Region ER_IROM1 (Exec base: 0x08000000, Load base: 0x08000000, Size: 0x00006014, Max: 0x00010000, ABSOLUTE)

    Exec Addr    Load Addr    Size         Type   Attr      Idx    E Section Name        Object

    0x08000000   0x08000000   0x000000ec   Data   RO            3    RESET               startup_stm32f103xb.o
    0x080000ec   0x080000ec   0x00000000   Code   RO         4843  * .ARM.Collect$$$$00000000  mc_w.l(entry.o)
    0x080000ec   0x080000ec   0x00000004   Code   RO         5125    .ARM.Collect$$$$00000001  mc_w.l(entry2.o)
    0x080000f0   0x080000f0   0x00000004   Code   RO         5128    .ARM.Collect$$$$00000004  mc_w.l(entry5.o)
    0x080000f4   0x080000f4   0x00000000   Code   RO         5130    .ARM.Collect$$$$00000008  mc_w.l(entry7b.o)
    0x080000f4   0x080000f4   0x00000000   Code   RO         5132    .ARM.Collect$$$$0000000A  mc_w.l(entry8b.o)
    0x080000f4   0x080000f4   0x00000008   Code   RO         5133    .ARM.Collect$$$$0000000B  mc_w.l(entry9a.o)
    0x080000fc   0x080000fc   0x00000000   Code   RO         5135    .ARM.Collect$$$$0000000D  mc_w.l(entry10a.o)
    0x080000fc   0x080000fc   0x00000000   Code   RO         5137    .ARM.Collect$$$$0000000F  mc_w.l(entry11a.o)
    0x080000fc   0x080000fc   0x00000004   Code   RO         5126    .ARM.Collect$$$$00002712  mc_w.l(entry2.o)
    0x08000100   0x08000100   0x00000024   Code   RO            4    .text               startup_stm32f103xb.o
    0x08000124   0x08000124   0x000000f4   Code   RO         3737    .text               context_rvds.o
    0x08000218   0x08000218   0x00000024   Code   RO         4848    .text               mc_w.l(memcpya.o)
    0x0800023c   0x0800023c   0x00000024   Code   RO         4850    .text               mc_w.l(memseta.o)
    0x08000260   0x08000260   0x00000018   Code   RO         4852    .text               mc_w.l(strcat.o)
    0x08000278   0x08000278   0x00000018   Code   RO         4854    .text               mc_w.l(strncpy.o)
    0x08000290   0x08000290   0x0000000e   Code   RO         4856    .text               mc_w.l(strlen.o)
    0x0800029e   0x0800029e   0x00000012   Code   RO         4858    .text               mc_w.l(strcpy.o)
    0x080002b0   0x080002b0   0x0000001e   Code   RO         4860    .text               mc_w.l(strncmp.o)
    0x080002ce   0x080002ce   0x0000002c   Code   RO         5140    .text               mc_w.l(uidiv.o)
    0x080002fa   0x080002fa   0x00000002   PAD
    0x080002fc   0x080002fc   0x00000024   Code   RO         5155    .text               mc_w.l(init.o)
    0x08000320   0x08000320   0x0000000a   Code   RO         3782    i.$Sub$$main        components.o
    0x0800032a   0x0800032a   0x00000002   Code   RO          376    i.BusFault_Handler  stm32f1xx_it.o
    0x0800032c   0x0800032c   0x00000002   Code   RO          377    i.DebugMon_Handler  stm32f1xx_it.o
    0x0800032e   0x0800032e   0x00000004   Code   RO           13    i.Error_Handler     main.o
    0x08000332   0x08000332   0x00000068   Code   RO          480    i.GUI_ShowCHinese   gui.o
    0x0800039a   0x0800039a   0x00000002   PAD
    0x0800039c   0x0800039c   0x000000dc   Code   RO          481    i.GUI_ShowChar      gui.o
    0x08000478   0x08000478   0x00000098   Code   RO          482    i.GUI_ShowFont16    gui.o
    0x08000510   0x08000510   0x000000a0   Code   RO          483    i.GUI_ShowFont24    gui.o
    0x080005b0   0x080005b0   0x00000098   Code   RO          484    i.GUI_ShowFont32    gui.o
    0x08000648   0x08000648   0x00000052   Code   RO          486    i.GUI_ShowString    gui.o
    0x0800069a   0x0800069a   0x00000002   PAD
    0x0800069c   0x0800069c   0x00000024   Code   RO         1074    i.HAL_Delay         stm32f1xx_hal.o
    0x080006c0   0x080006c0   0x000001e0   Code   RO         1384    i.HAL_GPIO_Init     stm32f1xx_hal_gpio.o
    0x080008a0   0x080008a0   0x0000000a   Code   RO         1388    i.HAL_GPIO_WritePin  stm32f1xx_hal_gpio.o
    0x080008aa   0x080008aa   0x00000002   PAD
    0x080008ac   0x080008ac   0x0000000c   Code   RO         1078    i.HAL_GetTick       stm32f1xx_hal.o
    0x080008b8   0x080008b8   0x00000024   Code   RO         1085    i.HAL_Init          stm32f1xx_hal.o
    0x080008dc   0x080008dc   0x00000040   Code   RO         1086    i.HAL_InitTick      stm32f1xx_hal.o
    0x0800091c   0x0800091c   0x0000002c   Code   RO          446    i.HAL_MspInit       stm32f1xx_hal_msp.o
    0x08000948   0x08000948   0x0000001a   Code   RO         1544    i.HAL_NVIC_EnableIRQ  stm32f1xx_hal_cortex.o
    0x08000962   0x08000962   0x00000002   PAD
    0x08000964   0x08000964   0x00000040   Code   RO         1550    i.HAL_NVIC_SetPriority  stm32f1xx_hal_cortex.o
    0x080009a4   0x080009a4   0x00000024   Code   RO         1551    i.HAL_NVIC_SetPriorityGrouping  stm32f1xx_hal_cortex.o
    0x080009c8   0x080009c8   0x0000000c   Code   RO         1666    i.HAL_PWR_EnableBkUpAccess  stm32f1xx_hal_pwr.o
    0x080009d4   0x080009d4   0x000000a4   Code   RO         1345    i.HAL_RCCEx_GetPeriphCLKFreq  stm32f1xx_hal_rcc_ex.o
    0x08000a78   0x08000a78   0x000000ec   Code   RO         1346    i.HAL_RCCEx_PeriphCLKConfig  stm32f1xx_hal_rcc_ex.o
    0x08000b64   0x08000b64   0x0000012c   Code   RO         1242    i.HAL_RCC_ClockConfig  stm32f1xx_hal_rcc.o
    0x08000c90   0x08000c90   0x0000000c   Code   RO         1247    i.HAL_RCC_GetHCLKFreq  stm32f1xx_hal_rcc.o
    0x08000c9c   0x08000c9c   0x00000020   Code   RO         1249    i.HAL_RCC_GetPCLK1Freq  stm32f1xx_hal_rcc.o
    0x08000cbc   0x08000cbc   0x00000020   Code   RO         1250    i.HAL_RCC_GetPCLK2Freq  stm32f1xx_hal_rcc.o
    0x08000cdc   0x08000cdc   0x0000004c   Code   RO         1251    i.HAL_RCC_GetSysClockFreq  stm32f1xx_hal_rcc.o
    0x08000d28   0x08000d28   0x00000320   Code   RO         1254    i.HAL_RCC_OscConfig  stm32f1xx_hal_rcc.o
    0x08001048   0x08001048   0x00000002   Code   RO          970    i.HAL_RTCEx_RTCEventCallback  stm32f1xx_hal_rtc_ex.o
    0x0800104a   0x0800104a   0x00000002   Code   RO          971    i.HAL_RTCEx_RTCEventErrorCallback  stm32f1xx_hal_rtc_ex.o
    0x0800104c   0x0800104c   0x0000003e   Code   RO          972    i.HAL_RTCEx_RTCIRQHandler  stm32f1xx_hal_rtc_ex.o
    0x0800108a   0x0800108a   0x00000002   Code   RO          795    i.HAL_RTC_AlarmAEventCallback  stm32f1xx_hal_rtc.o
    0x0800108c   0x0800108c   0x00000034   Code   RO          796    i.HAL_RTC_AlarmIRQHandler  stm32f1xx_hal_rtc.o
    0x080010c0   0x080010c0   0x0000004e   Code   RO          800    i.HAL_RTC_GetDate   stm32f1xx_hal_rtc.o
    0x0800110e   0x0800110e   0x000000d8   Code   RO          802    i.HAL_RTC_GetTime   stm32f1xx_hal_rtc.o
    0x080011e6   0x080011e6   0x00000002   PAD
    0x080011e8   0x080011e8   0x00000094   Code   RO          803    i.HAL_RTC_Init      stm32f1xx_hal_rtc.o
    0x0800127c   0x0800127c   0x00000058   Code   RO          203    i.HAL_RTC_MspInit   rtc.o
    0x080012d4   0x080012d4   0x000000c4   Code   RO          809    i.HAL_RTC_SetDate   stm32f1xx_hal_rtc.o
    0x08001398   0x08001398   0x000000ac   Code   RO          810    i.HAL_RTC_SetTime   stm32f1xx_hal_rtc.o
    0x08001444   0x08001444   0x0000003a   Code   RO          811    i.HAL_RTC_WaitForSynchro  stm32f1xx_hal_rtc.o
    0x0800147e   0x0800147e   0x000000b2   Code   RO         2055    i.HAL_SPI_Init      stm32f1xx_hal_spi.o
    0x08001530   0x08001530   0x00000074   Code   RO          245    i.HAL_SPI_MspInit   spi.o
    0x080015a4   0x080015a4   0x0000016e   Code   RO         2063    i.HAL_SPI_Transmit  stm32f1xx_hal_spi.o
    0x08001712   0x08001712   0x00000028   Code   RO         1555    i.HAL_SYSTICK_Config  stm32f1xx_hal_cortex.o
    0x0800173a   0x0800173a   0x00000002   Code   RO         3072    i.HAL_TIMEx_BreakCallback  stm32f1xx_hal_tim_ex.o
    0x0800173c   0x0800173c   0x00000002   Code   RO         3073    i.HAL_TIMEx_CommutCallback  stm32f1xx_hal_tim_ex.o
    0x0800173e   0x0800173e   0x00000002   PAD
    0x08001740   0x08001740   0x00000068   Code   RO         3091    i.HAL_TIMEx_MasterConfigSynchronization  stm32f1xx_hal_tim_ex.o
    0x080017a8   0x080017a8   0x0000005a   Code   RO         2368    i.HAL_TIM_Base_Init  stm32f1xx_hal_tim.o
    0x08001802   0x08001802   0x00000002   PAD
    0x08001804   0x08001804   0x00000038   Code   RO          287    i.HAL_TIM_Base_MspInit  tim.o
    0x0800183c   0x0800183c   0x000000dc   Code   RO         2377    i.HAL_TIM_ConfigClockSource  stm32f1xx_hal_tim.o
    0x08001918   0x08001918   0x00000002   Code   RO         2402    i.HAL_TIM_IC_CaptureCallback  stm32f1xx_hal_tim.o
    0x0800191a   0x0800191a   0x00000166   Code   RO         2416    i.HAL_TIM_IRQHandler  stm32f1xx_hal_tim.o
    0x08001a80   0x08001a80   0x00000002   Code   RO         2419    i.HAL_TIM_OC_DelayElapsedCallback  stm32f1xx_hal_tim.o
    0x08001a82   0x08001a82   0x00000002   Code   RO         2446    i.HAL_TIM_PWM_PulseFinishedCallback  stm32f1xx_hal_tim.o
    0x08001a84   0x08001a84   0x00000002   Code   RO         2454    i.HAL_TIM_PeriodElapsedCallback  stm32f1xx_hal_tim.o
    0x08001a86   0x08001a86   0x00000002   Code   RO         2459    i.HAL_TIM_TriggerCallback  stm32f1xx_hal_tim.o
    0x08001a88   0x08001a88   0x00000064   Code   RO         3369    i.HAL_UART_Init     stm32f1xx_hal_uart.o
    0x08001aec   0x08001aec   0x00000070   Code   RO          329    i.HAL_UART_MspInit  usart.o
    0x08001b5c   0x08001b5c   0x0000009a   Code   RO         3377    i.HAL_UART_Transmit  stm32f1xx_hal_uart.o
    0x08001bf6   0x08001bf6   0x00000002   PAD
    0x08001bf8   0x08001bf8   0x000000b8   Code   RO          178    i.MX_GPIO_Init      gpio.o
    0x08001cb0   0x08001cb0   0x00000074   Code   RO          204    i.MX_RTC_Init       rtc.o
    0x08001d24   0x08001d24   0x00000038   Code   RO          691    i.MX_RT_Thread_Init  app_rt_thread.o
    0x08001d5c   0x08001d5c   0x00000044   Code   RO          246    i.MX_SPI2_Init      spi.o
    0x08001da0   0x08001da0   0x00000064   Code   RO          288    i.MX_TIM2_Init      tim.o
    0x08001e04   0x08001e04   0x00000038   Code   RO          330    i.MX_USART1_UART_Init  usart.o
    0x08001e3c   0x08001e3c   0x00000002   Code   RO          378    i.MemManage_Handler  stm32f1xx_it.o
    0x08001e3e   0x08001e3e   0x00000002   Code   RO          379    i.NMI_Handler       stm32f1xx_it.o
    0x08001e40   0x08001e40   0x00000024   Code   RO          614    i.OLED_Clear        oled.o
    0x08001e64   0x08001e64   0x0000004c   Code   RO          615    i.OLED_Display      oled.o
    0x08001eb0   0x08001eb0   0x000000d8   Code   RO          618    i.OLED_Init         oled.o
    0x08001f88   0x08001f88   0x00000038   Code   RO          619    i.OLED_Reset        oled.o
    0x08001fc0   0x08001fc0   0x00000024   Code   RO          620    i.OLED_Set_Pixel    oled.o
    0x08001fe4   0x08001fe4   0x00000048   Code   RO          622    i.OLED_WR_Byte      oled.o
    0x0800202c   0x0800202c   0x0000000c   Code   RO          380    i.RTC_Alarm_IRQHandler  stm32f1xx_it.o
    0x08002038   0x08002038   0x00000012   Code   RO          812    i.RTC_Bcd2ToByte    stm32f1xx_hal_rtc.o
    0x0800204a   0x0800204a   0x00000016   Code   RO          813    i.RTC_ByteToBcd2    stm32f1xx_hal_rtc.o
    0x08002060   0x08002060   0x000000ae   Code   RO          814    i.RTC_DateUpdate    stm32f1xx_hal_rtc.o
    0x0800210e   0x0800210e   0x00000034   Code   RO          815    i.RTC_EnterInitMode  stm32f1xx_hal_rtc.o
    0x08002142   0x08002142   0x00000002   PAD
    0x08002144   0x08002144   0x00000036   Code   RO          816    i.RTC_ExitInitMode  stm32f1xx_hal_rtc.o
    0x0800217a   0x0800217a   0x00000002   PAD
    0x0800217c   0x0800217c   0x0000000c   Code   RO          381    i.RTC_IRQHandler    stm32f1xx_it.o
    0x08002188   0x08002188   0x0000000e   Code   RO          817    i.RTC_ReadAlarmCounter  stm32f1xx_hal_rtc.o
    0x08002196   0x08002196   0x00000020   Code   RO          818    i.RTC_ReadTimeCounter  stm32f1xx_hal_rtc.o
    0x080021b6   0x080021b6   0x00000056   Code   RO          819    i.RTC_WeekDayNum    stm32f1xx_hal_rtc.o
    0x0800220c   0x0800220c   0x00000028   Code   RO          820    i.RTC_WriteAlarmCounter  stm32f1xx_hal_rtc.o
    0x08002234   0x08002234   0x00000028   Code   RO          821    i.RTC_WriteTimeCounter  stm32f1xx_hal_rtc.o
    0x0800225c   0x0800225c   0x00000020   Code   RO         2093    i.SPI_EndRxTxTransaction  stm32f1xx_hal_spi.o
    0x0800227c   0x0800227c   0x000000b8   Code   RO         2098    i.SPI_WaitFlagStateUntilTimeout  stm32f1xx_hal_spi.o
    0x08002334   0x08002334   0x00000012   Code   RO         4540    i.SysTick_Handler   board.o
    0x08002346   0x08002346   0x0000006e   Code   RO           14    i.SystemClock_Config  main.o
    0x080023b4   0x080023b4   0x00000068   Code   RO         3702    i.SystemCoreClockUpdate  system_stm32f1xx.o
    0x0800241c   0x0800241c   0x00000002   Code   RO         3703    i.SystemInit        system_stm32f1xx.o
    0x0800241e   0x0800241e   0x00000002   PAD
    0x08002420   0x08002420   0x0000000c   Code   RO          382    i.TIM2_IRQHandler   stm32f1xx_it.o
    0x0800242c   0x0800242c   0x0000006c   Code   RO         2461    i.TIM_Base_SetConfig  stm32f1xx_hal_tim.o
    0x08002498   0x08002498   0x00000014   Code   RO         2472    i.TIM_ETR_SetConfig  stm32f1xx_hal_tim.o
    0x080024ac   0x080024ac   0x00000010   Code   RO         2473    i.TIM_ITRx_SetConfig  stm32f1xx_hal_tim.o
    0x080024bc   0x080024bc   0x00000022   Code   RO         2479    i.TIM_TI1_ConfigInputStage  stm32f1xx_hal_tim.o
    0x080024de   0x080024de   0x00000024   Code   RO         2481    i.TIM_TI2_ConfigInputStage  stm32f1xx_hal_tim.o
    0x08002502   0x08002502   0x00000002   PAD
    0x08002504   0x08002504   0x000000b8   Code   RO         3395    i.UART_SetConfig    stm32f1xx_hal_uart.o
    0x080025bc   0x080025bc   0x00000078   Code   RO         3398    i.UART_WaitOnFlagUntilTimeout  stm32f1xx_hal_uart.o
    0x08002634   0x08002634   0x00000002   Code   RO          383    i.UsageFault_Handler  stm32f1xx_it.o
    0x08002636   0x08002636   0x00000002   PAD
    0x08002638   0x08002638   0x00000020   Code   RO         5019    i.__0printf$6       mc_w.l(printf6.o)
    0x08002658   0x08002658   0x00000028   Code   RO         5021    i.__0sprintf$6      mc_w.l(printf6.o)
    0x08002680   0x08002680   0x00000020   Code   RO         1557    i.__NVIC_SetPriority  stm32f1xx_hal_cortex.o
    0x080026a0   0x080026a0   0x00000044   Code   RO         3970    i.__rt_ffs          kservice.o
    0x080026e4   0x080026e4   0x0000000e   Code   RO         5165    i.__scatterload_copy  mc_w.l(handlers.o)
    0x080026f2   0x080026f2   0x00000002   Code   RO         5166    i.__scatterload_null  mc_w.l(handlers.o)
    0x080026f4   0x080026f4   0x0000000e   Code   RO         5167    i.__scatterload_zeroinit  mc_w.l(handlers.o)
    0x08002702   0x08002702   0x00000002   PAD
    0x08002704   0x08002704   0x0000009c   Code   RO         4700    i._msh_exec_cmd     msh.o
    0x080027a0   0x080027a0   0x000002f0   Code   RO         5026    i._printf_core      mc_w.l(printf6.o)
    0x08002a90   0x08002a90   0x00000024   Code   RO         5027    i._printf_post_padding  mc_w.l(printf6.o)
    0x08002ab4   0x08002ab4   0x0000002e   Code   RO         5028    i._printf_pre_padding  mc_w.l(printf6.o)
    0x08002ae2   0x08002ae2   0x00000002   PAD
    0x08002ae4   0x08002ae4   0x00000080   Code   RO         4277    i._rt_thread_init   thread.o
    0x08002b64   0x08002b64   0x00000006   Code   RO         4395    i._rt_timer_remove  timer.o
    0x08002b6a   0x08002b6a   0x0000000a   Code   RO         5030    i._sputc            mc_w.l(printf6.o)
    0x08002b74   0x08002b74   0x0000001c   Code   RO         4278    i._thread_cleanup_execute  thread.o
    0x08002b90   0x08002b90   0x000000e8   Code   RO         4475    i.bus_fault_track   cpuport.o
    0x08002c78   0x08002c78   0x0000000a   Code   RO         4701    i.cmd_ps            msh.o
    0x08002c82   0x08002c82   0x00000002   PAD
    0x08002c84   0x08002c84   0x00000060   Code   RO         4764    i.finsh_get_prompt  shell.o
    0x08002ce4   0x08002ce4   0x00000014   Code   RO         4767    i.finsh_set_prompt_mode  shell.o
    0x08002cf8   0x08002cf8   0x0000000c   Code   RO         4768    i.finsh_system_function_init  shell.o
    0x08002d04   0x08002d04   0x00000078   Code   RO         4769    i.finsh_system_init  shell.o
    0x08002d7c   0x08002d7c   0x0000028c   Code   RO         4771    i.finsh_thread_entry  shell.o
    0x08003008   0x08003008   0x00000018   Code   RO          331    i.fputc             usart.o
    0x08003020   0x08003020   0x00000078   Code   RO         4476    i.hard_fault_track  cpuport.o
    0x08003098   0x08003098   0x00000020   Code   RO         4588    i.hello             cmd.o
    0x080030b8   0x080030b8   0x00000030   Code   RO          693    i.led1_task_entry   app_rt_thread.o
    0x080030e8   0x080030e8   0x00000064   Code   RO         4589    i.list              cmd.o
    0x0800314c   0x0800314c   0x00000024   Code   RO         4590    i.list_find_init    cmd.o
    0x08003170   0x08003170   0x00000066   Code   RO         4591    i.list_get_next     cmd.o
    0x080031d6   0x080031d6   0x00000002   PAD
    0x080031d8   0x080031d8   0x00000140   Code   RO         4592    i.list_sem          cmd.o
    0x08003318   0x08003318   0x000001b8   Code   RO         4593    i.list_thread       cmd.o
    0x080034d0   0x080034d0   0x00000140   Code   RO         4594    i.list_timer        cmd.o
    0x08003610   0x08003610   0x000001c4   Code   RO           15    i.main              main.o
    0x080037d4   0x080037d4   0x0000000e   Code   RO         3783    i.main_thread_entry  components.o
    0x080037e2   0x080037e2   0x00000002   PAD
    0x080037e4   0x080037e4   0x000000d8   Code   RO         4477    i.mem_manage_fault_track  cpuport.o
    0x080038bc   0x080038bc   0x000000ac   Code   RO         4702    i.msh_auto_complete  msh.o
    0x08003968   0x08003968   0x00000064   Code   RO         4703    i.msh_exec          msh.o
    0x080039cc   0x080039cc   0x00000078   Code   RO         4704    i.msh_help          msh.o
    0x08003a44   0x08003a44   0x00000004   Code   RO         4705    i.msh_is_used       msh.o
    0x08003a48   0x08003a48   0x000000d0   Code   RO         4706    i.msh_split         msh.o
    0x08003b18   0x08003b18   0x00000018   Code   RO         4595    i.object_split      cmd.o
    0x08003b30   0x08003b30   0x00000130   Code   RO         3972    i.print_number      kservice.o
    0x08003c60   0x08003c60   0x0000003c   Code   RO         3784    i.rt_application_init  components.o
    0x08003c9c   0x08003c9c   0x0000001c   Code   RO         3785    i.rt_components_board_init  components.o
    0x08003cb8   0x08003cb8   0x0000001c   Code   RO         3786    i.rt_components_init  components.o
    0x08003cd4   0x08003cd4   0x0000001c   Code   RO         4210    i.rt_enter_critical  scheduler.o
    0x08003cf0   0x08003cf0   0x00000038   Code   RO         4211    i.rt_exit_critical  scheduler.o
    0x08003d28   0x08003d28   0x00000026   Code   RO         4541    i.rt_hw_board_init  board.o
    0x08003d4e   0x08003d4e   0x00000002   PAD
    0x08003d50   0x08003d50   0x00000028   Code   RO         4542    i.rt_hw_console_getchar  board.o
    0x08003d78   0x08003d78   0x00000048   Code   RO         4543    i.rt_hw_console_output  board.o
    0x08003dc0   0x08003dc0   0x000001fc   Code   RO         4481    i.rt_hw_hard_fault_exception  cpuport.o
    0x08003fbc   0x08003fbc   0x00000038   Code   RO         4482    i.rt_hw_stack_init  cpuport.o
    0x08003ff4   0x08003ff4   0x0000001c   Code   RO         3943    i.rt_interrupt_enter  irq.o
    0x08004010   0x08004010   0x0000001c   Code   RO         3945    i.rt_interrupt_leave  irq.o
    0x0800402c   0x0800402c   0x00000020   Code   RO         3975    i.rt_kprintf        kservice.o
    0x0800404c   0x0800404c   0x0000000e   Code   RO         4279    i.rt_list_insert_after  thread.o
    0x0800405a   0x0800405a   0x0000000e   Code   RO         4396    i.rt_list_insert_after  timer.o
    0x08004068   0x08004068   0x00000012   Code   RO         4596    i.rt_list_len       cmd.o
    0x0800407a   0x0800407a   0x00000012   Code   RO         4280    i.rt_list_remove    thread.o
    0x0800408c   0x0800408c   0x00000012   Code   RO         4397    i.rt_list_remove    timer.o
    0x0800409e   0x0800409e   0x00000002   PAD
    0x080040a0   0x080040a0   0x00000032   Code   RO         3979    i.rt_memmove        kservice.o
    0x080040d2   0x080040d2   0x00000002   PAD
    0x080040d4   0x080040d4   0x00000046   Code   RO         3980    i.rt_memset         kservice.o
    0x0800411a   0x0800411a   0x00000024   Code   RO         4144    i.rt_object_detach  object.o
    0x0800413e   0x0800413e   0x00000002   PAD
    0x08004140   0x08004140   0x00000024   Code   RO         4146    i.rt_object_get_information  object.o
    0x08004164   0x08004164   0x00000052   Code   RO         4150    i.rt_object_init    object.o
    0x080041b6   0x080041b6   0x0000000e   Code   RO         4151    i.rt_object_is_systemobject  object.o
    0x080041c4   0x080041c4   0x00000058   Code   RO         4212    i.rt_schedule       scheduler.o
    0x0800421c   0x0800421c   0x00000050   Code   RO         4213    i.rt_schedule_insert_thread  scheduler.o
    0x0800426c   0x0800426c   0x00000048   Code   RO         4214    i.rt_schedule_remove_thread  scheduler.o
    0x080042b4   0x080042b4   0x00000024   Code   RO         3892    i.rt_sem_init       ipc.o
    0x080042d8   0x080042d8   0x000000b0   Code   RO         3982    i.rt_show_version   kservice.o
    0x08004388   0x08004388   0x00000010   Code   RO         3987    i.rt_strlen         kservice.o
    0x08004398   0x08004398   0x00000026   Code   RO         3989    i.rt_strncpy        kservice.o
    0x080043be   0x080043be   0x00000002   PAD
    0x080043c0   0x080043c0   0x00000034   Code   RO         4215    i.rt_system_scheduler_init  scheduler.o
    0x080043f4   0x080043f4   0x00000028   Code   RO         4216    i.rt_system_scheduler_start  scheduler.o
    0x0800441c   0x0800441c   0x0000000c   Code   RO         4398    i.rt_system_timer_init  timer.o
    0x08004428   0x08004428   0x00000002   Code   RO         4399    i.rt_system_timer_thread_init  timer.o
    0x0800442a   0x0800442a   0x00000004   Code   RO         4282    i.rt_thread_delay   thread.o
    0x0800442e   0x0800442e   0x00000002   PAD
    0x08004430   0x08004430   0x0000005c   Code   RO         4285    i.rt_thread_exit    thread.o
    0x0800448c   0x0800448c   0x00000002   Code   RO         3857    i.rt_thread_idle_entry  idle.o
    0x0800448e   0x0800448e   0x00000002   PAD
    0x08004490   0x08004490   0x00000038   Code   RO         3860    i.rt_thread_idle_init  idle.o
    0x080044c8   0x080044c8   0x00000030   Code   RO         4287    i.rt_thread_init    thread.o
    0x080044f8   0x080044f8   0x0000000e   Code   RO         4288    i.rt_thread_mdelay  thread.o
    0x08004506   0x08004506   0x0000003c   Code   RO         4289    i.rt_thread_resume  thread.o
    0x08004542   0x08004542   0x00000002   PAD
    0x08004544   0x08004544   0x0000000c   Code   RO         4290    i.rt_thread_self    thread.o
    0x08004550   0x08004550   0x00000040   Code   RO         4291    i.rt_thread_sleep   thread.o
    0x08004590   0x08004590   0x0000002c   Code   RO         4292    i.rt_thread_startup  thread.o
    0x080045bc   0x080045bc   0x00000042   Code   RO         4293    i.rt_thread_suspend  thread.o
    0x080045fe   0x080045fe   0x00000020   Code   RO         4294    i.rt_thread_timeout  thread.o
    0x0800461e   0x0800461e   0x00000002   PAD
    0x08004620   0x08004620   0x00000060   Code   RO         4295    i.rt_thread_yield   thread.o
    0x08004680   0x08004680   0x00000032   Code   RO         3742    i.rt_tick_from_millisecond  clock.o
    0x080046b2   0x080046b2   0x00000002   PAD
    0x080046b4   0x080046b4   0x0000000c   Code   RO         3743    i.rt_tick_get       clock.o
    0x080046c0   0x080046c0   0x0000002c   Code   RO         3744    i.rt_tick_increase  clock.o
    0x080046ec   0x080046ec   0x0000008c   Code   RO         4400    i.rt_timer_check    timer.o
    0x08004778   0x08004778   0x00000048   Code   RO         4401    i.rt_timer_control  timer.o
    0x080047c0   0x080047c0   0x00000028   Code   RO         4402    i.rt_timer_detach   timer.o
    0x080047e8   0x080047e8   0x00000030   Code   RO         4403    i.rt_timer_init     timer.o
    0x08004818   0x08004818   0x00000084   Code   RO         4405    i.rt_timer_start    timer.o
    0x0800489c   0x0800489c   0x0000002e   Code   RO         4406    i.rt_timer_stop     timer.o
    0x080048ca   0x080048ca   0x00000002   PAD
    0x080048cc   0x080048cc   0x00000284   Code   RO         3992    i.rt_vsnprintf      kservice.o
    0x08004b50   0x08004b50   0x00000004   Code   RO         3787    i.rti_board_end     components.o
    0x08004b54   0x08004b54   0x00000004   Code   RO         3788    i.rti_board_start   components.o
    0x08004b58   0x08004b58   0x00000004   Code   RO         3789    i.rti_end           components.o
    0x08004b5c   0x08004b5c   0x00000004   Code   RO         3790    i.rti_start         components.o
    0x08004b60   0x08004b60   0x0000002a   Code   RO         3791    i.rtthread_startup  components.o
    0x08004b8a   0x08004b8a   0x00000028   Code   RO         3994    i.skip_atoi         kservice.o
    0x08004bb2   0x08004bb2   0x00000002   PAD
    0x08004bb4   0x08004bb4   0x00000034   Code   RO         4544    i.uart_init         board.o
    0x08004be8   0x08004be8   0x000000d0   Code   RO         4483    i.usage_fault_track  cpuport.o
    0x08004cb8   0x08004cb8   0x0000000a   Code   RO         4597    i.version           cmd.o
    0x08004cc2   0x08004cc2   0x00000f48   Data   RO          490    .constdata          gui.o
    0x08005c0a   0x08005c0a   0x00000012   Data   RO         1255    .constdata          stm32f1xx_hal_rcc.o
    0x08005c1c   0x08005c1c   0x00000012   Data   RO         1347    .constdata          stm32f1xx_hal_rcc_ex.o
    0x08005c2e   0x08005c2e   0x00000010   Data   RO         3704    .constdata          system_stm32f1xx.o
    0x08005c3e   0x08005c3e   0x00000008   Data   RO         3705    .constdata          system_stm32f1xx.o
    0x08005c46   0x08005c46   0x00000122   Data   RO         3996    .constdata          kservice.o
    0x08005d68   0x08005d68   0x00000044   Data   RO         4598    .conststring        cmd.o
    0x08005dac   0x08005dac   0x00000006   Data   RO         4599    .rodata.name        cmd.o
    0x08005db2   0x08005db2   0x00000010   Data   RO         4600    .rodata.name        cmd.o
    0x08005dc2   0x08005dc2   0x00000008   Data   RO         4601    .rodata.name        cmd.o
    0x08005dca   0x08005dca   0x00000023   Data   RO         4602    .rodata.name        cmd.o
    0x08005ded   0x08005ded   0x0000000e   Data   RO         4603    .rodata.name        cmd.o
    0x08005dfb   0x08005dfb   0x00000023   Data   RO         4604    .rodata.name        cmd.o
    0x08005e1e   0x08005e1e   0x0000000c   Data   RO         4605    .rodata.name        cmd.o
    0x08005e2a   0x08005e2a   0x0000000c   Data   RO         4606    .rodata.name        cmd.o
    0x08005e36   0x08005e36   0x00000012   Data   RO         4607    .rodata.name        cmd.o
    0x08005e48   0x08005e48   0x0000000c   Data   RO         4608    .rodata.name        cmd.o
    0x08005e54   0x08005e54   0x00000009   Data   RO         4609    .rodata.name        cmd.o
    0x08005e5d   0x08005e5d   0x00000019   Data   RO         4610    .rodata.name        cmd.o
    0x08005e76   0x08005e76   0x0000000f   Data   RO         4611    .rodata.name        cmd.o
    0x08005e85   0x08005e85   0x00000019   Data   RO         4612    .rodata.name        cmd.o
    0x08005e9e   0x08005e9e   0x0000000b   Data   RO         4613    .rodata.name        cmd.o
    0x08005ea9   0x08005ea9   0x00000015   Data   RO         4614    .rodata.name        cmd.o
    0x08005ebe   0x08005ebe   0x00000011   Data   RO         4615    .rodata.name        cmd.o
    0x08005ecf   0x08005ecf   0x00000015   Data   RO         4616    .rodata.name        cmd.o
    0x08005ee4   0x08005ee4   0x00000005   Data   RO         4617    .rodata.name        cmd.o
    0x08005ee9   0x08005ee9   0x0000001a   Data   RO         4618    .rodata.name        cmd.o
    0x08005f03   0x08005f03   0x0000000b   Data   RO         4707    .rodata.name        msh.o
    0x08005f0e   0x08005f0e   0x00000016   Data   RO         4708    .rodata.name        msh.o
    0x08005f24   0x08005f24   0x00000009   Data   RO         4709    .rodata.name        msh.o
    0x08005f2d   0x08005f2d   0x0000001c   Data   RO         4710    .rodata.name        msh.o
    0x08005f49   0x08005f49   0x00000003   PAD
    0x08005f4c   0x08005f4c   0x00000004   Data   RO         3793    .rti_fn.0           components.o
    0x08005f50   0x08005f50   0x00000004   Data   RO         3794    .rti_fn.0.end       components.o
    0x08005f54   0x08005f54   0x00000004   Data   RO         4546    .rti_fn.1           board.o
    0x08005f58   0x08005f58   0x00000004   Data   RO         3795    .rti_fn.1.end       components.o
    0x08005f5c   0x08005f5c   0x00000004   Data   RO         4774    .rti_fn.6           shell.o
    0x08005f60   0x08005f60   0x00000004   Data   RO         3796    .rti_fn.6.end       components.o
    0x08005f64   0x08005f64   0x00000078   Data   RO         4619    FSymTab             cmd.o
    0x08005fdc   0x08005fdc   0x00000018   Data   RO         4711    FSymTab             msh.o
    0x08005ff4   0x08005ff4   0x00000020   Data   RO         5163    Region$$Table       anon$$obj.o


    Execution Region RW_IRAM1 (Exec base: 0x20000000, Load base: 0x08006014, Size: 0x00001758, Max: 0x00005000, ABSOLUTE)

    Exec Addr    Load Addr    Size         Type   Attr      Idx    E Section Name        Object

    0x20000000   0x08006014   0x0000001e   Data   RW           16    .data               main.o
    0x2000001e   0x08006032   0x00000002   PAD
    0x20000020   0x08006034   0x0000000c   Data   RW         1092    .data               stm32f1xx_hal.o
    0x2000002c   0x08006040   0x00000004   Data   RW         3706    .data               system_stm32f1xx.o
    0x20000030   0x08006044   0x00000004   Data   RW         3746    .data               clock.o
    0x20000034   0x08006048   0x00000001   Data   RW         3946    .data               irq.o
    0x20000035   0x08006049   0x00000003   PAD
    0x20000038   0x0800604c   0x00000030   Data   RW         4153    .data               object.o
    0x20000068   0x0800607c   0x00000014   Data   RW         4218    .data               scheduler.o
    0x2000007c   0x08006090   0x0000000c   Data   RW         4407    .data               timer.o
    0x20000088   0x0800609c   0x00000004   Data   RW         4484    .data               cpuport.o
    0x2000008c   0x080060a0   0x00000004   Data   RW         4485    .data               cpuport.o
    0x20000090   0x080060a4   0x00000004   Data   RW         4486    .data               cpuport.o
    0x20000094   0x080060a8   0x00000004   Data   RW         4487    .data               cpuport.o
    0x20000098   0x080060ac   0x00000018   Data   RW         4773    .data               shell.o
    0x200000b0   0x080060c4   0x00000004   Data   RW         5139    .data               mc_w.l(stdout.o)
    0x200000b4        -       0x00000014   Zero   RW          205    .bss                rtc.o
    0x200000c8        -       0x00000058   Zero   RW          247    .bss                spi.o
    0x20000120        -       0x00000048   Zero   RW          289    .bss                tim.o
    0x20000168        -       0x00000048   Zero   RW          332    .bss                usart.o
    0x200001b0        -       0x00000400   Zero   RW          623    .bss                oled.o
    0x200005b0        -       0x000000f8   Zero   RW          694    .bss                app_rt_thread.o
    0x200006a8        -       0x00000478   Zero   RW         3792    .bss                components.o
    0x20000b20        -       0x000000f8   Zero   RW         3861    .bss                idle.o
    0x20000c18        -       0x00000080   Zero   RW         3995    .bss                kservice.o
    0x20000c98        -       0x00000100   Zero   RW         4217    .bss                scheduler.o
    0x20000d98        -       0x00000048   Zero   RW         4545    .bss                board.o
    0x20000de0        -       0x00000574   Zero   RW         4772    .bss                shell.o
    0x20001354   0x080060c8   0x00000004   PAD
    0x20001358        -       0x00000400   Zero   RW            1    STACK               startup_stm32f103xb.o


==============================================================================

Image component sizes


      Code (inc. data)   RO Data    RW Data    ZI Data      Debug   Object Name

       104         20          0          0        248       8467   app_rt_thread.o
       220         22          4          0         72       3942   board.o
       106         12          0          4          0       1956   clock.o
      1402        532        531          0          0      13604   cmd.o
       198         32         16          0       1144       6412   components.o
       244         28          0          0          0        836   context_rvds.o
      1340        718          0         16          0       5938   cpuport.o
       184         12          0          0          0        967   gpio.o
       870         26       3912          0          0       6958   gui.o
        58         16          0          0        248       1836   idle.o
        36          0          0          0          0       4222   ipc.o
        56         12          0          1          0       1758   irq.o
      1438        160        290          0        128      11353   kservice.o
       566         86          0         30          0     444407   main.o
       770        162         94          0          0       7401   msh.o
       168          6          0         48          0       6500   object.o
       492         28          0          0       1024       3725   oled.o
       204         20          0          0         20       1615   rtc.o
       416         56          0         20        256       8562   scheduler.o
       900        116          4         24       1396      10727   shell.o
       184         22          0          0         88       1641   spi.o
        36          8        236          0       1024        800   startup_stm32f103xb.o
       148         24          0         12          0       5399   stm32f1xx_hal.o
       198         14          0          0          0      28923   stm32f1xx_hal_cortex.o
       490         34          0          0          0       2880   stm32f1xx_hal_gpio.o
        44          6          0          0          0        826   stm32f1xx_hal_msp.o
        12          4          0          0          0        511   stm32f1xx_hal_pwr.o
      1252         90         18          0          0       5536   stm32f1xx_hal_rcc.o
       400         28         18          0          0       2461   stm32f1xx_hal_rcc_ex.o
      1454         16          0          0          0      13796   stm32f1xx_hal_rtc.o
        66          0          0          0          0       2089   stm32f1xx_hal_rtc_ex.o
       760          4          0          0          0       4370   stm32f1xx_hal_spi.o
       892         14          0          0          0       9557   stm32f1xx_hal_tim.o
       108         12          0          0          0       2389   stm32f1xx_hal_tim_ex.o
       558          6          0          0          0       3964   stm32f1xx_hal_uart.o
        46         18          0          0          0       3431   stm32f1xx_it.o
       106         22         24          4          0       1735   system_stm32f1xx.o
       720         44          0          0          0      12722   thread.o
       156         12          0          0         72       1646   tim.o
       530         20          0         12          0      10864   timer.o
       192         24          0          0         72       2190   usart.o

    ----------------------------------------------------------------------
     18180       2486       5182        176       5796     668916   Object Totals
         0          0         32          0          0          0   (incl. Generated)
        56          0          3          5          4          0   (incl. Padding)

    ----------------------------------------------------------------------

      Code (inc. data)   RO Data    RW Data    ZI Data      Debug   Library Member Name

         0          0          0          0          0          0   entry.o
         0          0          0          0          0          0   entry10a.o
         0          0          0          0          0          0   entry11a.o
         8          4          0          0          0          0   entry2.o
         4          0          0          0          0          0   entry5.o
         0          0          0          0          0          0   entry7b.o
         0          0          0          0          0          0   entry8b.o
         8          4          0          0          0          0   entry9a.o
        30          0          0          0          0          0   handlers.o
        36          8          0          0          0         68   init.o
        36          0          0          0          0         68   memcpya.o
        36          0          0          0          0        108   memseta.o
       916         20          0          0          0        504   printf6.o
         0          0          0          4          0          0   stdout.o
        24          0          0          0          0         68   strcat.o
        18          0          0          0          0         68   strcpy.o
        14          0          0          0          0         68   strlen.o
        30          0          0          0          0         80   strncmp.o
        24          0          0          0          0         76   strncpy.o
        44          0          0          0          0         80   uidiv.o

    ----------------------------------------------------------------------
      1234         36          0          4          0       1188   Library Totals
         6          0          0          0          0          0   (incl. Padding)

    ----------------------------------------------------------------------

      Code (inc. data)   RO Data    RW Data    ZI Data      Debug   Library Name

      1228         36          0          4          0       1188   mc_w.l

    ----------------------------------------------------------------------
      1234         36          0          4          0       1188   Library Totals

    ----------------------------------------------------------------------

==============================================================================


      Code (inc. data)   RO Data    RW Data    ZI Data      Debug   

     19414       2522       5182        180       5796     659388   Grand Totals
     19414       2522       5182        180       5796     659388   ELF Image Totals
     19414       2522       5182        180          0          0   ROM Totals

==============================================================================

    Total RO  Size (Code + RO Data)                24596 (  24.02kB)
    Total RW  Size (RW Data + ZI Data)              5976 (   5.84kB)
    Total ROM Size (Code + RO Data + RW Data)      24776 (  24.20kB)

==============================================================================

